11-12 23:39:34.677  7068  7068 I m140.bfb: Trimming OTHER: SingleLabelPickEntityPool's current size 3 to 0.00000, or 0
11-12 23:39:34.678  7068  7068 W m140.fhf: Shutting down renderer while it's not idle - phase is INVALID
11-12 23:39:34.679  7068  7068 I m140.bfb: Trimming OTHER: LoggingOp's current size 122 to 0.00000, or 0
11-12 23:39:34.680  7068  7068 I m140.bfb: Trimming OTHER: VertexBuilders's current size 1 to 0.00000, or 0
11-12 23:39:34.683  7068  7068 I m140.bfb: Trimming OTHER: NativeTessellators's current size 1 to 0.00000, or 0
11-12 23:39:34.684  7068  7068 I m140.bfb: Trimming OTHER: LabelSourceOp's current size 3 to 0.00000, or 0
11-12 23:39:34.684  7068  7068 I m140.bfb: Trimming POINTS_LABELS's current size 27 to 0.00000, or 0
11-12 23:39:34.685  7068  7068 E unknown:ViewManager: onDropViewInstance: view [8796] has a context that is not a ThemedReactContext: com.taxisafr.driver.MainActivity@86f83e8
11-12 23:39:35.268  7068  7068 D MapsInitializer: preferredRenderer: LATEST
11-12 23:39:35.268  7068  7068 D AirMapRenderer: LATEST
11-12 23:39:35.268  7068  7068 D MapsInitializer: preferredRenderer: null
11-12 23:39:35.268  7068  7068 D zzcc    : preferredRenderer: null
11-12 23:39:35.269  7068  7068 I Google Android Maps SDK: Google Play services package version: 254232035
11-12 23:39:35.269  7068  7068 I Google Android Maps SDK: Google Play services maps renderer version(maps_core): 253425402
11-12 23:39:35.274  7068  7068 I m140.cgm: FpsProfiler MAIN created on main
11-12 23:39:35.277  7068  7068 I m140.dwd: Map using legacy labeler
11-12 23:39:35.278  7068  7068 I m140.duy: Network fetching: false
11-12 23:39:35.279  7068  7068 I m140.duy: requestDrawingConfig for epoch 758 legend ROADMAP
11-12 23:39:35.279  7068  7604 I m140.duy: Network fetching: true
11-12 23:39:35.281  7068  7068 I m140.duy: Network fetching: true
11-12 23:39:35.281  7068  7604 I m140.duy: Network fetching: true
11-12 23:39:35.283  7068  7068 I m140.epf: Found 47 zoom mappings
11-12 23:39:35.283  7068  7068 I m140.epf: Zoom tables loaded
11-12 23:39:35.337  7068  7068 W [RNScreens]: backTitleVisible prop is not available on Android
11-12 23:39:35.337  7068  7068 W [RNScreens]: backTitleFontFamily prop is not available on Android
11-12 23:39:35.337  7068  7068 W [RNScreens]: disableBackButtonMenu prop is not available on Android
11-12 23:39:35.337  7068  7068 W [RNScreens]: largeTitleFontFamily prop is not available on Android
11-12 23:39:35.337  7068  7068 W [RNScreens]: largeTitleFontWeight prop is not available on Android
11-12 23:39:35.337  7068  7068 W [RNScreens]: largeTitleHideShadow prop is not available on Android
11-12 23:39:35.356  7068 10132 W unknown:ReactNative: StatusBarModule: Ignored status bar change, current activity is edge-to-edge.
11-12 23:39:35.545  7068  7068 W WindowOnBackDispatcher: sendCancelIfRunning: isInProgress=false callback=android.view.ViewRootImpl$$ExternalSyntheticLambda13@74b560f
11-12 23:39:35.593  7068 11607 W HWUI    : Image decoding logging dropped!
11-12 23:39:35.597  7068 11611 I m140.epf: Found 47 zoom mappings
11-12 23:39:35.598  7068 11611 I m140.epf: Zoom tables loaded
11-12 23:39:35.603  7068  7068 W WindowOnBackDispatcher: sendCancelIfRunning: isInProgress=false callback=android.view.ViewRootImpl$$ExternalSyntheticLambda13@7eb5b8a
11-12 23:39:35.607  7068 11611 I m140.epf: Found 47 zoom mappings
11-12 23:39:35.607  7068 11611 I m140.epf: Zoom tables loaded
11-12 23:39:35.646  7068  7604 W HWUI    : Image decoding logging dropped!
11-12 23:39:35.666  7068  7068 W WindowOnBackDispatcher: sendCancelIfRunning: isInProgress=false callback=android.view.ViewRootImpl$$ExternalSyntheticLambda13@36e4ddb
11-12 23:39:35.738  7068 11608 W HWUI    : Image decoding logging dropped!
11-12 23:39:35.739  7068 11608 W HWUI    : Image decoding logging dropped!
11-12 23:39:35.751  7068 11608 W HWUI    : Image decoding logging dropped!
11-12 23:39:35.756  7068 11608 W HWUI    : Image decoding logging dropped!
11-12 23:39:35.758  7068 11608 W HWUI    : Image decoding logging dropped!
11-12 23:39:35.818  7068 11608 I m140.cdc: Initial labeling completed.
11-12 23:39:35.869  7068 11002 W m140.few: Destroying egl surface
11-12 23:39:35.960  7068  7074 I taxisafr.driver: Background concurrent mark compact GC freed 22MB AllocSpace bytes, 219(11MB) LOS objects, 29% free, 56MB/80MB, paused 1.087ms,3.948ms total 241.355ms
11-12 23:39:44.010  7068  7068 W WindowOnBackDispatcher: sendCancelIfRunning: isInProgress=false callback=android.view.ViewRootImpl$$ExternalSyntheticLambda13@f07fc9e
11-12 23:39:49.062  7068  7082 I taxisafr.driver: Waiting for a blocking GC ProfileSaver
11-12 23:39:49.218  7068  7074 I taxisafr.driver: Background concurrent mark compact GC freed 21MB AllocSpace bytes, 42(5324KB) LOS objects, 33% free, 48MB/72MB, paused 515us,3.220ms total 183.587ms
11-12 23:39:49.221  7068  7082 I taxisafr.driver: WaitForGcToComplete blocked ProfileSaver on Background for 155.826ms
11-12 23:39:57.487  7068  7098 W unknown:BridgelessReact: ReactHost{0}.getOrCreateReloadTask()
11-12 23:39:57.487  7068  7098 W unknown:BridgelessReact: ReactHost{0}.raiseSoftException(getOrCreateReloadTask()): BridgelessDevSupportManager.handleReloadJS()
11-12 23:39:57.488  7068  7098 E unknown:ReactHost: Unhandled SoftException
11-12 23:39:57.488  7068  7098 E unknown:ReactHost: com.facebook.react.bridge.ReactNoCrashSoftException: raiseSoftException(getOrCreateReloadTask()): BridgelessDevSupportManager.handleReloadJS()
11-12 23:39:57.488  7068  7098 E unknown:ReactHost: 	at com.facebook.react.runtime.ReactHostImpl.raiseSoftException(ReactHostImpl.kt:787)
11-12 23:39:57.488  7068  7098 E unknown:ReactHost: 	at com.facebook.react.runtime.ReactHostImpl.raiseSoftException$default(ReactHostImpl.kt:779)
11-12 23:39:57.488  7068  7098 E unknown:ReactHost: 	at com.facebook.react.runtime.ReactHostImpl.getOrCreateReloadTask(ReactHostImpl.kt:1169)
11-12 23:39:57.488  7068  7098 E unknown:ReactHost: 	at com.facebook.react.runtime.ReactHostImpl.reload$lambda$7(ReactHostImpl.kt:374)
11-12 23:39:57.488  7068  7098 E unknown:ReactHost: 	at com.facebook.react.runtime.ReactHostImpl.$r8$lambda$GojbfAZ9Zd8e_RImDRCRdgNgynE(Unknown Source:0)
11-12 23:39:57.488  7068  7098 E unknown:ReactHost: 	at com.facebook.react.runtime.ReactHostImpl$$ExternalSyntheticLambda0.call(D8$$SyntheticClass:0)
11-12 23:39:57.488  7068  7098 E unknown:ReactHost: 	at com.facebook.react.runtime.internal.bolts.Task$Companion.call$lambda$2(Task.kt:315)
11-12 23:39:57.488  7068  7098 E unknown:ReactHost: 	at com.facebook.react.runtime.internal.bolts.Task$Companion.$r8$lambda$MFqd_-X5KhHmu0hvNE2Bec_4mJM(Unknown Source:0)
11-12 23:39:57.488  7068  7098 E unknown:ReactHost: 	at com.facebook.react.runtime.internal.bolts.Task$Companion$$ExternalSyntheticLambda1.run(D8$$SyntheticClass:0)
11-12 23:39:57.488  7068  7098 E unknown:ReactHost: 	at java.util.concurrent.ThreadPoolExecutor.runWorker(ThreadPoolExecutor.java:1156)
11-12 23:39:57.488  7068  7098 E unknown:ReactHost: 	at java.util.concurrent.ThreadPoolExecutor$Worker.run(ThreadPoolExecutor.java:651)
11-12 23:39:57.488  7068  7098 E unknown:ReactHost: 	at java.lang.Thread.run(Thread.java:1119)
11-12 23:39:57.488  7068  7098 W unknown:BridgelessReact: ReactHost{0}.getOrCreateReloadTask(): Resetting createReactInstance task ref
11-12 23:39:57.499  7068  7068 W unknown:BridgelessReact: ReactHost{0}.getOrCreateReloadTask(): Starting React Native reload
11-12 23:39:57.503  7068  7068 W unknown:BridgelessReact: ReactHost{0}.getOrCreateReloadTask(): Calling ReactContext.onHostPause()
11-12 23:39:57.509  7068  7068 W unknown:BridgelessReact: ReactHost{0}.raiseSoftException(callWithExistingReactInstance(callFunctionOnModule("RCTDeviceEventEmitter", "emit"))): Execute: reactInstance is null. Dropping work.
11-12 23:39:57.510  7068  7068 E unknown:ReactHost: Unhandled SoftException
11-12 23:39:57.510  7068  7068 E unknown:ReactHost: com.facebook.react.bridge.ReactNoCrashSoftException: raiseSoftException(callWithExistingReactInstance(callFunctionOnModule("RCTDeviceEventEmitter", "emit"))): Execute: reactInstance is null. Dropping work.
11-12 23:39:57.510  7068  7068 E unknown:ReactHost: 	at com.facebook.react.runtime.ReactHostImpl.raiseSoftException(ReactHostImpl.kt:787)
11-12 23:39:57.510  7068  7068 E unknown:ReactHost: 	at com.facebook.react.runtime.ReactHostImpl.raiseSoftException$default(ReactHostImpl.kt:779)
11-12 23:39:57.510  7068  7068 E unknown:ReactHost: 	at com.facebook.react.runtime.ReactHostImpl.callWithExistingReactInstance$lambda$28(ReactHostImpl.kt:802)
11-12 23:39:57.510  7068  7068 E unknown:ReactHost: 	at com.facebook.react.runtime.ReactHostImpl.$r8$lambda$6NreFt2BcPly8g6qrNV9Z1C-YmU(Unknown Source:0)
11-12 23:39:57.510  7068  7068 E unknown:ReactHost: 	at com.facebook.react.runtime.ReactHostImpl$$ExternalSyntheticLambda31.then(D8$$SyntheticClass:0)
11-12 23:39:57.510  7068  7068 E unknown:ReactHost: 	at com.facebook.react.runtime.internal.bolts.Task$Companion.completeImmediately$lambda$3(Task.kt:356)
11-12 23:39:57.510  7068  7068 E unknown:ReactHost: 	at com.facebook.react.runtime.internal.bolts.Task$Companion.$r8$lambda$b7MTC0ufkn_2TjF4BGcNqGR9qK0(Unknown Source:0)
11-12 23:39:57.510  7068  7068 E unknown:ReactHost: 	at com.facebook.react.runtime.internal.bolts.Task$Companion$$ExternalSyntheticLambda3.run(D8$$SyntheticClass:0)
11-12 23:39:57.510  7068  7068 E unknown:ReactHost: 	at com.facebook.react.runtime.internal.bolts.Executors$ImmediateExecutor.execute(Executors.kt:41)
11-12 23:39:57.510  7068  7068 E unknown:ReactHost: 	at com.facebook.react.runtime.internal.bolts.Task$Companion.completeImmediately(Task.kt:354)
11-12 23:39:57.510  7068  7068 E unknown:ReactHost: 	at com.facebook.react.runtime.internal.bolts.Task$Companion.access$completeImmediately(Task.kt:250)
11-12 23:39:57.510  7068  7068 E unknown:ReactHost: 	at com.facebook.react.runtime.internal.bolts.Task.continueWith(Task.kt:132)
11-12 23:39:57.510  7068  7068 E unknown:ReactHost: 	at com.facebook.react.runtime.internal.bolts.Task.continueWith$default(Task.kt:117)
11-12 23:39:57.510  7068  7068 E unknown:ReactHost: 	at com.facebook.react.runtime.internal.bolts.Task.onSuccess$lambda$12(Task.kt:174)
11-12 23:39:57.510  7068  7068 E unknown:ReactHost: 	at com.facebook.react.runtime.internal.bolts.Task.$r8$lambda$l0wwo5AvbHxlwfI1R7CH_codxoo(Unknown Source:0)
11-12 23:39:57.510  7068  7068 E unknown:ReactHost: 	at com.facebook.react.runtime.internal.bolts.Task$$ExternalSyntheticLambda2.then(D8$$SyntheticClass:0)
11-12 23:39:57.510  7068  7068 E unknown:ReactHost: 	at com.facebook.react.runtime.internal.bolts.Task$Companion.completeAfterTask$lambda$5(Task.kt:390)
11-12 23:39:57.510  7068  7068 E unknown:ReactHost: 	at com.facebook.react.runtime.internal.bolts.Task$Companion.$r8$lambda$IPpysnehFwANEiW061YzapkMdoE(Unknown Source:0)
11-12 23:39:57.510  7068  7068 E unknown:ReactHost: 	at com.facebook.react.runtime.internal.bolts.Task$Companion$$ExternalSyntheticLambda4.run(D8$$SyntheticClass:0)
11-12 23:39:57.510  7068  7068 E unknown:ReactHost: 	at com.facebook.react.runtime.internal.bolts.Executors$ImmediateExecutor.execute(Executors.kt:41)
11-12 23:39:57.510  7068  7068 E unknown:ReactHost: 	at com.facebook.react.runtime.internal.bolts.Task$Companion.completeAfterTask(Task.kt:388)
11-12 23:39:57.510  7068  7068 E unknown:ReactHost: 	at com.facebook.react.runtime.internal.bolts.Task$Companion.access$completeAfterTask(Task.kt:250)
11-12 23:39:57.510  7068  7068 E unknown:ReactHost: 	at com.facebook.react.runtime.internal.bolts.Task.continueWithTask(Task.kt:156)
11-12 23:39:57.510  7068  7068 E unknown:ReactHost: 	at com.facebook.react.runtime.internal.bolts.Task.onSuccess(Task.kt:169)
11-12 23:39:57.510  7068  7068 E unknown:ReactHost: 	at com.facebook.react.runtime.ReactHostImpl.callWithExistingReactInstance(ReactHostImpl.kt:798)
11-12 23:39:57.510  7068  7068 E unknown:ReactHost: 	at com.facebook.react.runtime.ReactHostImpl.callWithExistingReactInstance$default(ReactHostImpl.kt:791)
11-12 23:39:57.510  7068  7068 E unknown:ReactHost: 	at com.facebook.react.runtime.ReactHostImpl.callFunctionOnModule$ReactAndroid_debug(ReactHostImpl.kt:687)
11-12 23:39:57.510  7068  7068 E unknown:ReactHost: 	at com.facebook.react.runtime.BridgelessReactContext.emitDeviceEvent(BridgelessReactContext.kt:134)
11-12 23:39:57.510  7068  7068 E unknown:ReactHost: 	at com.facebook.react.modules.appstate.AppStateModule.sendEvent(AppStateModule.kt:71)
11-12 23:39:57.510  7068  7068 E unknown:ReactHost: 	at com.facebook.react.modules.appstate.AppStateModule.sendAppStateChangeEvent(AppStateModule.kt:75)
11-12 23:39:57.510  7068  7068 E unknown:ReactHost: 	at com.facebook.react.modules.appstate.AppStateModule.onHostPause(AppStateModule.kt:48)
11-12 23:39:57.510  7068  7068 E unknown:ReactHost: 	at com.facebook.react.bridge.ReactContext.onHostPause(ReactContext.java:302)
11-12 23:39:57.510  7068  7068 E unknown:ReactHost: 	at com.facebook.react.runtime.ReactHostImpl.getOrCreateReloadTask$lambda$48(ReactHostImpl.kt:1196)
11-12 23:39:57.510  7068  7068 E unknown:ReactHost: 	at com.facebook.react.runtime.ReactHostImpl.$r8$lambda$n_Y6aPKLobKy995EhenWeF-aRv4(Unknown Source:0)
11-12 23:39:57.510  7068  7068 E unknown:ReactHost: 	at com.facebook.react.runtime.ReactHostImpl$$ExternalSyntheticLambda8.then(D8$$SyntheticClass:0)
11-12 23:39:57.510  7068  7068 E unknown:ReactHost: 	at com.facebook.react.runtime.internal.bolts.Task$Companion.completeAfterTask$lambda$5(Task.kt:390)
11-12 23:39:57.510  7068  7068 E unknown:ReactHost: 	at com.facebook.react.runtime.internal.bolts.Task$Companion.$r8$lambda$IPpysnehFwANEiW061YzapkMdoE(Unknown Source:0)
11-12 23:39:57.510  7068  7068 E unknown:ReactHost: 	at com.facebook.react.runtime.internal.bolts.Task$Companion$$ExternalSyntheticLambda4.run(D8$$SyntheticClass:0)
11-12 23:39:57.510  7068  7068 E unknown:ReactHost: 	at android.os.Handler.handleCallback(Handler.java:995)
11-12 23:39:57.510  7068  7068 E unknown:ReactHost: 	at android.os.Handler.dispatchMessage(Handler.java:103)
11-12 23:39:57.510  7068  7068 E unknown:ReactHost: 	at android.os.Looper.loopOnce(Looper.java:248)
11-12 23:39:57.510  7068  7068 E unknown:ReactHost: 	at android.os.Looper.loop(Looper.java:338)
11-12 23:39:57.510  7068  7068 E unknown:ReactHost: 	at android.app.ActivityThread.main(ActivityThread.java:9067)
11-12 23:39:57.510  7068  7068 E unknown:ReactHost: 	at java.lang.reflect.Method.invoke(Native Method)
11-12 23:39:57.510  7068  7068 E unknown:ReactHost: 	at com.android.internal.os.RuntimeInit$MethodAndArgsCaller.run(RuntimeInit.java:593)
11-12 23:39:57.510  7068  7068 E unknown:ReactHost: 	at com.android.internal.os.ZygoteInit.main(ZygoteInit.java:932)
11-12 23:39:57.518  7068  7098 W unknown:BridgelessReact: ReactHost{0}.getOrCreateReloadTask(): Stopping all React Native surfaces
11-12 23:39:57.518  7068  7098 E unknown:SurfaceMountingManager: Stopping surface [11]
11-12 23:39:57.520  7068  7068 E unknown:SurfaceMountingManager: Surface [11] was stopped on SurfaceMountingManager.
11-12 23:39:57.529  7068  7098 E unknown:SurfaceMountingManager: Stopping surface [1]
11-12 23:39:57.540  7068  7068 D Google Android Maps SDK: For capability in capabilities, log:
11-12 23:39:57.540  7068  7068 D Google Android Maps SDK: "AdvancedMarkers: false: Capabilities unavailable without a Map ID."Data-driven styling: false
11-12 23:39:57.545  7068 11002 W m140.few: Destroying egl context
11-12 23:39:57.553  7068  7068 W m140.fhf: Shutting down renderer while it's not idle - phase is INVALID
11-12 23:39:57.554  7068  7068 I m140.bfb: Trimming OTHER: SingleLabelPickEntityPool's current size 1 to 0.00000, or 0
11-12 23:39:57.555  7068  7068 I m140.bfb: Trimming POINTS_LABELS's current size 3 to 0.00000, or 0
11-12 23:39:57.556  7068  7068 I m140.bfb: Trimming OTHER: VertexBuilders's current size 1 to 0.00000, or 0
11-12 23:39:57.558  7068  7068 I m140.bfb: Trimming OTHER: LoggingOp's current size 39 to 0.00000, or 0
11-12 23:39:57.559  7068  7068 I m140.bfb: Trimming OTHER: LabelSourceOp's current size 3 to 0.00000, or 0
11-12 23:39:57.560  7068  7068 I m140.bfb: Trimming LINE_LABELS's current size 11 to 0.00000, or 0
11-12 23:39:57.561  7068  7068 I m140.bfb: Trimming POINTS_LABELS's current size 5 to 0.00000, or 0
11-12 23:39:57.561  7068  7068 I m140.bfb: Trimming OTHER: NativeTessellators's current size 1 to 0.00000, or 0
11-12 23:39:57.564  7068  7068 E unknown:ViewManager: onDropViewInstance: view [5814] has a context that is not a ThemedReactContext: com.taxisafr.driver.MainActivity@86f83e8
11-12 23:39:57.566  7068  7068 D Google Android Maps SDK: For capability in capabilities, log:
11-12 23:39:57.566  7068  7068 D Google Android Maps SDK: "AdvancedMarkers: false: Capabilities unavailable without a Map ID."Data-driven styling: false
11-12 23:39:57.567  7068 11607 W m140.few: Destroying egl surface
11-12 23:39:57.568  7068 11607 W m140.few: Destroying egl context
11-12 23:39:57.569  7068  7068 W m140.fhf: Shutting down renderer while it's not idle - phase is INVALID
11-12 23:39:57.570  7068  7068 I m140.bfb: Trimming POINTS_LABELS's current size 21 to 0.00000, or 0
11-12 23:39:57.574  7068  7068 E unknown:ViewManager: onDropViewInstance: view [9132] has a context that is not a ThemedReactContext: com.taxisafr.driver.MainActivity@86f83e8
11-12 23:39:57.575  7068  7068 E unknown:SurfaceMountingManager: Surface [1] was stopped on SurfaceMountingManager.
11-12 23:39:57.591  7068  7068 W unknown:BridgelessReact: ReactHost{0}.getOrCreateReloadTask(): Removing memory pressure listener
11-12 23:39:57.592  7068  7068 W unknown:BridgelessReact: ReactHost{0}.getOrCreateReloadTask(): Resetting ReactContext ref
11-12 23:39:57.592  7068  7068 W unknown:BridgelessReact: ReactHost{0}.getOrCreateReloadTask(): Destroying ReactContext
11-12 23:39:57.592  7068  7068 W unknown:BridgelessReact: ReactHost{0}.getOrCreateReloadTask(): Calling DevSupportManager.onReactInstanceDestroyed(reactContext)
11-12 23:39:57.595  7068  7068 W unknown:ReactNative: Packager connection already open, nooping.
11-12 23:39:57.698  7068 10132 W unknown:ReactNative: StatusBarModule: Ignored status bar change, current activity is edge-to-edge.
11-12 23:39:57.702  7068 10132 D LocationUpdateModule: Location service stopped
11-12 23:39:57.703  7068 10131 I ReactNativeJS: ✅ Location tracking stopped successfully
11-12 23:39:57.720  7068  7068 I taxisafr.driver: Explicit concurrent mark compact GC freed 18MB AllocSpace bytes, 8(184KB) LOS objects, 34% free, 44MB/68MB, paused 443us,4.622ms total 124.678ms
11-12 23:39:57.722  7068  7098 W unknown:BridgelessReact: ReactHost{0}.getOrCreateReloadTask(): Resetting ReactInstance ptr
11-12 23:39:57.722  7068  7098 W unknown:BridgelessReact: ReactHost{0}.getOrCreateReloadTask(): Destroying ReactInstance
11-12 23:39:57.790  7068  7098 I ExpoModulesCore: ✅ ModuleRegistry was destroyed
11-12 23:39:57.810  7068  7098 I ExpoModulesCore: ✅ AppContext was destroyed
11-12 23:39:57.813  7068  7098 I ExpoModulesCore: ✅ KotlinInteropModuleRegistry was destroyed
11-12 23:39:57.842  7068  7098 W unknown:ReactNative: Tried to enqueue runnable on already finished thread: 'v_native... dropping Runnable.
11-12 23:39:57.844  7068  7098 W unknown:ReactNative: Tried to enqueue runnable on already finished thread: 'v_native... dropping Runnable.
11-12 23:39:57.846  7068  7098 E unknown:ReactNative: Tried to remove non-existent frame callback
11-12 23:39:57.880  7068  7098 W unknown:ReactNative: Tried to enqueue runnable on already finished thread: 'v_native... dropping Runnable.
11-12 23:39:57.884  7068  7098 W unknown:ReactNative: Tried to enqueue runnable on already finished thread: 'v_native... dropping Runnable.
11-12 23:39:57.889  7068  7098 W unknown:ReactNative: Tried to enqueue runnable on already finished thread: 'v_native... dropping Runnable.
11-12 23:39:57.889  7068  7098 W unknown:ReactNative: Tried to enqueue runnable on already finished thread: 'v_native... dropping Runnable.
11-12 23:39:57.892  7068  7098 W unknown:ReactNative: Tried to enqueue runnable on already finished thread: 'v_native... dropping Runnable.
11-12 23:39:57.892  7068  7098 W unknown:ReactNative: Tried to enqueue runnable on already finished thread: 'v_native... dropping Runnable.
11-12 23:39:57.892  7068  7098 W unknown:ReactNative: Tried to enqueue runnable on already finished thread: 'v_native... dropping Runnable.
11-12 23:39:57.892  7068  7098 W unknown:ReactNative: Tried to enqueue runnable on already finished thread: 'v_native... dropping Runnable.
11-12 23:39:57.892  7068  7098 W unknown:ReactNative: Tried to enqueue runnable on already finished thread: 'v_native... dropping Runnable.
11-12 23:39:57.892  7068  7098 W unknown:ReactNative: Tried to enqueue runnable on already finished thread: 'v_native... dropping Runnable.
11-12 23:39:57.892  7068  7098 W unknown:ReactNative: Tried to enqueue runnable on already finished thread: 'v_native... dropping Runnable.
11-12 23:39:57.892  7068  7098 W unknown:ReactNative: Tried to enqueue runnable on already finished thread: 'v_native... dropping Runnable.
11-12 23:39:57.893  7068  7098 W unknown:ReactNative: Tried to enqueue runnable on already finished thread: 'v_native... dropping Runnable.
11-12 23:39:57.893  7068  7098 W unknown:ReactNative: Tried to enqueue runnable on already finished thread: 'v_native... dropping Runnable.
11-12 23:39:57.893  7068  7098 W unknown:ReactNative: Tried to enqueue runnable on already finished thread: 'v_native... dropping Runnable.
11-12 23:39:57.894  7068  7098 W unknown:ReactNative: Tried to enqueue runnable on already finished thread: 'v_native... dropping Runnable.
11-12 23:39:57.894  7068  7098 W unknown:ReactNative: Tried to enqueue runnable on already finished thread: 'v_native... dropping Runnable.
11-12 23:39:57.894  7068  7098 W unknown:ReactNative: Tried to enqueue runnable on already finished thread: 'v_native... dropping Runnable.
11-12 23:39:57.924  7068  7098 W unknown:ReactNative: Tried to enqueue runnable on already finished thread: 'v_native... dropping Runnable.
11-12 23:39:57.926  7068  7098 W unknown:ReactNative: Tried to enqueue runnable on already finished thread: 'v_native... dropping Runnable.
11-12 23:39:57.926  7068  7098 W unknown:ReactNative: Tried to enqueue runnable on already finished thread: 'v_native... dropping Runnable.
11-12 23:39:57.927  7068  7098 W unknown:ReactNative: Tried to enqueue runnable on already finished thread: 'v_native... dropping Runnable.
11-12 23:39:57.927  7068  7098 W unknown:ReactNative: Tried to enqueue runnable on already finished thread: 'v_native... dropping Runnable.
11-12 23:39:57.928  7068  7098 W unknown:ReactNative: Tried to enqueue runnable on already finished thread: 'v_native... dropping Runnable.
11-12 23:39:57.930  7068  7098 W unknown:ReactNative: Tried to enqueue runnable on already finished thread: 'v_native... dropping Runnable.
11-12 23:39:57.930  7068  7098 W unknown:ReactNative: Tried to enqueue runnable on already finished thread: 'v_native... dropping Runnable.
11-12 23:39:57.930  7068  7098 W unknown:ReactNative: Tried to enqueue runnable on already finished thread: 'v_native... dropping Runnable.
11-12 23:39:57.930  7068  7098 W unknown:ReactNative: Tried to enqueue runnable on already finished thread: 'v_native... dropping Runnable.
11-12 23:39:57.930  7068  7098 W unknown:ReactNative: Tried to enqueue runnable on already finished thread: 'v_native... dropping Runnable.
11-12 23:39:57.931  7068  7098 W unknown:ReactNative: Tried to enqueue runnable on already finished thread: 'v_native... dropping Runnable.
11-12 23:39:57.933  7068  7098 W unknown:ReactNative: Tried to enqueue runnable on already finished thread: 'v_native... dropping Runnable.
11-12 23:39:57.934  7068  7098 W unknown:ReactNative: Tried to enqueue runnable on already finished thread: 'v_native... dropping Runnable.
11-12 23:39:57.936  7068  7098 W unknown:ReactNative: Tried to enqueue runnable on already finished thread: 'v_native... dropping Runnable.
11-12 23:39:57.936  7068  7098 W unknown:ReactNative: Tried to enqueue runnable on already finished thread: 'v_native... dropping Runnable.
11-12 23:39:58.108  7068  7098 W unknown:BridgelessReact: ReactHost{0}.getOrCreateReloadTask(): Resetting start task ref
11-12 23:39:58.108  7068  7098 W unknown:BridgelessReact: ReactHost{0}.getOrCreateReactInstanceTask()
11-12 23:39:58.109  7068  7098 W unknown:BridgelessReact: ReactHost{0}.getOrCreateReactInstanceTask(): Start
11-12 23:39:58.109  7068  7098 W unknown:BridgelessReact: ReactHost{0}.getJSBundleLoader()
11-12 23:39:58.109  7068  7098 W unknown:BridgelessReact: ReactHost{0}.isMetroRunning()
11-12 23:39:58.118  7068 11635 W unknown:BridgelessReact: ReactHost{0}.isMetroRunning(): Async result = true
11-12 23:39:58.118  7068  7098 W unknown:BridgelessReact: ReactHost{0}.loadJSBundleFromMetro()
11-12 23:39:58.630  7068 11635 W unknown:BridgelessReact: ReactHost{0}.loadJSBundleFromMetro(): Creating BundleLoader
11-12 23:39:58.630  7068  7068 W WindowOnBackDispatcher: sendCancelIfRunning: isInProgress=false callback=android.view.ViewRootImpl$$ExternalSyntheticLambda13@f9b11a7
11-12 23:39:58.630  7068  7098 W unknown:BridgelessReact: ReactHost{0}.getOrCreateReactContext(): Creating BridgelessReactContext
11-12 23:39:58.631  7068  7098 W unknown:BridgelessReact: ReactHost{0}.getOrCreateReactInstanceTask(): Creating ReactInstance
11-12 23:39:58.634  7068  7098 W unknown:ReactNative: Inspector connection already open, nooping.
11-12 23:39:58.679  7068  7098 I ExpoModulesCore: ✅ AppContext was initialized
11-12 23:39:58.742  7068  7098 W unknown:BridgelessReact: ReactHost{0}.getOrCreateReactInstanceTask(): Loading JS Bundle
11-12 23:39:58.742  7068  7098 W unknown:BridgelessReact: ReactHost{0}.getOrCreateReactInstanceTask(): Calling DevSupportManagerBase.onNewReactContextCreated(reactContext)
11-12 23:39:58.743  7068  7098 W unknown:BridgelessReact: ReactHost{0}.getOrCreateReloadTask(): Restarting previously running React Native Surfaces
11-12 23:39:58.743  7068  7068 W unknown:ReactNative: Packager connection already open, nooping.
11-12 23:39:58.743  7068  7068 W unknown:BridgelessReact: ReactContext.onHostResume()
11-12 23:39:58.743  7068  7098 W unknown:BridgelessReact: ReactHost{0}.getOrCreateReloadTask(): Resetting reload task ref
11-12 23:39:58.743  7068  7068 W unknown:BridgelessReact: ReactHost{0}.getOrCreateReactInstanceTask(): Executing ReactInstanceEventListeners
11-12 23:39:59.048  7068 11637 W [RNScreens]: InsetObserverProxy registers on new context while it has not been invalidated on the old one. Please report this as issue at https://github.com/software-mansion/react-native-screens/issues
11-12 23:39:59.050  7068 11637 W unknown:ViewManagerPropertyUpdater: Could not find generated setter for class com.reactnativekeyboardcontroller.OverKeyboardViewManager
11-12 23:39:59.053  7068 11637 W unknown:ViewManagerPropertyUpdater: Could not find generated setter for class com.reactnativekeyboardcontroller.views.overlay.OverKeyboardHostShadowNode
11-12 23:39:59.054  7068 11637 W unknown:ViewManagerPropertyUpdater: Could not find generated setter for class com.rnmaps.maps.MapUrlTileManager
11-12 23:39:59.054  7068 11637 W unknown:ViewManagerPropertyUpdater: Could not find generated setter for class com.facebook.react.uimanager.LayoutShadowNode
11-12 23:39:59.055  7068 11637 W unknown:ViewManagerPropertyUpdater: Could not find generated setter for class com.swmansion.rnscreens.ScreenFooterManager
11-12 23:39:59.055  7068 11637 W unknown:ViewManagerPropertyUpdater: Could not find generated setter for class com.swmansion.rnscreens.gamma.tabs.TabScreenViewManager
11-12 23:39:59.056  7068 11637 W unknown:ViewManagerPropertyUpdater: Could not find generated setter for class com.rnmaps.maps.MapManager
11-12 23:39:59.057  7068 11637 W unknown:ViewManagerPropertyUpdater: Could not find generated setter for class com.swmansion.rnscreens.ScreenContainerViewManager
11-12 23:39:59.057  7068 11637 W unknown:ViewManagerPropertyUpdater: Could not find generated setter for class com.swmansion.rnscreens.gamma.tabs.TabsHostViewManager
11-12 23:39:59.058  7068 11637 W unknown:ViewManagerPropertyUpdater: Could not find generated setter for class com.rnmaps.maps.MapMarkerManager
11-12 23:39:59.059  7068 11637 W unknown:ViewManagerPropertyUpdater: Could not find generated setter for class com.rnmaps.maps.MapLocalTileManager
11-12 23:39:59.060  7068 11637 W unknown:ViewManagerPropertyUpdater: Could not find generated setter for class com.swmansion.rnscreens.ModalScreenViewManager
11-12 23:39:59.061  7068 11637 W unknown:ViewManagerPropertyUpdater: Could not find generated setter for class com.rnmaps.maps.MapPolylineManager
11-12 23:39:59.061  7068 11637 W unknown:ViewManagerPropertyUpdater: Could not find generated setter for class com.rnmaps.maps.MapCircleManager
11-12 23:39:59.062  7068 11637 W unknown:ViewManagerPropertyUpdater: Could not find generated setter for class com.reactnativekeyboardcontroller.KeyboardGestureAreaViewManager
11-12 23:39:59.062  7068 11637 W unknown:ViewManagerPropertyUpdater: Could not find generated setter for class com.th3rdwave.safeareacontext.SafeAreaViewManager
11-12 23:39:59.063  7068 11637 W unknown:ViewManagerPropertyUpdater: Could not find generated setter for class com.th3rdwave.safeareacontext.SafeAreaViewShadowNode
11-12 23:39:59.063  7068 11637 W unknown:ViewManagerPropertyUpdater: Could not find generated setter for class com.swmansion.rnscreens.ScreenViewManager
11-12 23:39:59.064  7068 11637 W unknown:ViewManagerPropertyUpdater: Could not find generated setter for class expo.modules.kotlin.views.GroupViewManagerWrapper
11-12 23:39:59.065  7068 11637 W unknown:ViewManagerPropertyUpdater: Could not find generated setter for class expo.modules.kotlin.views.SimpleViewManagerWrapper
11-12 23:39:59.067  7068 11637 W unknown:ViewManagerPropertyUpdater: Could not find generated setter for class com.swmansion.rnscreens.ScreenStackViewManager
11-12 23:39:59.067  7068 11637 W unknown:ViewManagerPropertyUpdater: Could not find generated setter for class com.rnmaps.maps.MapCalloutManager
11-12 23:39:59.067  7068 11637 W unknown:ViewManagerPropertyUpdater: Could not find generated setter for class com.th3rdwave.safeareacontext.SafeAreaProviderManager
11-12 23:39:59.068  7068 11637 W unknown:ViewManagerPropertyUpdater: Could not find generated setter for class com.swmansion.rnscreens.SearchBarManager
11-12 23:39:59.069  7068 11637 W unknown:ViewManagerPropertyUpdater: Could not find generated setter for class com.rnmaps.maps.MapGradientPolylineManager
11-12 23:39:59.069  7068 11637 W unknown:ViewManagerPropertyUpdater: Could not find generated setter for class com.rnmaps.maps.MapHeatmapManager
11-12 23:39:59.070  7068 11637 W unknown:ViewManagerPropertyUpdater: Could not find generated setter for class com.reactnativekeyboardcontroller.KeyboardControllerViewManager
11-12 23:39:59.070  7068 11637 W unknown:ViewManagerPropertyUpdater: Could not find generated setter for class com.rnmaps.maps.MapWMSTileManager
11-12 23:39:59.071  7068 11637 W unknown:ViewManagerPropertyUpdater: Could not find generated setter for class com.swmansion.rnscreens.ScreenStackHeaderConfigViewManager
11-12 23:39:59.071  7068 11637 W unknown:ViewManagerPropertyUpdater: Could not find generated setter for class com.swmansion.rnscreens.ScreenContentWrapperManager
11-12 23:39:59.071  7068 11637 W unknown:ViewManagerPropertyUpdater: Could not find generated setter for class com.rnmaps.maps.MapPolygonManager
11-12 23:39:59.072  7068 11637 W unknown:ViewManagerPropertyUpdater: Could not find generated setter for class com.swmansion.rnscreens.ScreenStackHeaderSubviewManager
11-12 23:39:59.072  7068 11637 W unknown:ViewManagerPropertyUpdater: Could not find generated setter for class com.reactnativecommunity.picker.ReactDialogPickerManager
11-12 23:39:59.073  7068 11637 W unknown:ViewManagerPropertyUpdater: Could not find generated setter for class com.reactnativecommunity.picker.ReactPickerShadowNode
11-12 23:39:59.074  7068 11637 W unknown:ViewManagerPropertyUpdater: Could not find generated setter for class com.rnmaps.maps.MapOverlayManager
11-12 23:39:59.074  7068 11637 W unknown:ViewManagerPropertyUpdater: Could not find generated setter for class com.reactnativecommunity.picker.ReactDropdownPickerManager
11-12 23:39:59.075  7068 11637 W unknown:ViewManagerPropertyUpdater: Could not find generated setter for class com.reactnativekeyboardcontroller.KeyboardBackgroundViewManager
11-12 23:39:59.126  7068 11637 W unknown:ViewManagerPropertyUpdater: Could not find generated setter for class com.horcrux.svg.RenderableViewManager$FeMergeManager
11-12 23:39:59.126  7068 11637 W unknown:ViewManagerPropertyUpdater: Could not find generated setter for class com.horcrux.svg.VirtualViewManager$RenderableShadowNode
11-12 23:39:59.128  7068 11637 W unknown:ViewManagerPropertyUpdater: Could not find generated setter for class com.facebook.react.views.safeareaview.ReactSafeAreaViewManager
11-12 23:39:59.129  7068 11637 W unknown:ViewManagerPropertyUpdater: Could not find generated setter for class com.facebook.react.views.safeareaview.ReactSafeAreaViewShadowNode
11-12 23:39:59.130  7068 11637 W unknown:ViewManagerPropertyUpdater: Could not find generated setter for class com.horcrux.svg.RenderableViewManager$LinearGradientManager
11-12 23:39:59.132  7068 11637 W unknown:ViewManagerPropertyUpdater: Could not find generated setter for class com.facebook.react.views.progressbar.ReactProgressBarViewManager
11-12 23:39:59.133  7068 11637 W unknown:ViewManagerPropertyUpdater: Could not find generated setter for class com.facebook.react.views.progressbar.ProgressBarShadowNode
11-12 23:39:59.135  7068 11637 W unknown:ViewManagerPropertyUpdater: Could not find generated setter for class com.horcrux.svg.RenderableViewManager$FeColorMatrixManager
11-12 23:39:59.136  7068 11637 W unknown:ViewManagerPropertyUpdater: Could not find generated setter for class com.horcrux.svg.RenderableViewManager$SymbolManager
11-12 23:39:59.139  7068 11637 W unknown:ViewManagerPropertyUpdater: Could not find generated setter for class com.horcrux.svg.RenderableViewManager$PatternManager
11-12 23:39:59.142  7068 11637 W unknown:ViewManagerPropertyUpdater: Could not find generated setter for class com.horcrux.svg.SvgViewManager
11-12 23:39:59.144  7068 11637 W unknown:ViewManagerPropertyUpdater: Could not find generated setter for class com.facebook.react.views.switchview.ReactSwitchManager
11-12 23:39:59.144  7068 11637 W unknown:ViewManagerPropertyUpdater: Could not find generated setter for class com.facebook.react.views.switchview.ReactSwitchShadowNode
11-12 23:39:59.146  7068 11637 W unknown:ViewManagerPropertyUpdater: Could not find generated setter for class com.horcrux.svg.RenderableViewManager$UseViewManager
11-12 23:39:59.148  7068 11637 W unknown:ViewManagerPropertyUpdater: Could not find generated setter for class com.horcrux.svg.RenderableViewManager$TSpanViewManager
11-12 23:39:59.150  7068 11637 W unknown:ViewManagerPropertyUpdater: Could not find generated setter for class com.horcrux.svg.RenderableViewManager$FilterManager
11-12 23:39:59.152  7068 11637 W unknown:ViewManagerPropertyUpdater: Could not find generated setter for class com.horcrux.svg.RenderableViewManager$MarkerManager
11-12 23:39:59.155  7068 11637 W unknown:ViewManagerPropertyUpdater: Could not find generated setter for class com.swmansion.gesturehandler.react.RNGestureHandlerButtonViewManager
11-12 23:39:59.156  7068 11637 W unknown:ViewManagerPropertyUpdater: Could not find generated setter for class com.horcrux.svg.RenderableViewManager$ForeignObjectManager
11-12 23:39:59.159  7068 11637 W unknown:ViewManagerPropertyUpdater: Could not find generated setter for class com.horcrux.svg.RenderableViewManager$GroupViewManager
11-12 23:39:59.160  7068 11637 W unknown:ViewManagerPropertyUpdater: Could not find generated setter for class com.horcrux.svg.RenderableViewManager$TextViewManager
11-12 23:39:59.163  7068 11637 W unknown:ViewManagerPropertyUpdater: Could not find generated setter for class com.horcrux.svg.RenderableViewManager$ImageViewManager
11-12 23:39:59.165  7068 11637 W unknown:ViewManagerPropertyUpdater: Could not find generated setter for class com.horcrux.svg.RenderableViewManager$FeCompositeManager
11-12 23:39:59.167  7068 11637 W unknown:ViewManagerPropertyUpdater: Could not find generated setter for class com.horcrux.svg.RenderableViewManager$RadialGradientManager
11-12 23:39:59.169  7068 11637 W unknown:ViewManagerPropertyUpdater: Could not find generated setter for class com.facebook.react.views.unimplementedview.ReactUnimplementedViewManager
11-12 23:39:59.170  7068 11637 W unknown:ViewManagerPropertyUpdater: Could not find generated setter for class com.horcrux.svg.RenderableViewManager$FeOffsetManager
11-12 23:39:59.172  7068 11637 W unknown:ViewManagerPropertyUpdater: Could not find generated setter for class com.horcrux.svg.RenderableViewManager$PathViewManager
11-12 23:39:59.175  7068 11637 W unknown:ViewManagerPropertyUpdater: Could not find generated setter for class com.facebook.react.views.drawer.ReactDrawerLayoutManager
11-12 23:39:59.178  7068 11637 W unknown:ViewManagerPropertyUpdater: Could not find generated setter for class com.facebook.react.views.textinput.ReactTextInputManager
11-12 23:39:59.178  7068 11637 W unknown:ViewManagerPropertyUpdater: Could not find generated setter for class com.facebook.react.views.textinput.ReactTextInputShadowNode
11-12 23:39:59.181  7068 11637 W unknown:ViewManagerPropertyUpdater: Could not find generated setter for class com.horcrux.svg.RenderableViewManager$DefsViewManager
11-12 23:39:59.183  7068 11637 W unknown:ViewManagerPropertyUpdater: Could not find generated setter for class com.facebook.react.views.debuggingoverlay.DebuggingOverlayManager
11-12 23:39:59.188  7068 11637 W unknown:ViewManagerPropertyUpdater: Could not find generated setter for class com.horcrux.svg.RenderableViewManager$FeGaussianBlurManager
11-12 23:39:59.190  7068 11637 W unknown:ViewManagerPropertyUpdater: Could not find generated setter for class com.facebook.react.views.scroll.ReactHorizontalScrollViewManager
11-12 23:39:59.192  7068 11637 W unknown:ViewManagerPropertyUpdater: Could not find generated setter for class com.facebook.react.views.text.ReactTextViewManager
11-12 23:39:59.193  7068 11637 W unknown:ViewManagerPropertyUpdater: Could not find generated setter for class com.facebook.react.views.text.ReactTextShadowNode
11-12 23:39:59.194  7068 11637 W unknown:ViewManagerPropertyUpdater: Could not find generated setter for class com.facebook.react.views.scroll.ReactHorizontalScrollContainerViewManager
11-12 23:39:59.196  7068 11637 W unknown:ViewManagerPropertyUpdater: Could not find generated setter for class com.horcrux.svg.RenderableViewManager$ClipPathViewManager
11-12 23:39:59.198  7068 11637 W unknown:ViewManagerPropertyUpdater: Could not find generated setter for class com.horcrux.svg.RenderableViewManager$FeBlendManager
11-12 23:39:59.202  7068 11637 W unknown:ViewManagerPropertyUpdater: Could not find generated setter for class com.facebook.react.views.view.ReactViewManager
11-12 23:39:59.204  7068 11637 W unknown:ViewManagerPropertyUpdater: Could not find generated setter for class com.horcrux.svg.RenderableViewManager$CircleViewManager
11-12 23:39:59.206  7068 11637 W unknown:ViewManagerPropertyUpdater: Could not find generated setter for class com.facebook.react.views.modal.ReactModalHostManager
11-12 23:39:59.208  7068 11637 W unknown:ViewManagerPropertyUpdater: Could not find generated setter for class com.horcrux.svg.RenderableViewManager$EllipseViewManager
11-12 23:39:59.210  7068 11637 W unknown:ViewManagerPropertyUpdater: Could not find generated setter for class com.horcrux.svg.RenderableViewManager$LineViewManager
11-12 23:39:59.213  7068 11637 W unknown:ViewManagerPropertyUpdater: Could not find generated setter for class com.facebook.react.views.text.frescosupport.FrescoBasedReactTextInlineImageViewManager
11-12 23:39:59.213  7068 11637 W unknown:ViewManagerPropertyUpdater: Could not find generated setter for class com.facebook.react.views.text.frescosupport.FrescoBasedReactTextInlineImageShadowNode
11-12 23:39:59.215  7068 11637 W unknown:ViewManagerPropertyUpdater: Could not find generated setter for class com.horcrux.svg.RenderableViewManager$FeFloodManager
11-12 23:39:59.217  7068 11637 W unknown:ViewManagerPropertyUpdater: Could not find generated setter for class com.facebook.react.views.image.ReactImageManager
11-12 23:39:59.219  7068 11637 W unknown:ViewManagerPropertyUpdater: Could not find generated setter for class com.horcrux.svg.RenderableViewManager$MaskManager
11-12 23:39:59.221  7068 11637 W unknown:ViewManagerPropertyUpdater: Could not find generated setter for class com.horcrux.svg.RenderableViewManager$RectViewManager
11-12 23:39:59.223  7068 11637 W unknown:ViewManagerPropertyUpdater: Could not find generated setter for class com.horcrux.svg.RenderableViewManager$TextPathViewManager
11-12 23:39:59.225  7068 11637 W unknown:ViewManagerPropertyUpdater: Could not find generated setter for class com.facebook.react.views.scroll.ReactScrollViewManager
11-12 23:39:59.227  7068 11637 W unknown:ViewManagerPropertyUpdater: Could not find generated setter for class com.facebook.react.views.text.ReactVirtualTextViewManager
11-12 23:39:59.227  7068 11637 W unknown:ViewManagerPropertyUpdater: Could not find generated setter for class com.facebook.react.views.text.ReactVirtualTextShadowNode
11-12 23:39:59.229  7068 11637 W unknown:ViewManagerPropertyUpdater: Could not find generated setter for class com.facebook.react.views.swiperefresh.SwipeRefreshLayoutManager
11-12 23:39:59.231  7068 11637 W unknown:ViewManagerPropertyUpdater: Could not find generated setter for class com.facebook.react.views.text.ReactRawTextManager
11-12 23:39:59.231  7068 11637 W unknown:ViewManagerPropertyUpdater: Could not find generated setter for class com.facebook.react.views.text.ReactRawTextShadowNode
11-12 23:39:59.232  7068 11637 W unknown:ViewManagerPropertyUpdater: Could not find generated setter for class com.swmansion.gesturehandler.react.RNGestureHandlerRootViewManager
11-12 23:39:59.266  7068 11637 W BridgelessReactContext: [WARNING] Bridgeless doesn't support CatalystInstance. Accessing an API that's not part of the new architecture is not encouraged usage.
11-12 23:39:59.271  7068 11637 I ExpoModulesCore: ✅ JSI interop was installed
11-12 23:39:59.278  7068 11637 I ExpoModulesCore: ✅ Constants were exported
11-12 23:39:59.728  7068 11637 I ReactNativeJS: Running "main" with {"rootTag":1,"initialProps":{},"fabric":true}
11-12 23:39:59.734  7068 11637 I ReactNativeJS: 'Rehydrated:', 'Success'
11-12 23:39:59.734  7068 11637 I ReactNativeJS: 'Rehydrated:', 'Failed'
11-12 23:39:59.899  7068  7068 W [RNScreens]: backTitleVisible prop is not available on Android
11-12 23:39:59.899  7068  7068 W [RNScreens]: backTitleFontFamily prop is not available on Android
11-12 23:39:59.899  7068  7068 W [RNScreens]: disableBackButtonMenu prop is not available on Android
11-12 23:39:59.899  7068  7068 W [RNScreens]: largeTitleFontFamily prop is not available on Android
11-12 23:39:59.899  7068  7068 W [RNScreens]: largeTitleFontWeight prop is not available on Android
11-12 23:39:59.899  7068  7068 W [RNScreens]: largeTitleHideShadow prop is not available on Android
11-12 23:39:59.932  7068 11637 I ReactNativeJS: 🔔 Initializing Notification Services...
11-12 23:39:59.935  7068 11638 W unknown:ReactNative: StatusBarModule: Ignored status bar change, current activity is edge-to-edge.
11-12 23:39:59.935  7068 11638 W unknown:ReactNative: StatusBarModule: Ignored status bar change, current activity is edge-to-edge.
11-12 23:39:59.943  7068  7068 W unknown:BridgelessReact: ReactHost{0}.onUserLeaveHint(activity)
11-12 23:39:59.945  7068  7068 W unknown:BridgelessReact: ReactHost{0}.onHostPause(activity)
11-12 23:39:59.947  7068  7068 W unknown:BridgelessReact: ReactContext.onHostPause()
11-12 23:40:00.040  7068  7068 W unknown:BridgelessReact: ReactHost{0}.onHostResume(activity)
11-12 23:40:00.042  7068  7068 W unknown:BridgelessReact: ReactContext.onHostResume()
11-12 23:40:00.046  7068 11637 I ReactNativeJS: ✅ Notifications permission granted
11-12 23:40:00.089  7068  7068 W unknown:BridgelessReact: ReactHost{0}.onUserLeaveHint(activity)
11-12 23:40:00.090  7068  7068 W unknown:BridgelessReact: ReactHost{0}.onHostPause(activity)
11-12 23:40:00.093  7068  7068 W unknown:BridgelessReact: ReactContext.onHostPause()
11-12 23:40:00.112  7068  7068 D InsetsController: hide(ime(), fromIme=false)
11-12 23:40:00.112  7068  7068 I ImeTracker: com.taxisafr.driver:d22668ad: onCancelled at PHASE_CLIENT_ALREADY_HIDDEN
11-12 23:40:00.159  7068  7068 W unknown:BridgelessReact: ReactHost{0}.onHostResume(activity)
11-12 23:40:00.165  7068  7068 W unknown:BridgelessReact: ReactContext.onHostResume()
11-12 23:40:00.199  7068 11637 I ReactNativeJS: ✅ Expo notification channels created successfully
11-12 23:40:00.200  7068 11637 I ReactNativeJS: 🚀 FCM listener initialized
11-12 23:40:00.209  7068 11637 W ReactNativeJS: This method is deprecated (as well as all React Native Firebase namespaced API) and will be removed in the next major release as part of move to match Firebase Web modular SDK API. Please see migration guide for more details: https://rnfirebase.io/migrating-to-v22 Please use `getApp()` instead.
11-12 23:40:00.210  7068  7068 D InsetsController: hide(ime(), fromIme=false)
11-12 23:40:00.211  7068  7068 I ImeTracker: com.taxisafr.driver:22d6a416: onCancelled at PHASE_CLIENT_ALREADY_HIDDEN
11-12 23:40:00.229  7068 11637 W ReactNativeJS: This method is deprecated (as well as all React Native Firebase namespaced API) and will be removed in the next major release as part of move to match Firebase Web modular SDK API. Please see migration guide for more details: https://rnfirebase.io/migrating-to-v22. Method called was `onMessage`. Please use `onMessage()` instead.
11-12 23:40:00.232  7068 11637 W ReactNativeJS: This method is deprecated (as well as all React Native Firebase namespaced API) and will be removed in the next major release as part of move to match Firebase Web modular SDK API. Please see migration guide for more details: https://rnfirebase.io/migrating-to-v22 Please use `getApp()` instead.
11-12 23:40:00.233  7068 11637 W ReactNativeJS: This method is deprecated (as well as all React Native Firebase namespaced API) and will be removed in the next major release as part of move to match Firebase Web modular SDK API. Please see migration guide for more details: https://rnfirebase.io/migrating-to-v22. Method called was `onNotificationOpenedApp`. Please use `onNotificationOpenedApp()` instead.
11-12 23:40:00.240  7068 11637 W ReactNativeJS: This method is deprecated (as well as all React Native Firebase namespaced API) and will be removed in the next major release as part of move to match Firebase Web modular SDK API. Please see migration guide for more details: https://rnfirebase.io/migrating-to-v22 Please use `getApp()` instead.
11-12 23:40:00.243  7068 11637 W ReactNativeJS: This method is deprecated (as well as all React Native Firebase namespaced API) and will be removed in the next major release as part of move to match Firebase Web modular SDK API. Please see migration guide for more details: https://rnfirebase.io/migrating-to-v22. Method called was `getInitialNotification`. Please use `getInitialNotification()` instead.
11-12 23:40:00.246  7068 11637 W ReactNativeJS: This method is deprecated (as well as all React Native Firebase namespaced API) and will be removed in the next major release as part of move to match Firebase Web modular SDK API. Please see migration guide for more details: https://rnfirebase.io/migrating-to-v22 Please use `getApp()` instead.
11-12 23:40:00.247  7068 11637 W ReactNativeJS: This method is deprecated (as well as all React Native Firebase namespaced API) and will be removed in the next major release as part of move to match Firebase Web modular SDK API. Please see migration guide for more details: https://rnfirebase.io/migrating-to-v22. Method called was `onTokenRefresh`. Please use `onTokenRefresh()` instead.
11-12 23:40:00.250  7068 11637 I ReactNativeJS: ℹ️ User not logged in — skipping FCM token upload
11-12 23:40:00.252  7068 11637 I ReactNativeJS: ✅ Notification setup complete
11-12 23:40:00.262  7068  7068 W unknown:BridgelessReact: ReactHost{0}.onUserLeaveHint(activity)
11-12 23:40:00.263  7068  7068 W unknown:BridgelessReact: ReactHost{0}.onHostPause(activity)
11-12 23:40:00.264  7068  7068 W unknown:BridgelessReact: ReactContext.onHostPause()
11-12 23:40:00.319  7068  7068 W unknown:BridgelessReact: ReactHost{0}.onHostResume(activity)
11-12 23:40:00.323  7068  7068 W unknown:BridgelessReact: ReactContext.onHostResume()
11-12 23:40:00.345  7068  7068 W unknown:BridgelessReact: ReactHost{0}.onUserLeaveHint(activity)
11-12 23:40:00.346  7068  7068 W unknown:BridgelessReact: ReactHost{0}.onHostPause(activity)
11-12 23:40:00.348  7068  7068 W unknown:BridgelessReact: ReactContext.onHostPause()
11-12 23:40:00.369  7068  7068 D InsetsController: hide(ime(), fromIme=false)
11-12 23:40:00.370  7068  7068 I ImeTracker: com.taxisafr.driver:37982b97: onCancelled at PHASE_CLIENT_ALREADY_HIDDEN
11-12 23:40:00.429  7068  7068 W unknown:BridgelessReact: ReactHost{0}.onHostResume(activity)
11-12 23:40:00.430  7068  7068 W unknown:BridgelessReact: ReactContext.onHostResume()
11-12 23:40:00.453  7068  7068 D InsetsController: hide(ime(), fromIme=false)
