--------- beginning of main
11-12 22:47:39.016  7068  7068 I taxisafr.driver: Late-enabling -Xcheck:jni
11-12 22:47:39.099  7068  7068 I taxisafr.driver: Using CollectorTypeCMC GC.
11-12 22:47:39.182  7068  7068 D nativeloader: Load libframework-connectivity-tiramisu-jni.so using APEX ns com_android_tethering for caller /apex/com.android.tethering/javalib/framework-connectivity-t.jar: ok
11-12 22:47:39.291  7068  7068 D ApplicationLoaders: Returning zygote-cached class loader: /system/framework/org.apache.http.legacy.jar
11-12 22:47:39.883  7068  7068 D nativeloader: Configuring clns-9 for other apk /data/app/~~00khNDeN9DQMEFfvxuCOLw==/com.taxisafr.driver-sGzzpG_r7hJOqPB2ebui0Q==/base.apk. target_sdk_version=36, uses_libraries=, library_path=/data/app/~~00khNDeN9DQMEFfvxuCOLw==/com.taxisafr.driver-sGzzpG_r7hJOqPB2ebui0Q==/lib/arm64:/data/app/~~00khNDeN9DQMEFfvxuCOLw==/com.taxisafr.driver-sGzzpG_r7hJOqPB2ebui0Q==/base.apk!/lib/arm64-v8a, permitted_path=/data:/mnt/expand:/data/user/0/com.taxisafr.driver
11-12 22:47:39.891  7068  7068 I taxisafr.driver: AssetManager2(0xb400006ff081d498) locale list changing from [] to [en-US]
11-12 22:47:39.901  7068  7068 V GraphicsEnvironment: Currently set values for:
11-12 22:47:39.901  7068  7068 V GraphicsEnvironment:   angle_gl_driver_selection_pkgs=[]
11-12 22:47:39.902  7068  7068 V GraphicsEnvironment:   angle_gl_driver_selection_values=[]
11-12 22:47:39.902  7068  7068 V GraphicsEnvironment: com.taxisafr.driver is not listed in per-application setting
11-12 22:47:39.902  7068  7068 V GraphicsEnvironment: ANGLE allowlist from config: com.dreamgames.royalmatch com.dts.freefiremax com.dxx.firenow com.gramgames.mergedragons com.ludo.king com.mojang.minecraftpe com.my.defense com.nintendo.zaka com.os.airforce com.playrix.fishdomdd.gplay io.teslatech.callbreak jp.konami.prospia net.peakgames.toonblast
11-12 22:47:39.902  7068  7068 V GraphicsEnvironment: com.taxisafr.driver is not listed in ANGLE allowlist or settings, returning default
11-12 22:47:39.902  7068  7068 V GraphicsEnvironment: Neither updatable production driver nor prerelease driver is supported.
11-12 22:47:39.986  7068  7068 I FirebaseApp: Device unlocked: initializing all Firebase APIs for app [DEFAULT]
11-12 22:47:40.000  7068  7068 I FirebaseInitProvider: FirebaseApp initialization successful
11-12 22:47:40.001  7068  7068 D ReactNativeFirebaseApp: received application context.
11-12 22:47:40.020  7068  7068 D WM-WrkMgrInitializer: Initializing WorkManager with default configuration.
11-12 22:47:40.041  7068  7068 D WM-PackageManagerHelper: Skipping component enablement for androidx.work.impl.background.systemjob.SystemJobService
11-12 22:47:40.041  7068  7068 D WM-Schedulers: Created SystemJobScheduler and enabled SystemJobService
11-12 22:47:40.059  7068  7090 E ashmem  : Pinning is deprecated since Android Q. Please use trim or other methods.
11-12 22:47:40.066  7068  7068 W SoLoader: Initializing SoLoader: 0
11-12 22:47:40.068  7068  7068 W SoLoader: Recording new base apk path: /data/app/~~00khNDeN9DQMEFfvxuCOLw==/com.taxisafr.driver-sGzzpG_r7hJOqPB2ebui0Q==/base.apk
11-12 22:47:40.068  7068  7068 W SoLoader: Previously recorded 0 base apk paths.
11-12 22:47:40.069  7068  7068 I SoLoader: Preparing SO source: DirectorySoSource[root = /vendor/lib64 flags = 2]
11-12 22:47:40.069  7068  7068 I SoLoader: Preparing SO source: DirectorySoSource[root = /system/lib64 flags = 2]
11-12 22:47:40.069  7068  7068 I SoLoader: Preparing SO source: DirectApkSoSource[root = [/data/app/~~00khNDeN9DQMEFfvxuCOLw==/com.taxisafr.driver-sGzzpG_r7hJOqPB2ebui0Q==/base.apk!/lib/arm64-v8a]]
11-12 22:47:40.130  7068  7068 I SoLoader: Preparing SO source: ApplicationSoSource[DirectorySoSource[root = /data/app/~~00khNDeN9DQMEFfvxuCOLw==/com.taxisafr.driver-sGzzpG_r7hJOqPB2ebui0Q==/lib/arm64 flags = 0]]
11-12 22:47:40.130  7068  7068 I SoLoader: init finish: 4 SO sources prepared
11-12 22:47:40.130  7068  7068 W SoLoader: SoLoader initialized: 8
11-12 22:47:40.183  7068  7068 D nativeloader: Load /data/app/~~00khNDeN9DQMEFfvxuCOLw==/com.taxisafr.driver-sGzzpG_r7hJOqPB2ebui0Q==/base.apk!/lib/arm64-v8a/libc++_shared.so using class loader ns clns-9 (caller=/data/app/~~00khNDeN9DQMEFfvxuCOLw==/com.taxisafr.driver-sGzzpG_r7hJOqPB2ebui0Q==/base.apk!classes20.dex): ok
11-12 22:47:40.198  7068  7068 D nativeloader: Load /data/app/~~00khNDeN9DQMEFfvxuCOLw==/com.taxisafr.driver-sGzzpG_r7hJOqPB2ebui0Q==/base.apk!/lib/arm64-v8a/libjsi.so using class loader ns clns-9 (caller=/data/app/~~00khNDeN9DQMEFfvxuCOLw==/com.taxisafr.driver-sGzzpG_r7hJOqPB2ebui0Q==/base.apk!classes20.dex): ok
11-12 22:47:40.207  7068  7068 D nativeloader: Load /data/app/~~00khNDeN9DQMEFfvxuCOLw==/com.taxisafr.driver-sGzzpG_r7hJOqPB2ebui0Q==/base.apk!/lib/arm64-v8a/libfbjni.so using class loader ns clns-9 (caller=/data/app/~~00khNDeN9DQMEFfvxuCOLw==/com.taxisafr.driver-sGzzpG_r7hJOqPB2ebui0Q==/base.apk!classes20.dex): ok
11-12 22:47:40.243  7068  7068 D nativeloader: Load /data/app/~~00khNDeN9DQMEFfvxuCOLw==/com.taxisafr.driver-sGzzpG_r7hJOqPB2ebui0Q==/base.apk!/lib/arm64-v8a/libreactnative.so using class loader ns clns-9 (caller=/data/app/~~00khNDeN9DQMEFfvxuCOLw==/com.taxisafr.driver-sGzzpG_r7hJOqPB2ebui0Q==/base.apk!classes20.dex): ok
11-12 22:47:40.244  7068  7068 D jni_lib_merge: Entering merged library JNI_OnLoad.
11-12 22:47:40.244  7068  7068 D jni_lib_merge: Preparing 12 pre-merged libs (including stub)
11-12 22:47:40.244  7068  7068 D jni_lib_merge: Preparing to register libfabricjni_so.  onload_func: 0x6d95465ce0
11-12 22:47:40.244  7068  7068 D jni_lib_merge: Preparing to register libreact_devsupportjni_so.  onload_func: 0x6d9565ffc8
11-12 22:47:40.244  7068  7068 D jni_lib_merge: Preparing to register libreact_featureflagsjni_so.  onload_func: 0x6d9566e518
11-12 22:47:40.244  7068  7068 D jni_lib_merge: Preparing to register libreact_newarchdefaults_so.  onload_func: 0x6d956d66a8
11-12 22:47:40.244  7068  7068 D jni_lib_merge: Preparing to register libreactnativeblob_so.  onload_func: 0x6d958c6cb4
11-12 22:47:40.244  7068  7068 D jni_lib_merge: Preparing to register libreactnativejni_so.  onload_func: 0x6d959146bc
11-12 22:47:40.244  7068  7068 D jni_lib_merge: Preparing to register libreactnativejni_common_so.  onload_func: 0x6d95925044
11-12 22:47:40.244  7068  7068 D jni_lib_merge: Preparing to register librninstance_so.  onload_func: 0x6d9596c764
11-12 22:47:40.244  7068  7068 D jni_lib_merge: Preparing to register libturbomodulejsijni_so.  onload_func: 0x6d95a84f68
11-12 22:47:40.244  7068  7068 D jni_lib_merge: Preparing to register libuimanagerjni_so.  onload_func: 0x6d95a9dfb8
11-12 22:47:40.244  7068  7068 D jni_lib_merge: Preparing to register libyoga_so.  onload_func: 0x6d95aada3c
11-12 22:47:40.244  7068  7068 D jni_lib_merge: About to register 11 actual methods.
11-12 22:47:40.267  7068  7068 D nativeloader: Load /data/app/~~00khNDeN9DQMEFfvxuCOLw==/com.taxisafr.driver-sGzzpG_r7hJOqPB2ebui0Q==/base.apk!/lib/arm64-v8a/libreact_codegen_rnscreens.so using class loader ns clns-9 (caller=/data/app/~~00khNDeN9DQMEFfvxuCOLw==/com.taxisafr.driver-sGzzpG_r7hJOqPB2ebui0Q==/base.apk!classes20.dex): ok
11-12 22:47:40.267  7068  7068 D jni_lib_merge: Entering merged library JNI_OnLoad.
11-12 22:47:40.267  7068  7068 D jni_lib_merge: Preparing 12 pre-merged libs (including stub)
11-12 22:47:40.267  7068  7068 D jni_lib_merge: Preparing to register libfabricjni_so.  onload_func: 0x6d95465ce0
11-12 22:47:40.267  7068  7068 D jni_lib_merge: Preparing to register libreact_devsupportjni_so.  onload_func: 0x6d9565ffc8
11-12 22:47:40.267  7068  7068 D jni_lib_merge: Preparing to register libreact_featureflagsjni_so.  onload_func: 0x6d9566e518
11-12 22:47:40.267  7068  7068 D jni_lib_merge: Preparing to register libreact_newarchdefaults_so.  onload_func: 0x6d956d66a8
11-12 22:47:40.267  7068  7068 D jni_lib_merge: Preparing to register libreactnativeblob_so.  onload_func: 0x6d958c6cb4
11-12 22:47:40.267  7068  7068 D jni_lib_merge: Preparing to register libreactnativejni_so.  onload_func: 0x6d959146bc
11-12 22:47:40.267  7068  7068 D jni_lib_merge: Preparing to register libreactnativejni_common_so.  onload_func: 0x6d95925044
11-12 22:47:40.267  7068  7068 D jni_lib_merge: Preparing to register librninstance_so.  onload_func: 0x6d9596c764
11-12 22:47:40.267  7068  7068 D jni_lib_merge: Preparing to register libturbomodulejsijni_so.  onload_func: 0x6d95a84f68
11-12 22:47:40.267  7068  7068 D jni_lib_merge: Preparing to register libuimanagerjni_so.  onload_func: 0x6d95a9dfb8
11-12 22:47:40.267  7068  7068 D jni_lib_merge: Preparing to register libyoga_so.  onload_func: 0x6d95aada3c
11-12 22:47:40.267  7068  7068 D jni_lib_merge: About to register 11 actual methods.
11-12 22:47:40.276  7068  7068 D nativeloader: Load /data/app/~~00khNDeN9DQMEFfvxuCOLw==/com.taxisafr.driver-sGzzpG_r7hJOqPB2ebui0Q==/base.apk!/lib/arm64-v8a/libreact_codegen_rnsvg.so using class loader ns clns-9 (caller=/data/app/~~00khNDeN9DQMEFfvxuCOLw==/com.taxisafr.driver-sGzzpG_r7hJOqPB2ebui0Q==/base.apk!classes20.dex): ok
11-12 22:47:40.276  7068  7068 D jni_lib_merge: Entering merged library JNI_OnLoad.
11-12 22:47:40.276  7068  7068 D jni_lib_merge: Preparing 12 pre-merged libs (including stub)
11-12 22:47:40.276  7068  7068 D jni_lib_merge: Preparing to register libfabricjni_so.  onload_func: 0x6d95465ce0
11-12 22:47:40.276  7068  7068 D jni_lib_merge: Preparing to register libreact_devsupportjni_so.  onload_func: 0x6d9565ffc8
11-12 22:47:40.276  7068  7068 D jni_lib_merge: Preparing to register libreact_featureflagsjni_so.  onload_func: 0x6d9566e518
11-12 22:47:40.276  7068  7068 D jni_lib_merge: Preparing to register libreact_newarchdefaults_so.  onload_func: 0x6d956d66a8
11-12 22:47:40.276  7068  7068 D jni_lib_merge: Preparing to register libreactnativeblob_so.  onload_func: 0x6d958c6cb4
11-12 22:47:40.276  7068  7068 D jni_lib_merge: Preparing to register libreactnativejni_so.  onload_func: 0x6d959146bc
11-12 22:47:40.276  7068  7068 D jni_lib_merge: Preparing to register libreactnativejni_common_so.  onload_func: 0x6d95925044
11-12 22:47:40.276  7068  7068 D jni_lib_merge: Preparing to register librninstance_so.  onload_func: 0x6d9596c764
11-12 22:47:40.276  7068  7068 D jni_lib_merge: Preparing to register libturbomodulejsijni_so.  onload_func: 0x6d95a84f68
11-12 22:47:40.276  7068  7068 D jni_lib_merge: Preparing to register libuimanagerjni_so.  onload_func: 0x6d95a9dfb8
11-12 22:47:40.276  7068  7068 D jni_lib_merge: Preparing to register libyoga_so.  onload_func: 0x6d95aada3c
11-12 22:47:40.276  7068  7068 D jni_lib_merge: About to register 11 actual methods.
11-12 22:47:40.282  7068  7068 D nativeloader: Load /data/app/~~00khNDeN9DQMEFfvxuCOLw==/com.taxisafr.driver-sGzzpG_r7hJOqPB2ebui0Q==/base.apk!/lib/arm64-v8a/libreact_codegen_safeareacontext.so using class loader ns clns-9 (caller=/data/app/~~00khNDeN9DQMEFfvxuCOLw==/com.taxisafr.driver-sGzzpG_r7hJOqPB2ebui0Q==/base.apk!classes20.dex): ok
11-12 22:47:40.290  7068  7068 D nativeloader: Load /data/app/~~00khNDeN9DQMEFfvxuCOLw==/com.taxisafr.driver-sGzzpG_r7hJOqPB2ebui0Q==/base.apk!/lib/arm64-v8a/libreact_codegen_rnpicker.so using class loader ns clns-9 (caller=/data/app/~~00khNDeN9DQMEFfvxuCOLw==/com.taxisafr.driver-sGzzpG_r7hJOqPB2ebui0Q==/base.apk!classes20.dex): ok
11-12 22:47:40.290  7068  7068 D jni_lib_merge: Entering merged library JNI_OnLoad.
11-12 22:47:40.290  7068  7068 D jni_lib_merge: Preparing 12 pre-merged libs (including stub)
11-12 22:47:40.290  7068  7068 D jni_lib_merge: Preparing to register libfabricjni_so.  onload_func: 0x6d95465ce0
11-12 22:47:40.290  7068  7068 D jni_lib_merge: Preparing to register libreact_devsupportjni_so.  onload_func: 0x6d9565ffc8
11-12 22:47:40.290  7068  7068 D jni_lib_merge: Preparing to register libreact_featureflagsjni_so.  onload_func: 0x6d9566e518
11-12 22:47:40.290  7068  7068 D jni_lib_merge: Preparing to register libreact_newarchdefaults_so.  onload_func: 0x6d956d66a8
11-12 22:47:40.290  7068  7068 D jni_lib_merge: Preparing to register libreactnativeblob_so.  onload_func: 0x6d958c6cb4
11-12 22:47:40.290  7068  7068 D jni_lib_merge: Preparing to register libreactnativejni_so.  onload_func: 0x6d959146bc
11-12 22:47:40.290  7068  7068 D jni_lib_merge: Preparing to register libreactnativejni_common_so.  onload_func: 0x6d95925044
11-12 22:47:40.290  7068  7068 D jni_lib_merge: Preparing to register librninstance_so.  onload_func: 0x6d9596c764
11-12 22:47:40.290  7068  7068 D jni_lib_merge: Preparing to register libturbomodulejsijni_so.  onload_func: 0x6d95a84f68
11-12 22:47:40.290  7068  7068 D jni_lib_merge: Preparing to register libuimanagerjni_so.  onload_func: 0x6d95a9dfb8
11-12 22:47:40.290  7068  7068 D jni_lib_merge: Preparing to register libyoga_so.  onload_func: 0x6d95aada3c
11-12 22:47:40.290  7068  7068 D jni_lib_merge: About to register 11 actual methods.
11-12 22:47:40.296  7068  7068 D nativeloader: Load /data/app/~~00khNDeN9DQMEFfvxuCOLw==/com.taxisafr.driver-sGzzpG_r7hJOqPB2ebui0Q==/base.apk!/lib/arm64-v8a/libreact_codegen_reactnativekeyboardcontroller.so using class loader ns clns-9 (caller=/data/app/~~00khNDeN9DQMEFfvxuCOLw==/com.taxisafr.driver-sGzzpG_r7hJOqPB2ebui0Q==/base.apk!classes20.dex): ok
11-12 22:47:40.297  7068  7068 D jni_lib_merge: Entering merged library JNI_OnLoad.
11-12 22:47:40.297  7068  7068 D jni_lib_merge: Preparing 12 pre-merged libs (including stub)
11-12 22:47:40.297  7068  7068 D jni_lib_merge: Preparing to register libfabricjni_so.  onload_func: 0x6d95465ce0
11-12 22:47:40.297  7068  7068 D jni_lib_merge: Preparing to register libreact_devsupportjni_so.  onload_func: 0x6d9565ffc8
11-12 22:47:40.297  7068  7068 D jni_lib_merge: Preparing to register libreact_featureflagsjni_so.  onload_func: 0x6d9566e518
11-12 22:47:40.297  7068  7068 D jni_lib_merge: Preparing to register libreact_newarchdefaults_so.  onload_func: 0x6d956d66a8
11-12 22:47:40.297  7068  7068 D jni_lib_merge: Preparing to register libreactnativeblob_so.  onload_func: 0x6d958c6cb4
11-12 22:47:40.297  7068  7068 D jni_lib_merge: Preparing to register libreactnativejni_so.  onload_func: 0x6d959146bc
11-12 22:47:40.297  7068  7068 D jni_lib_merge: Preparing to register libreactnativejni_common_so.  onload_func: 0x6d95925044
11-12 22:47:40.297  7068  7068 D jni_lib_merge: Preparing to register librninstance_so.  onload_func: 0x6d9596c764
11-12 22:47:40.297  7068  7068 D jni_lib_merge: Preparing to register libturbomodulejsijni_so.  onload_func: 0x6d95a84f68
11-12 22:47:40.297  7068  7068 D jni_lib_merge: Preparing to register libuimanagerjni_so.  onload_func: 0x6d95a9dfb8
11-12 22:47:40.297  7068  7068 D jni_lib_merge: Preparing to register libyoga_so.  onload_func: 0x6d95aada3c
11-12 22:47:40.297  7068  7068 D jni_lib_merge: About to register 11 actual methods.
11-12 22:47:40.313  7068  7068 D nativeloader: Load /data/app/~~00khNDeN9DQMEFfvxuCOLw==/com.taxisafr.driver-sGzzpG_r7hJOqPB2ebui0Q==/base.apk!/lib/arm64-v8a/libappmodules.so using class loader ns clns-9 (caller=/data/app/~~00khNDeN9DQMEFfvxuCOLw==/com.taxisafr.driver-sGzzpG_r7hJOqPB2ebui0Q==/base.apk!classes20.dex): ok
--------- beginning of system
11-12 22:47:40.322  7068  7092 I DisplayManager: Choreographer implicitly registered for the refresh rate.
11-12 22:47:40.324  7068  7068 I taxisafr.driver: AssetManager2(0xb400006ff081c818) locale list changing from [] to [en-US]
11-12 22:47:40.343  7068  7068 D AppCompatDelegate: Checking for metadata for AppLocalesMetadataHolderService : Service not found
11-12 22:47:40.344  7068  7068 I taxisafr.driver: AssetManager2(0xb400006ff081b558) locale list changing from [] to [en-US]
11-12 22:47:40.387  7068  7092 I EGL_emulation: Opening libGLESv1_CM_emulation.so
11-12 22:47:40.388  7068  7092 I EGL_emulation: Opening libGLESv2_emulation.so
11-12 22:47:40.405  7068  7092 W HWUI    : Failed to choose config with EGL_SWAP_BEHAVIOR_PRESERVED, retrying without...
11-12 22:47:40.406  7068  7092 W HWUI    : Failed to initialize 101010-2 format, error = EGL_SUCCESS
11-12 22:47:40.475  7068  7068 W unknown:BridgelessReact: ReactHost{0}.startSurface(surfaceId = 0): Schedule
11-12 22:47:40.475  7068  7068 W unknown:BridgelessReact: ReactHost{0}.attachSurface(surfaceId = 0)
11-12 22:47:40.476  7068  7098 W unknown:BridgelessReact: ReactHost{0}.getOrCreateReactInstanceTask()
11-12 22:47:40.476  7068  7098 W unknown:BridgelessReact: ReactHost{0}.getOrCreateReactInstanceTask(): Start
11-12 22:47:40.476  7068  7098 W unknown:BridgelessReact: ReactHost{0}.getJSBundleLoader()
11-12 22:47:40.476  7068  7098 W unknown:BridgelessReact: ReactHost{0}.isMetroRunning()
11-12 22:47:40.483  7068  7068 D CompatChangeReporter: Compat change id reported: 377864165; UID 10227; state: ENABLED
11-12 22:47:40.487  7068  7068 D DesktopModeFlags: Toggle override initialized to: OVERRIDE_UNSET
11-12 22:47:40.505  7068  7099 W unknown:BridgelessReact: ReactHost{0}.isMetroRunning(): Async result = true
11-12 22:47:40.506  7068  7068 I taxisafr.driver: hiddenapi: Accessing hidden method Landroid/view/ViewGroup;->makeOptionalFitsSystemWindows()V (runtime_flags=0, domain=platform, api=unsupported) from Landroidx/appcompat/widget/ViewUtils; (domain=app) using reflection: allowed
11-12 22:47:40.506  7068  7098 W unknown:BridgelessReact: ReactHost{0}.loadJSBundleFromMetro()
11-12 22:47:40.519  7068  7068 W WindowOnBackDispatcher: OnBackInvokedCallback is not enabled for the application.
11-12 22:47:40.519  7068  7068 W WindowOnBackDispatcher: Set 'android:enableOnBackInvokedCallback="true"' in the application manifest.
11-12 22:47:40.540  7068  7068 W unknown:BridgelessReact: ReactHost{0}.onHostResume(activity)
11-12 22:47:40.541  7068  7068 W unknown:ReactNative: Packager connection already open, nooping.
11-12 22:47:40.569  7068  7068 W HWUI    : Unknown dataspace 0
11-12 22:47:40.626  7068  7068 E WindowManager: Couldn't add view: android.widget.PopupWindow$PopupDecorView{9bd6ff2 V.E...... R.....I. 0,0-0,0}
11-12 22:47:40.626  7068  7068 E WindowManager: android.view.WindowManager$BadTokenException: Unable to add window -- token null is not valid; is your activity running?
11-12 22:47:40.626  7068  7068 E WindowManager: 	at android.view.ViewRootImpl.setView(ViewRootImpl.java:1689)
11-12 22:47:40.626  7068  7068 E WindowManager: 	at android.view.WindowManagerGlobal.addView(WindowManagerGlobal.java:490)
11-12 22:47:40.626  7068  7068 E WindowManager: 	at android.view.WindowManagerImpl.addView(WindowManagerImpl.java:158)
11-12 22:47:40.626  7068  7068 E WindowManager: 	at android.widget.PopupWindow.invokePopup(PopupWindow.java:1580)
11-12 22:47:40.626  7068  7068 E WindowManager: 	at android.widget.PopupWindow.showAtLocation(PopupWindow.java:1346)
11-12 22:47:40.626  7068  7068 E WindowManager: 	at android.widget.PopupWindow.showAtLocation(PopupWindow.java:1312)
11-12 22:47:40.626  7068  7068 E WindowManager: 	at com.facebook.react.devsupport.DefaultDevLoadingViewImplementation.showInternal(DefaultDevLoadingViewImplementation.kt:90)
11-12 22:47:40.626  7068  7068 E WindowManager: 	at com.facebook.react.devsupport.DefaultDevLoadingViewImplementation.showMessage$lambda$0(DefaultDevLoadingViewImplementation.kt:39)
11-12 22:47:40.626  7068  7068 E WindowManager: 	at com.facebook.react.devsupport.DefaultDevLoadingViewImplementation.$r8$lambda$Ocmkqkmh3lajgBQuKhYFJfMXqgE(Unknown Source:0)
11-12 22:47:40.626  7068  7068 E WindowManager: 	at com.facebook.react.devsupport.DefaultDevLoadingViewImplementation$$ExternalSyntheticLambda2.run(D8$$SyntheticClass:0)
11-12 22:47:40.626  7068  7068 E WindowManager: 	at android.os.Handler.handleCallback(Handler.java:995)
11-12 22:47:40.626  7068  7068 E WindowManager: 	at android.os.Handler.dispatchMessage(Handler.java:103)
11-12 22:47:40.626  7068  7068 E WindowManager: 	at android.os.Looper.loopOnce(Looper.java:248)
11-12 22:47:40.626  7068  7068 E WindowManager: 	at android.os.Looper.loop(Looper.java:338)
11-12 22:47:40.626  7068  7068 E WindowManager: 	at android.app.ActivityThread.main(ActivityThread.java:9067)
11-12 22:47:40.626  7068  7068 E WindowManager: 	at java.lang.reflect.Method.invoke(Native Method)
11-12 22:47:40.626  7068  7068 E WindowManager: 	at com.android.internal.os.RuntimeInit$MethodAndArgsCaller.run(RuntimeInit.java:593)
11-12 22:47:40.626  7068  7068 E WindowManager: 	at com.android.internal.os.ZygoteInit.main(ZygoteInit.java:932)
11-12 22:47:40.628  7068  7068 E unknown:ReactNative: Unable to display loading message because react activity isn't active, message: Loading from 10.0.2.2:8081…
11-12 22:47:40.634  7068  7068 E WindowManager: Couldn't add view: android.widget.PopupWindow$PopupDecorView{22e993e V.E...... R.....I. 0,0-0,0}
11-12 22:47:40.634  7068  7068 E WindowManager: android.view.WindowManager$BadTokenException: Unable to add window -- token null is not valid; is your activity running?
11-12 22:47:40.634  7068  7068 E WindowManager: 	at android.view.ViewRootImpl.setView(ViewRootImpl.java:1689)
11-12 22:47:40.634  7068  7068 E WindowManager: 	at android.view.WindowManagerGlobal.addView(WindowManagerGlobal.java:490)
11-12 22:47:40.634  7068  7068 E WindowManager: 	at android.view.WindowManagerImpl.addView(WindowManagerImpl.java:158)
11-12 22:47:40.634  7068  7068 E WindowManager: 	at android.widget.PopupWindow.invokePopup(PopupWindow.java:1580)
11-12 22:47:40.634  7068  7068 E WindowManager: 	at android.widget.PopupWindow.showAtLocation(PopupWindow.java:1346)
11-12 22:47:40.634  7068  7068 E WindowManager: 	at android.widget.PopupWindow.showAtLocation(PopupWindow.java:1312)
11-12 22:47:40.634  7068  7068 E WindowManager: 	at com.facebook.react.devsupport.DefaultDevLoadingViewImplementation.showInternal(DefaultDevLoadingViewImplementation.kt:90)
11-12 22:47:40.634  7068  7068 E WindowManager: 	at com.facebook.react.devsupport.DefaultDevLoadingViewImplementation.showMessage$lambda$0(DefaultDevLoadingViewImplementation.kt:39)
11-12 22:47:40.634  7068  7068 E WindowManager: 	at com.facebook.react.devsupport.DefaultDevLoadingViewImplementation.$r8$lambda$Ocmkqkmh3lajgBQuKhYFJfMXqgE(Unknown Source:0)
11-12 22:47:40.634  7068  7068 E WindowManager: 	at com.facebook.react.devsupport.DefaultDevLoadingViewImplementation$$ExternalSyntheticLambda2.run(D8$$SyntheticClass:0)
11-12 22:47:40.634  7068  7068 E WindowManager: 	at android.os.Handler.handleCallback(Handler.java:995)
11-12 22:47:40.634  7068  7068 E WindowManager: 	at android.os.Handler.dispatchMessage(Handler.java:103)
11-12 22:47:40.634  7068  7068 E WindowManager: 	at android.os.Looper.loopOnce(Looper.java:248)
11-12 22:47:40.634  7068  7068 E WindowManager: 	at android.os.Looper.loop(Looper.java:338)
11-12 22:47:40.634  7068  7068 E WindowManager: 	at android.app.ActivityThread.main(ActivityThread.java:9067)
11-12 22:47:40.634  7068  7068 E WindowManager: 	at java.lang.reflect.Method.invoke(Native Method)
11-12 22:47:40.634  7068  7068 E WindowManager: 	at com.android.internal.os.RuntimeInit$MethodAndArgsCaller.run(RuntimeInit.java:593)
11-12 22:47:40.634  7068  7068 E WindowManager: 	at com.android.internal.os.ZygoteInit.main(ZygoteInit.java:932)
11-12 22:47:40.636  7068  7068 E unknown:ReactNative: Unable to display loading message because react activity isn't active, message: Reloading...
11-12 22:47:40.703  7068  7068 W unknown:BridgelessReact: ReactHost{0}.raiseSoftException(onWindowFocusChange(hasFocus = "true")): Tried to access onWindowFocusChange while context is not ready
11-12 22:47:40.704  7068  7068 E unknown:ReactHost: Unhandled SoftException
11-12 22:47:40.704  7068  7068 E unknown:ReactHost: com.facebook.react.bridge.ReactNoCrashSoftException: raiseSoftException(onWindowFocusChange(hasFocus = "true")): Tried to access onWindowFocusChange while context is not ready
11-12 22:47:40.704  7068  7068 E unknown:ReactHost: 	at com.facebook.react.runtime.ReactHostImpl.raiseSoftException(ReactHostImpl.kt:787)
11-12 22:47:40.704  7068  7068 E unknown:ReactHost: 	at com.facebook.react.runtime.ReactHostImpl.raiseSoftException$default(ReactHostImpl.kt:779)
11-12 22:47:40.704  7068  7068 E unknown:ReactHost: 	at com.facebook.react.runtime.ReactHostImpl.onWindowFocusChange(ReactHostImpl.kt:589)
11-12 22:47:40.704  7068  7068 E unknown:ReactHost: 	at com.facebook.react.ReactDelegate.onWindowFocusChanged(ReactDelegate.kt:217)
11-12 22:47:40.704  7068  7068 E unknown:ReactHost: 	at com.facebook.react.ReactActivityDelegate.onWindowFocusChanged(ReactActivityDelegate.java:236)
11-12 22:47:40.704  7068  7068 E unknown:ReactHost: 	at expo.modules.ReactActivityDelegateWrapper$onWindowFocusChanged$1.invokeSuspend(ReactActivityDelegateWrapper.kt:353)
11-12 22:47:40.704  7068  7068 E unknown:ReactHost: 	at expo.modules.ReactActivityDelegateWrapper$onWindowFocusChanged$1.invoke(Unknown Source:8)
11-12 22:47:40.704  7068  7068 E unknown:ReactHost: 	at expo.modules.ReactActivityDelegateWrapper$onWindowFocusChanged$1.invoke(Unknown Source:4)
11-12 22:47:40.704  7068  7068 E unknown:ReactHost: 	at expo.modules.ReactActivityDelegateWrapper$launchLifecycleScopeWithLock$1.invokeSuspend(ReactActivityDelegateWrapper.kt:485)
11-12 22:47:40.704  7068  7068 E unknown:ReactHost: 	at kotlin.coroutines.jvm.internal.BaseContinuationImpl.resumeWith(ContinuationImpl.kt:33)
11-12 22:47:40.704  7068  7068 E unknown:ReactHost: 	at kotlinx.coroutines.internal.DispatchedContinuationKt.resumeCancellableWith(DispatchedContinuation.kt:359)
11-12 22:47:40.704  7068  7068 E unknown:ReactHost: 	at kotlinx.coroutines.intrinsics.CancellableKt.startCoroutineCancellable(Cancellable.kt:26)
11-12 22:47:40.704  7068  7068 E unknown:ReactHost: 	at kotlinx.coroutines.CoroutineStart.invoke(CoroutineStart.kt:358)
11-12 22:47:40.704  7068  7068 E unknown:ReactHost: 	at kotlinx.coroutines.AbstractCoroutine.start(AbstractCoroutine.kt:124)
11-12 22:47:40.704  7068  7068 E unknown:ReactHost: 	at kotlinx.coroutines.BuildersKt__Builders_commonKt.launch(Builders.common.kt:52)
11-12 22:47:40.704  7068  7068 E unknown:ReactHost: 	at kotlinx.coroutines.BuildersKt.launch(Unknown Source:1)
11-12 22:47:40.704  7068  7068 E unknown:ReactHost: 	at kotlinx.coroutines.BuildersKt__Builders_commonKt.launch$default(Builders.common.kt:43)
11-12 22:47:40.704  7068  7068 E unknown:ReactHost: 	at kotlinx.coroutines.BuildersKt.launch$default(Unknown Source:1)
11-12 22:47:40.704  7068  7068 E unknown:ReactHost: 	at expo.modules.ReactActivityDelegateWrapper.launchLifecycleScopeWithLock(ReactActivityDelegateWrapper.kt:483)
11-12 22:47:40.704  7068  7068 E unknown:ReactHost: 	at expo.modules.ReactActivityDelegateWrapper.launchLifecycleScopeWithLock$default(ReactActivityDelegateWrapper.kt:479)
11-12 22:47:40.704  7068  7068 E unknown:ReactHost: 	at expo.modules.ReactActivityDelegateWrapper.onWindowFocusChanged(ReactActivityDelegateWrapper.kt:351)
11-12 22:47:40.704  7068  7068 E unknown:ReactHost: 	at com.facebook.react.ReactActivity.onWindowFocusChanged(ReactActivity.java:158)
11-12 22:47:40.704  7068  7068 E unknown:ReactHost: 	at androidx.appcompat.view.WindowCallbackWrapper.onWindowFocusChanged(WindowCallbackWrapper.java:124)
11-12 22:47:40.704  7068  7068 E unknown:ReactHost: 	at com.android.internal.policy.DecorView.onWindowFocusChanged(DecorView.java:1818)
11-12 22:47:40.704  7068  7068 E unknown:ReactHost: 	at android.view.View.dispatchWindowFocusChanged(View.java:16952)
11-12 22:47:40.704  7068  7068 E unknown:ReactHost: 	at android.view.ViewGroup.dispatchWindowFocusChanged(ViewGroup.java:1530)
11-12 22:47:40.704  7068  7068 E unknown:ReactHost: 	at android.view.ViewRootImpl.dispatchFocusEvent(ViewRootImpl.java:4872)
11-12 22:47:40.704  7068  7068 E unknown:ReactHost: 	at android.view.ViewRootImpl.handleWindowFocusChanged(ViewRootImpl.java:4776)
11-12 22:47:40.704  7068  7068 E unknown:ReactHost: 	at android.view.ViewRootImpl.-$$Nest$mhandleWindowFocusChanged(Unknown Source:0)
11-12 22:47:40.704  7068  7068 E unknown:ReactHost: 	at android.view.ViewRootImpl$ViewRootHandler.handleMessageImpl(ViewRootImpl.java:7016)
11-12 22:47:40.704  7068  7068 E unknown:ReactHost: 	at android.view.ViewRootImpl$ViewRootHandler.handleMessage(ViewRootImpl.java:6926)
11-12 22:47:40.704  7068  7068 E unknown:ReactHost: 	at android.os.Handler.dispatchMessage(Handler.java:110)
11-12 22:47:40.704  7068  7068 E unknown:ReactHost: 	at android.os.Looper.loopOnce(Looper.java:248)
11-12 22:47:40.704  7068  7068 E unknown:ReactHost: 	at android.os.Looper.loop(Looper.java:338)
11-12 22:47:40.704  7068  7068 E unknown:ReactHost: 	at android.app.ActivityThread.main(ActivityThread.java:9067)
11-12 22:47:40.704  7068  7068 E unknown:ReactHost: 	at java.lang.reflect.Method.invoke(Native Method)
11-12 22:47:40.704  7068  7068 E unknown:ReactHost: 	at com.android.internal.os.RuntimeInit$MethodAndArgsCaller.run(RuntimeInit.java:593)
11-12 22:47:40.704  7068  7068 E unknown:ReactHost: 	at com.android.internal.os.ZygoteInit.main(ZygoteInit.java:932)
11-12 22:47:40.713  7068  7068 D InsetsController: hide(ime(), fromIme=false)
11-12 22:47:40.713  7068  7068 I ImeTracker: com.taxisafr.driver:a4ac886: onCancelled at PHASE_CLIENT_ALREADY_HIDDEN
11-12 22:47:41.072  7068  7073 I taxisafr.driver: Compiler allocated 5111KB to compile void android.view.ViewRootImpl.performTraversals()
11-12 22:47:41.773  7068  7099 W unknown:BridgelessReact: ReactHost{0}.loadJSBundleFromMetro(): Creating BundleLoader
11-12 22:47:41.774  7068  7098 W unknown:BridgelessReact: ReactHost{0}.getOrCreateReactContext(): Creating BridgelessReactContext
11-12 22:47:41.775  7068  7098 W unknown:BridgelessReact: ReactHost{0}.getOrCreateReactInstanceTask(): Creating ReactInstance
11-12 22:47:41.825  7068  7098 D nativeloader: Load /data/app/~~00khNDeN9DQMEFfvxuCOLw==/com.taxisafr.driver-sGzzpG_r7hJOqPB2ebui0Q==/base.apk!/lib/arm64-v8a/libhermes.so using class loader ns clns-9 (caller=/data/app/~~00khNDeN9DQMEFfvxuCOLw==/com.taxisafr.driver-sGzzpG_r7hJOqPB2ebui0Q==/base.apk!classes20.dex): ok
11-12 22:47:41.828  7068  7098 D nativeloader: Load /data/app/~~00khNDeN9DQMEFfvxuCOLw==/com.taxisafr.driver-sGzzpG_r7hJOqPB2ebui0Q==/base.apk!/lib/arm64-v8a/libhermestooling.so using class loader ns clns-9 (caller=/data/app/~~00khNDeN9DQMEFfvxuCOLw==/com.taxisafr.driver-sGzzpG_r7hJOqPB2ebui0Q==/base.apk!classes20.dex): ok
11-12 22:47:41.828  7068  7098 D jni_lib_merge: Entering merged library JNI_OnLoad.
11-12 22:47:41.828  7068  7098 D jni_lib_merge: Preparing 4 pre-merged libs (including stub)
11-12 22:47:41.828  7068  7098 D jni_lib_merge: Preparing to register libhermes_executor_so.  onload_func: 0x6cf07a87e0
11-12 22:47:41.828  7068  7098 D jni_lib_merge: Preparing to register libhermesinstancejni_so.  onload_func: 0x6cf07de26c
11-12 22:47:41.828  7068  7098 D jni_lib_merge: Preparing to register libjsijniprofiler_so.  onload_func: 0x6cf07e02bc
11-12 22:47:41.828  7068  7098 D jni_lib_merge: About to register 3 actual methods.
11-12 22:47:41.983  7068  7098 I ExpoModulesCore: ✅ AppContext was initialized
11-12 22:47:42.055  7068  7098 W unknown:BridgelessReact: ReactHost{0}.getOrCreateReactInstanceTask(): Loading JS Bundle
11-12 22:47:42.055  7068  7098 W unknown:BridgelessReact: ReactHost{0}.getOrCreateReactInstanceTask(): Calling DevSupportManagerBase.onNewReactContextCreated(reactContext)
11-12 22:47:42.057  7068  7098 W unknown:BridgelessReact: ReactHost{0}.startSurface(surfaceId = 0): Execute
11-12 22:47:42.059  7068  7068 W unknown:ReactNative: Packager connection already open, nooping.
11-12 22:47:42.059  7068  7068 W unknown:BridgelessReact: ReactContext.onHostResume()
11-12 22:47:42.063  7068  7068 W unknown:BridgelessReact: ReactHost{0}.getOrCreateReactInstanceTask(): Executing ReactInstanceEventListeners
11-12 22:47:42.288  7068  7121 I taxisafr.driver: AssetManager2(0xb400006ff082c538) locale list changing from [] to [en-US]
11-12 22:47:42.288  7068  7121 I WebViewFactory: Loading com.google.android.webview version 141.0.7390.122 (code 739012233)
11-12 22:47:42.289  7068  7121 I taxisafr.driver: AssetManager2(0xb400006ff0829658) locale list changing from [] to [en-US]
11-12 22:47:42.289  7068  7121 I taxisafr.driver: AssetManager2(0xb400006ff0829978) locale list changing from [] to [en-US]
11-12 22:47:42.291  7068  7121 I taxisafr.driver: AssetManager2(0xb400006ff08286b8) locale list changing from [] to [en-US]
11-12 22:47:42.291  7068  7121 I taxisafr.driver: AssetManager2(0xb400006ff082de38) locale list changing from [] to [en-US]
11-12 22:47:42.292  7068  7121 V ResourcesManager: The following library key has been added: ResourcesKey{ mHash=79e6c8bd mResDir=null mSplitDirs=[] mOverlayDirs=[] mLibDirs=[/data/app/~~I_MkvGJB9qCwyWNk_5Do7w==/com.google.android.webview-B-tzcHRp-8OFTwOwg-KAsA==/base.apk,/data/app/~~4JD4KWc8L8hGCQuJvjvVgQ==/com.google.android.trichromelibrary_739012233-a_FZCUL_I7GiCzTldDUkHg==/base.apk,/system_ext/framework/androidx.window.extensions.jar] mDisplayId=0 mOverrideConfig=v36 mCompatInfo={420dpi always-compat} mLoaders=[]}
11-12 22:47:42.294  7068  7121 W taxisafr.driver: Failed to find entry 'classes.dex': Entry not found
11-12 22:47:42.296  7068  7121 D nativeloader: Configuring clns-10 for other apk /data/app/~~4JD4KWc8L8hGCQuJvjvVgQ==/com.google.android.trichromelibrary_739012233-a_FZCUL_I7GiCzTldDUkHg==/base.apk. target_sdk_version=36, uses_libraries=ALL, library_path=/data/app/~~I_MkvGJB9qCwyWNk_5Do7w==/com.google.android.webview-B-tzcHRp-8OFTwOwg-KAsA==/lib/arm64:/data/app/~~I_MkvGJB9qCwyWNk_5Do7w==/com.google.android.webview-B-tzcHRp-8OFTwOwg-KAsA==/base.apk!/lib/arm64-v8a:/data/app/~~4JD4KWc8L8hGCQuJvjvVgQ==/com.google.android.trichromelibrary_739012233-a_FZCUL_I7GiCzTldDUkHg==/base.apk!/lib/arm64-v8a, permitted_path=/data:/mnt/expand
11-12 22:47:42.297  7068  7121 D ApplicationLoaders: Returning zygote-cached class loader: /system_ext/framework/androidx.window.extensions.jar
11-12 22:47:42.301  7068  7121 W taxisafr.driver: Loading /data/app/~~I_MkvGJB9qCwyWNk_5Do7w==/com.google.android.webview-B-tzcHRp-8OFTwOwg-KAsA==/oat/arm64/base.odex non-executable as it requires an image which we failed to load
11-12 22:47:42.301  7068  7121 D nativeloader: Configuring clns-11 for other apk /data/app/~~I_MkvGJB9qCwyWNk_5Do7w==/com.google.android.webview-B-tzcHRp-8OFTwOwg-KAsA==/base.apk. target_sdk_version=36, uses_libraries=, library_path=/data/app/~~I_MkvGJB9qCwyWNk_5Do7w==/com.google.android.webview-B-tzcHRp-8OFTwOwg-KAsA==/lib/arm64:/data/app/~~I_MkvGJB9qCwyWNk_5Do7w==/com.google.android.webview-B-tzcHRp-8OFTwOwg-KAsA==/base.apk!/lib/arm64-v8a:/data/app/~~4JD4KWc8L8hGCQuJvjvVgQ==/com.google.android.trichromelibrary_739012233-a_FZCUL_I7GiCzTldDUkHg==/base.apk!/lib/arm64-v8a, permitted_path=/data:/mnt/expand
11-12 22:47:42.337  7068  7120 D nativeloader: Load /data/app/~~00khNDeN9DQMEFfvxuCOLw==/com.taxisafr.driver-sGzzpG_r7hJOqPB2ebui0Q==/base.apk!/lib/arm64-v8a/libexpo-modules-core.so using class loader ns clns-9 (caller=/data/app/~~00khNDeN9DQMEFfvxuCOLw==/com.taxisafr.driver-sGzzpG_r7hJOqPB2ebui0Q==/base.apk!classes20.dex): ok
11-12 22:47:42.341  7068  7121 I cr_WVCFactoryProvider: version=141.0.7390.122 (739012233) minSdkVersion=29 multiprocess=true packageId=2 splits=<none>
11-12 22:47:42.346  7068  7121 D nativeloader: Load /data/app/~~4JD4KWc8L8hGCQuJvjvVgQ==/com.google.android.trichromelibrary_739012233-a_FZCUL_I7GiCzTldDUkHg==/base.apk!/lib/arm64-v8a/libmonochrome_64.so using class loader ns clns-11 (caller=/data/app/~~I_MkvGJB9qCwyWNk_5Do7w==/com.google.android.webview-B-tzcHRp-8OFTwOwg-KAsA==/base.apk): ok
11-12 22:47:42.353  7068  7121 D nativeloader: Load /system/lib64/libwebviewchromium_plat_support.so using class loader ns clns-11 (caller=/data/app/~~I_MkvGJB9qCwyWNk_5Do7w==/com.google.android.webview-B-tzcHRp-8OFTwOwg-KAsA==/base.apk): ok
11-12 22:47:42.358  7068  7129 E chromium: [1112/224742.358084:ERROR:android_webview/browser/variations/variations_seed_loader.cc:39] Seed missing signature.
11-12 22:47:42.362  7068  7129 I chromium: [1112/224742.360882:INFO:android_webview/browser/variations/variations_seed_loader.cc:67] Failed to open file for reading.: No such file or directory (2)
11-12 22:47:42.386  7068  7120 W unknown:ViewManagerPropertyUpdater: Could not find generated setter for class com.reactnativekeyboardcontroller.OverKeyboardViewManager
11-12 22:47:42.386  7068  7121 I cr_LibraryLoader: Successfully loaded native library
11-12 22:47:42.389  7068  7120 W unknown:ViewManagerPropertyUpdater: Could not find generated setter for class com.reactnativekeyboardcontroller.views.overlay.OverKeyboardHostShadowNode
11-12 22:47:42.389  7068  7121 I cr_CachingUmaRecorder: Flushed 15 samples from 15 histograms, 0 samples were dropped.
11-12 22:47:42.390  7068  7120 W unknown:ViewManagerPropertyUpdater: Could not find generated setter for class com.rnmaps.maps.MapUrlTileManager
11-12 22:47:42.391  7068  7120 W unknown:ViewManagerPropertyUpdater: Could not find generated setter for class com.facebook.react.uimanager.LayoutShadowNode
11-12 22:47:42.391  7068  7120 W unknown:ViewManagerPropertyUpdater: Could not find generated setter for class com.swmansion.rnscreens.ScreenFooterManager
11-12 22:47:42.392  7068  7120 W unknown:ViewManagerPropertyUpdater: Could not find generated setter for class com.swmansion.rnscreens.gamma.tabs.TabScreenViewManager
11-12 22:47:42.392  7068  7120 W unknown:ViewManagerPropertyUpdater: Could not find generated setter for class com.rnmaps.maps.MapManager
11-12 22:47:42.393  7068  7120 W unknown:ViewManagerPropertyUpdater: Could not find generated setter for class com.swmansion.rnscreens.ScreenContainerViewManager
11-12 22:47:42.394  7068  7120 W unknown:ViewManagerPropertyUpdater: Could not find generated setter for class com.swmansion.rnscreens.gamma.tabs.TabsHostViewManager
11-12 22:47:42.394  7068  7120 W unknown:ViewManagerPropertyUpdater: Could not find generated setter for class com.rnmaps.maps.MapMarkerManager
11-12 22:47:42.395  7068  7120 W unknown:ViewManagerPropertyUpdater: Could not find generated setter for class com.rnmaps.maps.MapLocalTileManager
11-12 22:47:42.395  7068  7120 W unknown:ViewManagerPropertyUpdater: Could not find generated setter for class com.swmansion.rnscreens.ModalScreenViewManager
11-12 22:47:42.396  7068  7120 W unknown:ViewManagerPropertyUpdater: Could not find generated setter for class com.rnmaps.maps.MapPolylineManager
11-12 22:47:42.396  7068  7120 W unknown:ViewManagerPropertyUpdater: Could not find generated setter for class com.rnmaps.maps.MapCircleManager
11-12 22:47:42.397  7068  7120 W unknown:ViewManagerPropertyUpdater: Could not find generated setter for class com.reactnativekeyboardcontroller.KeyboardGestureAreaViewManager
11-12 22:47:42.398  7068  7120 W unknown:ViewManagerPropertyUpdater: Could not find generated setter for class com.th3rdwave.safeareacontext.SafeAreaViewManager
11-12 22:47:42.398  7068  7120 W unknown:ViewManagerPropertyUpdater: Could not find generated setter for class com.th3rdwave.safeareacontext.SafeAreaViewShadowNode
11-12 22:47:42.399  7068  7120 W unknown:ViewManagerPropertyUpdater: Could not find generated setter for class com.swmansion.rnscreens.ScreenViewManager
11-12 22:47:42.399  7068  7120 W unknown:ViewManagerPropertyUpdater: Could not find generated setter for class expo.modules.kotlin.views.GroupViewManagerWrapper
11-12 22:47:42.400  7068  7120 W unknown:ViewManagerPropertyUpdater: Could not find generated setter for class expo.modules.kotlin.views.SimpleViewManagerWrapper
11-12 22:47:42.402  7068  7120 W unknown:ViewManagerPropertyUpdater: Could not find generated setter for class com.swmansion.rnscreens.ScreenStackViewManager
11-12 22:47:42.402  7068  7120 W unknown:ViewManagerPropertyUpdater: Could not find generated setter for class com.rnmaps.maps.MapCalloutManager
11-12 22:47:42.402  7068  7120 W unknown:ViewManagerPropertyUpdater: Could not find generated setter for class com.th3rdwave.safeareacontext.SafeAreaProviderManager
11-12 22:47:42.403  7068  7120 W unknown:ViewManagerPropertyUpdater: Could not find generated setter for class com.swmansion.rnscreens.SearchBarManager
11-12 22:47:42.404  7068  7120 W unknown:ViewManagerPropertyUpdater: Could not find generated setter for class com.rnmaps.maps.MapGradientPolylineManager
11-12 22:47:42.405  7068  7120 W unknown:ViewManagerPropertyUpdater: Could not find generated setter for class com.rnmaps.maps.MapHeatmapManager
11-12 22:47:42.406  7068  7120 W unknown:ViewManagerPropertyUpdater: Could not find generated setter for class com.reactnativekeyboardcontroller.KeyboardControllerViewManager
11-12 22:47:42.406  7068  7120 W unknown:ViewManagerPropertyUpdater: Could not find generated setter for class com.rnmaps.maps.MapWMSTileManager
11-12 22:47:42.407  7068  7120 W unknown:ViewManagerPropertyUpdater: Could not find generated setter for class com.swmansion.rnscreens.ScreenStackHeaderConfigViewManager
11-12 22:47:42.407  7068  7120 W unknown:ViewManagerPropertyUpdater: Could not find generated setter for class com.swmansion.rnscreens.ScreenContentWrapperManager
11-12 22:47:42.407  7068  7120 W unknown:ViewManagerPropertyUpdater: Could not find generated setter for class com.rnmaps.maps.MapPolygonManager
11-12 22:47:42.408  7068  7120 W unknown:ViewManagerPropertyUpdater: Could not find generated setter for class com.swmansion.rnscreens.ScreenStackHeaderSubviewManager
11-12 22:47:42.408  7068  7120 W unknown:ViewManagerPropertyUpdater: Could not find generated setter for class com.reactnativecommunity.picker.ReactDialogPickerManager
11-12 22:47:42.409  7068  7120 W unknown:ViewManagerPropertyUpdater: Could not find generated setter for class com.reactnativecommunity.picker.ReactPickerShadowNode
11-12 22:47:42.409  7068  7120 W unknown:ViewManagerPropertyUpdater: Could not find generated setter for class com.rnmaps.maps.MapOverlayManager
11-12 22:47:42.409  7068  7120 W unknown:ViewManagerPropertyUpdater: Could not find generated setter for class com.reactnativecommunity.picker.ReactDropdownPickerManager
11-12 22:47:42.410  7068  7120 W unknown:ViewManagerPropertyUpdater: Could not find generated setter for class com.reactnativekeyboardcontroller.KeyboardBackgroundViewManager
11-12 22:47:42.495  7068  7120 W unknown:ViewManagerPropertyUpdater: Could not find generated setter for class com.horcrux.svg.RenderableViewManager$FeMergeManager
11-12 22:47:42.496  7068  7120 W unknown:ViewManagerPropertyUpdater: Could not find generated setter for class com.horcrux.svg.VirtualViewManager$RenderableShadowNode
11-12 22:47:42.498  7068  7120 W unknown:ViewManagerPropertyUpdater: Could not find generated setter for class com.facebook.react.views.safeareaview.ReactSafeAreaViewManager
11-12 22:47:42.499  7068  7120 W unknown:ViewManagerPropertyUpdater: Could not find generated setter for class com.facebook.react.views.safeareaview.ReactSafeAreaViewShadowNode
11-12 22:47:42.501  7068  7120 W unknown:ViewManagerPropertyUpdater: Could not find generated setter for class com.horcrux.svg.RenderableViewManager$LinearGradientManager
11-12 22:47:42.504  7068  7120 W unknown:ViewManagerPropertyUpdater: Could not find generated setter for class com.facebook.react.views.progressbar.ReactProgressBarViewManager
11-12 22:47:42.505  7068  7120 W unknown:ViewManagerPropertyUpdater: Could not find generated setter for class com.facebook.react.views.progressbar.ProgressBarShadowNode
11-12 22:47:42.507  7068  7120 W unknown:ViewManagerPropertyUpdater: Could not find generated setter for class com.horcrux.svg.RenderableViewManager$FeColorMatrixManager
11-12 22:47:42.510  7068  7120 W unknown:ViewManagerPropertyUpdater: Could not find generated setter for class com.horcrux.svg.RenderableViewManager$SymbolManager
11-12 22:47:42.513  7068  7120 W unknown:ViewManagerPropertyUpdater: Could not find generated setter for class com.horcrux.svg.RenderableViewManager$PatternManager
11-12 22:47:42.516  7068  7120 W unknown:ViewManagerPropertyUpdater: Could not find generated setter for class com.horcrux.svg.SvgViewManager
11-12 22:47:42.520  7068  7120 W unknown:ViewManagerPropertyUpdater: Could not find generated setter for class com.facebook.react.views.switchview.ReactSwitchManager
11-12 22:47:42.520  7068  7120 W unknown:ViewManagerPropertyUpdater: Could not find generated setter for class com.facebook.react.views.switchview.ReactSwitchShadowNode
11-12 22:47:42.522  7068  7120 W unknown:ViewManagerPropertyUpdater: Could not find generated setter for class com.horcrux.svg.RenderableViewManager$UseViewManager
11-12 22:47:42.525  7068  7120 W unknown:ViewManagerPropertyUpdater: Could not find generated setter for class com.horcrux.svg.RenderableViewManager$TSpanViewManager
11-12 22:47:42.528  7068  7120 W unknown:ViewManagerPropertyUpdater: Could not find generated setter for class com.horcrux.svg.RenderableViewManager$FilterManager
11-12 22:47:42.531  7068  7120 W unknown:ViewManagerPropertyUpdater: Could not find generated setter for class com.horcrux.svg.RenderableViewManager$MarkerManager
11-12 22:47:42.534  7068  7120 W unknown:ViewManagerPropertyUpdater: Could not find generated setter for class com.swmansion.gesturehandler.react.RNGestureHandlerButtonViewManager
11-12 22:47:42.537  7068  7120 W unknown:ViewManagerPropertyUpdater: Could not find generated setter for class com.horcrux.svg.RenderableViewManager$ForeignObjectManager
11-12 22:47:42.539  7068  7120 W unknown:ViewManagerPropertyUpdater: Could not find generated setter for class com.horcrux.svg.RenderableViewManager$GroupViewManager
11-12 22:47:42.542  7068  7120 W unknown:ViewManagerPropertyUpdater: Could not find generated setter for class com.horcrux.svg.RenderableViewManager$TextViewManager
11-12 22:47:42.545  7068  7120 W unknown:ViewManagerPropertyUpdater: Could not find generated setter for class com.horcrux.svg.RenderableViewManager$ImageViewManager
11-12 22:47:42.547  7068  7120 W unknown:ViewManagerPropertyUpdater: Could not find generated setter for class com.horcrux.svg.RenderableViewManager$FeCompositeManager
11-12 22:47:42.549  7068  7120 W unknown:ViewManagerPropertyUpdater: Could not find generated setter for class com.horcrux.svg.RenderableViewManager$RadialGradientManager
11-12 22:47:42.552  7068  7120 W unknown:ViewManagerPropertyUpdater: Could not find generated setter for class com.facebook.react.views.unimplementedview.ReactUnimplementedViewManager
11-12 22:47:42.554  7068  7120 W unknown:ViewManagerPropertyUpdater: Could not find generated setter for class com.horcrux.svg.RenderableViewManager$FeOffsetManager
11-12 22:47:42.556  7068  7120 W unknown:ViewManagerPropertyUpdater: Could not find generated setter for class com.horcrux.svg.RenderableViewManager$PathViewManager
11-12 22:47:42.559  7068  7120 W unknown:ViewManagerPropertyUpdater: Could not find generated setter for class com.facebook.react.views.drawer.ReactDrawerLayoutManager
11-12 22:47:42.563  7068  7120 W unknown:ViewManagerPropertyUpdater: Could not find generated setter for class com.facebook.react.views.textinput.ReactTextInputManager
11-12 22:47:42.563  7068  7120 W unknown:ViewManagerPropertyUpdater: Could not find generated setter for class com.facebook.react.views.textinput.ReactTextInputShadowNode
11-12 22:47:42.566  7068  7120 W unknown:ViewManagerPropertyUpdater: Could not find generated setter for class com.horcrux.svg.RenderableViewManager$DefsViewManager
11-12 22:47:42.569  7068  7120 W unknown:ViewManagerPropertyUpdater: Could not find generated setter for class com.facebook.react.views.debuggingoverlay.DebuggingOverlayManager
11-12 22:47:42.570  7068  7120 W unknown:ViewManagerPropertyUpdater: Could not find generated setter for class com.horcrux.svg.RenderableViewManager$FeGaussianBlurManager
11-12 22:47:42.573  7068  7120 W unknown:ViewManagerPropertyUpdater: Could not find generated setter for class com.facebook.react.views.scroll.ReactHorizontalScrollViewManager
11-12 22:47:42.576  7068  7120 W unknown:ViewManagerPropertyUpdater: Could not find generated setter for class com.facebook.react.views.text.ReactTextViewManager
11-12 22:47:42.577  7068  7120 W unknown:ViewManagerPropertyUpdater: Could not find generated setter for class com.facebook.react.views.text.ReactTextShadowNode
11-12 22:47:42.579  7068  7120 W unknown:ViewManagerPropertyUpdater: Could not find generated setter for class com.facebook.react.views.scroll.ReactHorizontalScrollContainerViewManager
11-12 22:47:42.581  7068  7120 W unknown:ViewManagerPropertyUpdater: Could not find generated setter for class com.horcrux.svg.RenderableViewManager$ClipPathViewManager
11-12 22:47:42.584  7068  7120 W unknown:ViewManagerPropertyUpdater: Could not find generated setter for class com.horcrux.svg.RenderableViewManager$FeBlendManager
11-12 22:47:42.587  7068  7120 W unknown:ViewManagerPropertyUpdater: Could not find generated setter for class com.facebook.react.views.view.ReactViewManager
11-12 22:47:42.589  7068  7120 W unknown:ViewManagerPropertyUpdater: Could not find generated setter for class com.horcrux.svg.RenderableViewManager$CircleViewManager
11-12 22:47:42.591  7068  7120 W unknown:ViewManagerPropertyUpdater: Could not find generated setter for class com.facebook.react.views.modal.ReactModalHostManager
11-12 22:47:42.594  7068  7120 W unknown:ViewManagerPropertyUpdater: Could not find generated setter for class com.horcrux.svg.RenderableViewManager$EllipseViewManager
11-12 22:47:42.596  7068  7120 W unknown:ViewManagerPropertyUpdater: Could not find generated setter for class com.horcrux.svg.RenderableViewManager$LineViewManager
11-12 22:47:42.598  7068  7120 W unknown:ViewManagerPropertyUpdater: Could not find generated setter for class com.facebook.react.views.text.frescosupport.FrescoBasedReactTextInlineImageViewManager
