11-12 23:28:25.434  7068  7068 D Google Android Maps SDK: For capability in capabilities, log:
11-12 23:28:25.434  7068  7068 D Google Android Maps SDK: "AdvancedMarkers: false: Capabilities unavailable without a Map ID."Data-driven styling: false
11-12 23:28:25.441  7068 10570 W m140.few: Destroying egl context
11-12 23:28:25.469  7068  7068 I m140.bfb: Trimming OTHER: SingleLabelPickEntityPool's current size 1 to 0.00000, or 0
11-12 23:28:25.471  7068  7068 W m140.fhf: Shutting down renderer while it's not idle - phase is INVALID
11-12 23:28:25.477  7068  7068 I m140.bfb: Trimming OTHER: VertexBuilders's current size 3 to 0.00000, or 0
11-12 23:28:25.479  7068  7068 I m140.bfb: Trimming OTHER: LabelSourceOp's current size 5 to 0.00000, or 0
11-12 23:28:25.483  7068  7068 I m140.bfb: Trimming OTHER: LoggingOp's current size 23 to 0.00000, or 0
11-12 23:28:25.484  7068  7068 I m140.bfb: Trimming LINE_LABELS's current size 11 to 0.00000, or 0
11-12 23:28:25.484  7068  7068 I m140.bfb: Trimming OTHER: NativeTessellators's current size 1 to 0.00000, or 0
11-12 23:28:25.486  7068  7068 I m140.bfb: Trimming POINTS_LABELS's current size 5 to 0.00000, or 0
11-12 23:28:25.487  7068  7068 E unknown:ViewManager: onDropViewInstance: view [2180] has a context that is not a ThemedReactContext: com.taxisafr.driver.MainActivity@86f83e8
11-12 23:28:25.853  7068  7068 E unknown:ReactNative: Unable to launch logbox because react was unable to create the root view
11-12 23:28:26.377  7068  7068 W WindowOnBackDispatcher: sendCancelIfRunning: isInProgress=false callback=android.view.ViewRootImpl$$ExternalSyntheticLambda13@7c5594e
11-12 23:28:26.468  7068 10132 W unknown:ReactNative: StatusBarModule: Ignored status bar change, current activity is edge-to-edge.
11-12 23:28:26.473  7068  7068 W [RNScreens]: backTitleVisible prop is not available on Android
11-12 23:28:26.473  7068  7068 W [RNScreens]: backTitleFontFamily prop is not available on Android
11-12 23:28:26.473  7068  7068 W [RNScreens]: disableBackButtonMenu prop is not available on Android
11-12 23:28:26.473  7068  7068 W [RNScreens]: largeTitleFontFamily prop is not available on Android
11-12 23:28:26.473  7068  7068 W [RNScreens]: largeTitleFontWeight prop is not available on Android
11-12 23:28:26.473  7068  7068 W [RNScreens]: largeTitleHideShadow prop is not available on Android
11-12 23:28:26.611  7068  7068 W unknown:BridgelessReact: ReactHost{0}.onUserLeaveHint(activity)
11-12 23:28:26.618  7068  7068 W unknown:BridgelessReact: ReactHost{0}.onHostPause(activity)
11-12 23:28:26.629  7068  7068 W unknown:BridgelessReact: ReactContext.onHostPause()
11-12 23:28:27.333  7068  7068 W unknown:BridgelessReact: ReactHost{0}.onHostResume(activity)
11-12 23:28:27.351  7068  7068 W unknown:BridgelessReact: ReactContext.onHostResume()
11-12 23:28:27.507  7068  7068 D InsetsController: hide(ime(), fromIme=false)
11-12 23:28:27.509  7068  7068 I ImeTracker: com.taxisafr.driver:5f3d63a5: onCancelled at PHASE_CLIENT_ALREADY_HIDDEN
11-12 23:28:27.517  7068  7068 W unknown:BridgelessReact: ReactHost{0}.onUserLeaveHint(activity)
11-12 23:28:27.521  7068  7068 W unknown:BridgelessReact: ReactHost{0}.onHostPause(activity)
11-12 23:28:27.526  7068  7068 W unknown:BridgelessReact: ReactContext.onHostPause()
11-12 23:28:27.706  7068  7068 W unknown:BridgelessReact: ReactHost{0}.onHostResume(activity)
11-12 23:28:27.713  7068  7068 W unknown:BridgelessReact: ReactContext.onHostResume()
11-12 23:28:27.760  7068  7068 D InsetsController: hide(ime(), fromIme=false)
11-12 23:28:27.760  7068  7068 I ImeTracker: com.taxisafr.driver:f3496703: onCancelled at PHASE_CLIENT_ALREADY_HIDDEN
11-12 23:28:27.978  7068 10132 W unknown:ReactNative: StatusBarModule: Ignored status bar change, current activity is edge-to-edge.
11-12 23:28:27.992  7068  7068 W [RNScreens]: backTitleVisible prop is not available on Android
11-12 23:28:27.992  7068  7068 W [RNScreens]: backTitleFontFamily prop is not available on Android
11-12 23:28:27.992  7068  7068 W [RNScreens]: disableBackButtonMenu prop is not available on Android
11-12 23:28:27.992  7068  7068 W [RNScreens]: largeTitleFontFamily prop is not available on Android
11-12 23:28:27.992  7068  7068 W [RNScreens]: largeTitleFontWeight prop is not available on Android
11-12 23:28:27.992  7068  7068 W [RNScreens]: largeTitleHideShadow prop is not available on Android
11-12 23:28:27.993  7068  7068 D MapsInitializer: preferredRenderer: LATEST
11-12 23:28:27.993  7068  7068 D AirMapRenderer: LATEST
11-12 23:28:27.995  7068  7068 D MapsInitializer: preferredRenderer: null
11-12 23:28:27.995  7068  7068 D zzcc    : preferredRenderer: null
11-12 23:28:28.010  7068  7068 I Google Android Maps SDK: Google Play services package version: 254232035
11-12 23:28:28.010  7068  7068 I Google Android Maps SDK: Google Play services maps renderer version(maps_core): 253425402
11-12 23:28:28.037  7068  7068 I m140.cgm: FpsProfiler MAIN created on main
11-12 23:28:28.064  7068  7068 I m140.dwd: Map using legacy labeler
11-12 23:28:28.072  7068  7068 I m140.duy: Network fetching: false
11-12 23:28:28.072  7068  7068 I m140.duy: requestDrawingConfig for epoch 758 legend ROADMAP
11-12 23:28:28.078  7068  7068 I m140.duy: Network fetching: true
11-12 23:28:28.082  7068  7068 I m140.epf: Found 47 zoom mappings
11-12 23:28:28.082  7068  7068 I m140.epf: Zoom tables loaded
11-12 23:28:28.090  7068  7068 I m140.duy: requestDrawingConfig for epoch 758 legend ROADMAP
11-12 23:28:28.090  7068  7604 I m140.duy: Network fetching: true
11-12 23:28:28.092  7068  7604 I m140.duy: Network fetching: true
11-12 23:28:28.093  7068  7604 I m140.duy: Network fetching: true
11-12 23:28:28.215  7068 10132 W unknown:ReactNative: StatusBarModule: Ignored status bar change, current activity is edge-to-edge.
11-12 23:28:28.231  7068  7604 W HWUI    : Image decoding logging dropped!
11-12 23:28:28.340  7068  7068 W unknown:BridgelessReact: ReactHost{0}.onUserLeaveHint(activity)
11-12 23:28:28.345  7068  7068 W unknown:BridgelessReact: ReactHost{0}.onHostPause(activity)
11-12 23:28:28.347  7068  7068 W unknown:BridgelessReact: ReactContext.onHostPause()
11-12 23:28:28.524  7068  7068 W unknown:BridgelessReact: ReactHost{0}.onHostResume(activity)
11-12 23:28:28.532  7068  7068 W unknown:BridgelessReact: ReactContext.onHostResume()
11-12 23:28:28.555  7068  7068 W HWUI    : Image decoding logging dropped!
11-12 23:28:28.581  7068  7068 W m140.dqb: ClientArea created with texture coordinates, but has a non-textured style.
11-12 23:28:28.587  7068  7068 W m140.dgi: ScreenPixelGeometryUnpacker int[] getVertices not supported; float-precision would be lost.
11-12 23:28:28.596  7068  7068 W HWUI    : Image decoding logging dropped!
11-12 23:28:28.607  7068  7068 W HWUI    : Image decoding logging dropped!
11-12 23:28:28.609  7068  7068 W HWUI    : Image decoding logging dropped!
11-12 23:28:28.639  7068  7068 D InsetsController: hide(ime(), fromIme=false)
11-12 23:28:28.639  7068  7068 I ImeTracker: com.taxisafr.driver:5489d773: onCancelled at PHASE_CLIENT_ALREADY_HIDDEN
11-12 23:28:28.756  7068 11002 W HWUI    : Image decoding logging dropped!
11-12 23:28:28.774  7068 11002 W HWUI    : Image decoding logging dropped!
11-12 23:28:28.839  7068 11006 I m140.epf: Found 47 zoom mappings
11-12 23:28:28.839  7068 11006 I m140.epf: Zoom tables loaded
11-12 23:28:28.858  7068 11002 W m140.dwl: InternalStyle with id -1 not found in namespace: [GMM-CLIENT-INJECTED-STYLE-NAMESPACE, 1]. Has this style been destroyed?
11-12 23:28:29.089  7068 11003 I m140.cdc: Initial labeling completed.
11-12 23:28:29.134  7068  7074 I taxisafr.driver: Background concurrent mark compact GC freed 21MB AllocSpace bytes, 116(9100KB) LOS objects, 34% free, 45MB/69MB, paused 5.685ms,25.093ms total 859.845ms
11-12 23:28:32.724  7068 10131 I ReactNativeJS: '📍 Current location:', { coords: 
11-12 23:28:32.724  7068 10131 I ReactNativeJS:    { accuracy: 5,
11-12 23:28:32.724  7068 10131 I ReactNativeJS:      longitude: 77.1169517,
11-12 23:28:32.724  7068 10131 I ReactNativeJS:      altitude: 0,
11-12 23:28:32.724  7068 10131 I ReactNativeJS:      heading: 0,
11-12 23:28:32.724  7068 10131 I ReactNativeJS:      latitude: 28.7010783,
11-12 23:28:32.724  7068 10131 I ReactNativeJS:      altitudeAccuracy: 0.5,
11-12 23:28:32.724  7068 10131 I ReactNativeJS:      speed: 0 },
11-12 23:28:32.724  7068 10131 I ReactNativeJS:   mocked: false,
11-12 23:28:32.724  7068 10131 I ReactNativeJS:   timestamp: 1762970312718 }
11-12 23:28:32.724  7068 10131 I ReactNativeJS: ✅ All permissions requested successfully
11-12 23:28:40.667  7068  7068 D MapsInitializer: preferredRenderer: LATEST
11-12 23:28:40.668  7068  7068 D AirMapRenderer: LATEST
11-12 23:28:40.668  7068  7068 D MapsInitializer: preferredRenderer: null
11-12 23:28:40.668  7068  7068 D zzcc    : preferredRenderer: null
11-12 23:28:40.669  7068  7068 I Google Android Maps SDK: Google Play services package version: 254232035
11-12 23:28:40.669  7068  7068 I Google Android Maps SDK: Google Play services maps renderer version(maps_core): 253425402
11-12 23:28:40.675  7068  7068 I m140.cgm: FpsProfiler MAIN created on main
11-12 23:28:40.679  7068  7068 I m140.dwd: Map using legacy labeler
11-12 23:28:40.681  7068  7068 I m140.duy: Network fetching: false
11-12 23:28:40.681  7068  7068 I m140.duy: requestDrawingConfig for epoch 758 legend ROADMAP
11-12 23:28:40.682  7068  7604 I m140.duy: Network fetching: true
11-12 23:28:40.683  7068  7068 I m140.duy: Network fetching: true
11-12 23:28:40.684  7068  7068 I m140.epf: Found 47 zoom mappings
11-12 23:28:40.685  7068  7068 I m140.epf: Zoom tables loaded
11-12 23:28:40.687  7068  7604 I m140.duy: Network fetching: true
11-12 23:28:40.739  7068  7068 W [RNScreens]: backTitleVisible prop is not available on Android
11-12 23:28:40.739  7068  7068 W [RNScreens]: backTitleFontFamily prop is not available on Android
11-12 23:28:40.739  7068  7068 W [RNScreens]: disableBackButtonMenu prop is not available on Android
11-12 23:28:40.739  7068  7068 W [RNScreens]: largeTitleFontFamily prop is not available on Android
11-12 23:28:40.739  7068  7068 W [RNScreens]: largeTitleFontWeight prop is not available on Android
11-12 23:28:40.739  7068  7068 W [RNScreens]: largeTitleHideShadow prop is not available on Android
11-12 23:28:40.741  7068  7604 W HWUI    : Image decoding logging dropped!
11-12 23:28:40.778  7068 10132 W unknown:ReactNative: StatusBarModule: Ignored status bar change, current activity is edge-to-edge.
11-12 23:28:40.824  7068  7068 W HWUI    : Image decoding logging dropped!
11-12 23:28:40.831  7068  7068 W HWUI    : Image decoding logging dropped!
11-12 23:28:40.951  7068 11032 W HWUI    : Image decoding logging dropped!
11-12 23:28:41.011  7068 11036 I m140.epf: Found 47 zoom mappings
11-12 23:28:41.012  7068 11036 I m140.epf: Zoom tables loaded
11-12 23:28:41.017  7068 11036 I m140.epf: Found 47 zoom mappings
11-12 23:28:41.017  7068 11036 I m140.epf: Zoom tables loaded
11-12 23:28:41.284  7068 11002 W m140.few: Destroying egl surface
11-12 23:28:41.344  7068 11033 I m140.cdc: Initial labeling completed.
11-12 23:28:41.586  7068  7068 W HWUI    : Image decoding logging dropped!
11-12 23:28:41.650  7068  7068 W HWUI    : Image decoding logging dropped!
11-12 23:28:41.668  7068  7068 W HWUI    : Image decoding logging dropped!
11-12 23:28:41.669  7068  7068 W HWUI    : Image decoding logging dropped!
11-12 23:28:41.724  7068  7068 W HWUI    : Image decoding logging dropped!
11-12 23:29:01.571  7068 10132 W unknown:ReactNative: StatusBarModule: Ignored status bar change, current activity is edge-to-edge.
11-12 23:29:01.586  7068  7068 D Google Android Maps SDK: For capability in capabilities, log:
11-12 23:29:01.586  7068  7068 D Google Android Maps SDK: "AdvancedMarkers: false: Capabilities unavailable without a Map ID."Data-driven styling: false
11-12 23:29:01.587  7068 11032 W m140.few: Destroying egl surface
11-12 23:29:01.588  7068 11032 W m140.few: Destroying egl context
11-12 23:29:01.593  7068  7068 I m140.bfb: Trimming OTHER: SingleLabelPickEntityPool's current size 2 to 0.00000, or 0
11-12 23:29:01.594  7068  7068 W m140.fhf: Shutting down renderer while it's not idle - phase is INVALID
11-12 23:29:01.595  7068  7068 I m140.bfb: Trimming OTHER: VertexBuilders's current size 1 to 0.00000, or 0
11-12 23:29:01.595  7068  7068 I m140.bfb: Trimming OTHER: LoggingOp's current size 12 to 0.00000, or 0
11-12 23:29:01.596  7068  7068 I m140.bfb: Trimming OTHER: LoggingOp's current size 53 to 0.00000, or 0
11-12 23:29:01.596  7068  7068 I m140.bfb: Trimming POINTS_LABELS's current size 89 to 0.00000, or 0
11-12 23:29:01.596  7068  7068 I m140.bfb: Trimming OTHER: NativeTessellators's current size 1 to 0.00000, or 0
11-12 23:29:01.596  7068  7068 I m140.bfb: Trimming OTHER: LabelSourceOp's current size 5 to 0.00000, or 0
11-12 23:29:01.597  7068  7068 I m140.bfb: Trimming OTHER: LabelSourceOp's current size 3 to 0.00000, or 0
11-12 23:29:01.598  7068  7068 E unknown:ViewManager: onDropViewInstance: view [5848] has a context that is not a ThemedReactContext: com.taxisafr.driver.MainActivity@86f83e8
11-12 23:29:01.628  7068 11002 W m140.few: Destroying egl surface
11-12 23:29:04.184  7068  7068 D MapsInitializer: preferredRenderer: LATEST
11-12 23:29:04.184  7068  7068 D AirMapRenderer: LATEST
11-12 23:29:04.184  7068  7068 D MapsInitializer: preferredRenderer: null
11-12 23:29:04.184  7068  7068 D zzcc    : preferredRenderer: null
11-12 23:29:04.185  7068  7068 I Google Android Maps SDK: Google Play services package version: 254232035
11-12 23:29:04.185  7068  7068 I Google Android Maps SDK: Google Play services maps renderer version(maps_core): 253425402
11-12 23:29:04.188  7068  7068 I m140.cgm: FpsProfiler MAIN created on main
11-12 23:29:04.190  7068  7068 I m140.dwd: Map using legacy labeler
11-12 23:29:04.191  7068  7068 I m140.duy: Network fetching: false
11-12 23:29:04.191  7068  7068 I m140.duy: requestDrawingConfig for epoch 758 legend ROADMAP
11-12 23:29:04.191  7068  7604 I m140.duy: Network fetching: true
11-12 23:29:04.192  7068  7068 I m140.duy: Network fetching: true
11-12 23:29:04.192  7068  7604 I m140.duy: Network fetching: true
11-12 23:29:04.194  7068  7068 I m140.epf: Found 47 zoom mappings
11-12 23:29:04.194  7068  7068 I m140.epf: Zoom tables loaded
11-12 23:29:04.230  7068  7604 W HWUI    : Image decoding logging dropped!
11-12 23:29:04.239  7068  7068 W [RNScreens]: backTitleVisible prop is not available on Android
11-12 23:29:04.240  7068  7068 W [RNScreens]: backTitleFontFamily prop is not available on Android
11-12 23:29:04.240  7068  7068 W [RNScreens]: disableBackButtonMenu prop is not available on Android
11-12 23:29:04.240  7068  7068 W [RNScreens]: largeTitleFontFamily prop is not available on Android
11-12 23:29:04.240  7068  7068 W [RNScreens]: largeTitleFontWeight prop is not available on Android
11-12 23:29:04.240  7068  7068 W [RNScreens]: largeTitleHideShadow prop is not available on Android
11-12 23:29:04.273  7068 10132 W unknown:ReactNative: StatusBarModule: Ignored status bar change, current activity is edge-to-edge.
11-12 23:29:04.307  7068  7068 W HWUI    : Image decoding logging dropped!
11-12 23:29:04.311  7068  7068 W HWUI    : Image decoding logging dropped!
11-12 23:29:04.437  7068 11088 W HWUI    : Image decoding logging dropped!
11-12 23:29:04.457  7068 11089 W HWUI    : Image decoding logging dropped!
11-12 23:29:04.457  7068 11089 W HWUI    : Image decoding logging dropped!
11-12 23:29:04.529  7068 11092 I m140.epf: Found 47 zoom mappings
11-12 23:29:04.529  7068 11092 I m140.epf: Zoom tables loaded
11-12 23:29:04.533  7068 11092 I m140.epf: Found 47 zoom mappings
11-12 23:29:04.534  7068 11092 I m140.epf: Zoom tables loaded
11-12 23:29:04.609  7068 11089 W HWUI    : Image decoding logging dropped!
11-12 23:29:04.615  7068 11089 W HWUI    : Image decoding logging dropped!
11-12 23:29:04.622  7068 11089 W HWUI    : Image decoding logging dropped!
11-12 23:29:04.632  7068 11089 I m140.cdc: Initial labeling completed.
11-12 23:29:04.736  7068  7074 I taxisafr.driver: Background concurrent mark compact GC freed 15MB AllocSpace bytes, 306(17MB) LOS objects, 34% free, 44MB/68MB, paused 1.831ms,5.785ms total 274.944ms
11-12 23:29:04.785  7068 11002 W m140.few: Destroying egl surface
11-12 23:30:45.673  7068  7068 W HWUI    : Image decoding logging dropped!
11-12 23:30:45.674  7068  7068 W HWUI    : Image decoding logging dropped!
11-12 23:30:45.674  7068  7068 W HWUI    : Image decoding logging dropped!
11-12 23:30:45.677  7068  7068 W HWUI    : Image decoding logging dropped!
11-12 23:30:48.329  7068  7068 W HWUI    : Image decoding logging dropped!
11-12 23:30:51.559  7068 10132 W unknown:ReactNative: StatusBarModule: Ignored status bar change, current activity is edge-to-edge.
11-12 23:30:51.577  7068  7068 D Google Android Maps SDK: For capability in capabilities, log:
11-12 23:30:51.577  7068  7068 D Google Android Maps SDK: "AdvancedMarkers: false: Capabilities unavailable without a Map ID."Data-driven styling: false
11-12 23:30:51.578  7068 11088 W m140.few: Destroying egl surface
11-12 23:30:51.579  7068 11088 W m140.few: Destroying egl context
11-12 23:30:51.587  7068  7068 I m140.bfb: Trimming OTHER: SingleLabelPickEntityPool's current size 2 to 0.00000, or 0
11-12 23:30:51.588  7068  7068 W m140.fhf: Shutting down renderer while it's not idle - phase is INVALID
11-12 23:30:51.590  7068  7068 I m140.bfb: Trimming OTHER: VertexBuilders's current size 1 to 0.00000, or 0
11-12 23:30:51.590  7068  7068 I m140.bfb: Trimming OTHER: LabelSourceOp's current size 6 to 0.00000, or 0
11-12 23:30:51.591  7068  7068 I m140.bfb: Trimming LINE_LABELS's current size 6 to 0.00000, or 0
11-12 23:30:51.591  7068  7068 I m140.bfb: Trimming OTHER: NativeTessellators's current size 1 to 0.00000, or 0
11-12 23:30:51.592  7068  7068 I m140.bfb: Trimming OTHER: LoggingOp's current size 28 to 0.00000, or 0
11-12 23:30:51.592  7068  7068 I m140.bfb: Trimming POINTS_LABELS's current size 74 to 0.00000, or 0
11-12 23:30:51.593  7068  7068 E unknown:ViewManager: onDropViewInstance: view [6152] has a context that is not a ThemedReactContext: com.taxisafr.driver.MainActivity@86f83e8
11-12 23:32:18.541  7068  7068 W WindowOnBackDispatcher: sendCancelIfRunning: isInProgress=false callback=android.view.ViewRootImpl$$ExternalSyntheticLambda13@668f4ae
11-12 23:32:20.300  7068  7068 D MapsInitializer: preferredRenderer: LATEST
11-12 23:32:20.300  7068  7068 D AirMapRenderer: LATEST
11-12 23:32:20.301  7068  7068 D MapsInitializer: preferredRenderer: null
11-12 23:32:20.301  7068  7068 D zzcc    : preferredRenderer: null
11-12 23:32:20.309  7068  7068 I Google Android Maps SDK: Google Play services package version: 254232035
11-12 23:32:20.309  7068  7068 I Google Android Maps SDK: Google Play services maps renderer version(maps_core): 253425402
11-12 23:32:20.318  7068  7068 I m140.cgm: FpsProfiler MAIN created on main
11-12 23:32:20.323  7068  7068 I m140.dwd: Map using legacy labeler
11-12 23:32:20.326  7068  7068 I m140.duy: Network fetching: false
11-12 23:32:20.326  7068  7068 I m140.duy: requestDrawingConfig for epoch 758 legend ROADMAP
11-12 23:32:20.329  7068  7604 I m140.duy: Network fetching: true
11-12 23:32:20.335  7068  7068 I m140.duy: Network fetching: true
11-12 23:32:20.336  7068  7604 I m140.duy: Network fetching: true
11-12 23:32:20.339  7068  7068 I m140.epf: Found 47 zoom mappings
11-12 23:32:20.339  7068  7068 I m140.epf: Zoom tables loaded
11-12 23:32:20.467  7068  7068 W [RNScreens]: backTitleVisible prop is not available on Android
11-12 23:32:20.467  7068  7068 W [RNScreens]: backTitleFontFamily prop is not available on Android
11-12 23:32:20.467  7068  7068 W [RNScreens]: disableBackButtonMenu prop is not available on Android
11-12 23:32:20.467  7068  7068 W [RNScreens]: largeTitleFontFamily prop is not available on Android
11-12 23:32:20.467  7068  7068 W [RNScreens]: largeTitleFontWeight prop is not available on Android
11-12 23:32:20.467  7068  7068 W [RNScreens]: largeTitleHideShadow prop is not available on Android
11-12 23:32:20.505  7068 10132 W unknown:ReactNative: StatusBarModule: Ignored status bar change, current activity is edge-to-edge.
11-12 23:32:20.634  7068 11239 I m140.epf: Found 47 zoom mappings
11-12 23:32:20.635  7068 11239 I m140.epf: Zoom tables loaded
11-12 23:32:20.636  7068 11239 I m140.epf: Found 47 zoom mappings
11-12 23:32:20.636  7068 11239 I m140.epf: Zoom tables loaded
11-12 23:32:20.713  7068 11235 W HWUI    : Image decoding logging dropped!
11-12 23:32:21.017  7068 11002 W m140.few: Destroying egl surface
11-12 23:32:21.087  7068  7604 W HWUI    : Image decoding logging dropped!
11-12 23:32:21.157  7068 11236 W HWUI    : Image decoding logging dropped!
11-12 23:32:21.157  7068 11236 W HWUI    : Image decoding logging dropped!
11-12 23:32:21.222  7068 11236 W HWUI    : Image decoding logging dropped!
11-12 23:32:21.223  7068 11236 W HWUI    : Image decoding logging dropped!
11-12 23:32:21.224  7068 11236 W HWUI    : Image decoding logging dropped!
11-12 23:32:21.245  7068  7074 I taxisafr.driver: Background concurrent mark compact GC freed 19MB AllocSpace bytes, 220(11MB) LOS objects, 32% free, 49MB/73MB, paused 2.699ms,5.608ms total 171.129ms
11-12 23:32:21.263  7068 11236 I m140.cdc: Initial labeling completed.
11-12 23:32:40.304  7068  7074 I taxisafr.driver: Background concurrent mark compact GC freed 20MB AllocSpace bytes, 12(240KB) LOS objects, 35% free, 44MB/68MB, paused 507us,4.279ms total 188.776ms
11-12 23:32:54.063  7068  7074 I taxisafr.driver: Background concurrent mark compact GC freed 20MB AllocSpace bytes, 0(0B) LOS objects, 35% free, 44MB/68MB, paused 1.803ms,4.541ms total 589.549ms
11-12 23:33:06.168  7068  7074 I taxisafr.driver: Background concurrent mark compact GC freed 20MB AllocSpace bytes, 0(0B) LOS objects, 35% free, 44MB/68MB, paused 1.531ms,9.857ms total 269.043ms
11-12 23:33:17.959  7068  7074 I taxisafr.driver: Background concurrent mark compact GC freed 20MB AllocSpace bytes, 0(0B) LOS objects, 35% free, 44MB/68MB, paused 1.363ms,14.769ms total 557.728ms
11-12 23:33:31.162  7068  7074 I taxisafr.driver: Background concurrent mark compact GC freed 21MB AllocSpace bytes, 0(0B) LOS objects, 35% free, 44MB/68MB, paused 3.838ms,10.117ms total 455.034ms
11-12 23:33:43.627  7068  7074 I taxisafr.driver: Background concurrent mark compact GC freed 21MB AllocSpace bytes, 0(0B) LOS objects, 35% free, 44MB/68MB, paused 4.312ms,14.640ms total 882.450ms
11-12 23:33:58.899  7068  7074 I taxisafr.driver: Background concurrent mark compact GC freed 21MB AllocSpace bytes, 0(0B) LOS objects, 35% free, 44MB/68MB, paused 2.800ms,6.645ms total 575.923ms
11-12 23:34:04.942  7068  7068 W WindowOnBackDispatcher: sendCancelIfRunning: isInProgress=false callback=android.view.ViewRootImpl$$ExternalSyntheticLambda13@e84368a
11-12 23:34:05.189  7068 11235 W m140.few: Destroying egl surface
11-12 23:34:05.254  7068 10132 W unknown:ReactNative: StatusBarModule: Ignored status bar change, current activity is edge-to-edge.
11-12 23:34:05.263  7068  7068 W HWUI    : Image decoding logging dropped!
11-12 23:34:05.268  7068  7068 W HWUI    : Image decoding logging dropped!
11-12 23:34:05.275  7068  7068 W HWUI    : Image decoding logging dropped!
11-12 23:34:05.290  7068  7068 D Google Android Maps SDK: For capability in capabilities, log:
11-12 23:34:05.290  7068  7068 D Google Android Maps SDK: "AdvancedMarkers: false: Capabilities unavailable without a Map ID."Data-driven styling: false
11-12 23:34:05.291  7068 11235 W m140.few: Destroying egl surface
11-12 23:34:05.292  7068 11235 W m140.few: Destroying egl context
11-12 23:34:05.295  7068  7068 I m140.bfb: Trimming OTHER: SingleLabelPickEntityPool's current size 2 to 0.00000, or 0
11-12 23:34:05.296  7068  7068 W m140.fhf: Shutting down renderer while it's not idle - phase is INVALID
11-12 23:34:05.298  7068  7068 I m140.bfb: Trimming OTHER: VertexBuilders's current size 1 to 0.00000, or 0
11-12 23:34:05.298  7068  7068 I m140.bfb: Trimming OTHER: LoggingOp's current size 122 to 0.00000, or 0
11-12 23:34:05.298  7068  7068 I m140.bfb: Trimming POINTS_LABELS's current size 29 to 0.00000, or 0
11-12 23:34:05.300  7068  7068 I m140.bfb: Trimming OTHER: NativeTessellators's current size 1 to 0.00000, or 0
11-12 23:34:05.301  7068  7068 I m140.bfb: Trimming OTHER: LabelSourceOp's current size 3 to 0.00000, or 0
11-12 23:34:05.301  7068  7068 E unknown:ViewManager: onDropViewInstance: view [6450] has a context that is not a ThemedReactContext: com.taxisafr.driver.MainActivity@86f83e8
11-12 23:34:07.219  7068  7068 D MapsInitializer: preferredRenderer: LATEST
11-12 23:34:07.220  7068  7068 D AirMapRenderer: LATEST
11-12 23:34:07.220  7068  7068 D MapsInitializer: preferredRenderer: null
11-12 23:34:07.220  7068  7068 D zzcc    : preferredRenderer: null
11-12 23:34:07.221  7068  7068 I Google Android Maps SDK: Google Play services package version: 254232035
11-12 23:34:07.221  7068  7068 I Google Android Maps SDK: Google Play services maps renderer version(maps_core): 253425402
11-12 23:34:07.227  7068  7068 I m140.cgm: FpsProfiler MAIN created on main
11-12 23:34:07.230  7068  7068 I m140.dwd: Map using legacy labeler
11-12 23:34:07.232  7068  7068 I m140.duy: Network fetching: false
11-12 23:34:07.233  7068  7068 I m140.duy: requestDrawingConfig for epoch 758 legend ROADMAP
11-12 23:34:07.234  7068  7068 I m140.duy: Network fetching: true
11-12 23:34:07.234  7068  7604 I m140.duy: Network fetching: true
11-12 23:34:07.235  7068  7604 I m140.duy: Network fetching: true
11-12 23:34:07.236  7068  7068 I m140.epf: Found 47 zoom mappings
11-12 23:34:07.236  7068  7068 I m140.epf: Zoom tables loaded
11-12 23:34:07.334  7068  7068 W [RNScreens]: backTitleVisible prop is not available on Android
11-12 23:34:07.334  7068  7068 W [RNScreens]: backTitleFontFamily prop is not available on Android
11-12 23:34:07.334  7068  7068 W [RNScreens]: disableBackButtonMenu prop is not available on Android
11-12 23:34:07.334  7068  7068 W [RNScreens]: largeTitleFontFamily prop is not available on Android
11-12 23:34:07.334  7068  7068 W [RNScreens]: largeTitleFontWeight prop is not available on Android
11-12 23:34:07.334  7068  7068 W [RNScreens]: largeTitleHideShadow prop is not available on Android
11-12 23:34:07.369  7068 10132 W unknown:ReactNative: StatusBarModule: Ignored status bar change, current activity is edge-to-edge.
11-12 23:34:07.502  7068 11331 W HWUI    : Image decoding logging dropped!
11-12 23:34:07.525  7068  7604 W HWUI    : Image decoding logging dropped!
11-12 23:34:07.577  7068 11332 W HWUI    : Image decoding logging dropped!
11-12 23:34:07.577  7068 11332 W HWUI    : Image decoding logging dropped!
11-12 23:34:07.655  7068 11332 W HWUI    : Image decoding logging dropped!
11-12 23:34:07.655  7068 11332 W HWUI    : Image decoding logging dropped!
11-12 23:34:07.655  7068 11332 W HWUI    : Image decoding logging dropped!
11-12 23:34:07.704  7068 11332 I m140.cdc: Initial labeling completed.
11-12 23:34:07.722  7068  7074 I taxisafr.driver: Background concurrent mark compact GC freed 22MB AllocSpace bytes, 224(8856KB) LOS objects, 34% free, 45MB/69MB, paused 815us,2.596ms total 163.097ms
11-12 23:34:07.883  7068 11002 W m140.few: Destroying egl surface
11-12 23:34:10.491  7068 11335 I m140.epf: Found 47 zoom mappings
11-12 23:34:10.491  7068 11335 I m140.epf: Zoom tables loaded
11-12 23:34:10.492  7068 11335 I m140.epf: Found 47 zoom mappings
11-12 23:34:10.492  7068 11335 I m140.epf: Zoom tables loaded
11-12 23:34:26.288  7068  7074 I taxisafr.driver: Background concurrent mark compact GC freed 21MB AllocSpace bytes, 16(320KB) LOS objects, 35% free, 44MB/68MB, paused 556us,3.286ms total 238.456ms
11-12 23:34:34.061  7068 11332 W m140.dwl: InternalStyle with id 2216 not found in namespace: [GMM-CLIENT-INJECTED-STYLE-NAMESPACE, 1]. Has this style been destroyed?
11-12 23:34:34.194  7068 11332 W m140.dwl: InternalStyle with id 2219 not found in namespace: [GMM-CLIENT-INJECTED-STYLE-NAMESPACE, 1]. Has this style been destroyed?
11-12 23:34:35.318  7068  7068 I Choreographer: Skipped 31 frames!  The application may be doing too much work on its main thread.
11-12 23:34:37.066  7068 11332 W m140.dwl: InternalStyle with id 2307 not found in namespace: [GMM-CLIENT-INJECTED-STYLE-NAMESPACE, 1]. Has this style been destroyed?
11-12 23:34:37.071  7068 11332 W m140.dwl: InternalStyle with id 2305 not found in namespace: [GMM-CLIENT-INJECTED-STYLE-NAMESPACE, 1]. Has this style been destroyed?
11-12 23:34:38.806  7068 11332 W m140.dwl: InternalStyle with id 2377 not found in namespace: [GMM-CLIENT-INJECTED-STYLE-NAMESPACE, 1]. Has this style been destroyed?
11-12 23:34:43.424  7068  7074 I taxisafr.driver: Background concurrent mark compact GC freed 20MB AllocSpace bytes, 0(0B) LOS objects, 35% free, 44MB/68MB, paused 612us,3.201ms total 236.422ms
11-12 23:35:05.323  7068  7074 I taxisafr.driver: Background concurrent mark compact GC freed 20MB AllocSpace bytes, 0(0B) LOS objects, 35% free, 44MB/68MB, paused 821us,4.275ms total 179.554ms
11-12 23:35:18.875  7068  7074 I taxisafr.driver: Background concurrent mark compact GC freed 20MB AllocSpace bytes, 0(0B) LOS objects, 35% free, 44MB/68MB, paused 629us,2.586ms total 185.502ms
11-12 23:35:32.378  7068  7074 I taxisafr.driver: Background concurrent mark compact GC freed 20MB AllocSpace bytes, 0(0B) LOS objects, 35% free, 44MB/68MB, paused 366us,5.357ms total 147.093ms
11-12 23:35:43.151  7068  7074 I taxisafr.driver: Background concurrent mark compact GC freed 20MB AllocSpace bytes, 0(0B) LOS objects, 35% free, 44MB/68MB, paused 2.192ms,6.371ms total 173.193ms
11-12 23:35:54.501  7068  7074 I taxisafr.driver: Background concurrent mark compact GC freed 20MB AllocSpace bytes, 0(0B) LOS objects, 35% free, 44MB/68MB, paused 939us,20.135ms total 383.820ms
11-12 23:36:07.244  7068  7074 I taxisafr.driver: Background concurrent mark compact GC freed 21MB AllocSpace bytes, 0(0B) LOS objects, 35% free, 44MB/68MB, paused 1.638ms,4.854ms total 228.496ms
11-12 23:36:20.338  7068  7074 I taxisafr.driver: Background concurrent mark compact GC freed 21MB AllocSpace bytes, 0(0B) LOS objects, 35% free, 44MB/68MB, paused 1.022ms,8.723ms total 1.095s
11-12 23:36:31.385  7068  7074 I taxisafr.driver: Background concurrent mark compact GC freed 21MB AllocSpace bytes, 0(0B) LOS objects, 35% free, 44MB/68MB, paused 447us,1.704ms total 109.074ms
11-12 23:36:42.035  7068  7074 I taxisafr.driver: Background concurrent mark compact GC freed 20MB AllocSpace bytes, 0(0B) LOS objects, 35% free, 44MB/68MB, paused 400us,2.349ms total 100.616ms
11-12 23:37:04.462  7068  7074 I taxisafr.driver: Background concurrent mark compact GC freed 20MB AllocSpace bytes, 0(0B) LOS objects, 35% free, 44MB/68MB, paused 676us,3.248ms total 205.526ms
11-12 23:37:14.074  7068 10132 W unknown:ReactNative: StatusBarModule: Ignored status bar change, current activity is edge-to-edge.
11-12 23:37:14.084  7068  7068 W HWUI    : Image decoding logging dropped!
11-12 23:37:14.091  7068  7068 W HWUI    : Image decoding logging dropped!
11-12 23:37:14.099  7068  7068 W HWUI    : Image decoding logging dropped!
11-12 23:37:14.105  7068 11332 W m140.dwl: InternalStyle with id 15659 not found in namespace: [GMM-CLIENT-INJECTED-STYLE-NAMESPACE, 1]. Has this style been destroyed?
11-12 23:37:14.110  7068  7068 D Google Android Maps SDK: For capability in capabilities, log:
11-12 23:37:14.110  7068  7068 D Google Android Maps SDK: "AdvancedMarkers: false: Capabilities unavailable without a Map ID."Data-driven styling: false
11-12 23:37:14.111  7068 11331 W m140.few: Destroying egl surface
11-12 23:37:14.112  7068 11331 W m140.few: Destroying egl context
11-12 23:37:14.115  7068  7068 I m140.bfb: Trimming OTHER: SingleLabelPickEntityPool's current size 3 to 0.00000, or 0
11-12 23:37:14.117  7068  7068 W m140.fhf: Shutting down renderer while it's not idle - phase is INVALID
11-12 23:37:14.119  7068  7068 I m140.bfb: Trimming OTHER: VertexBuilders's current size 1 to 0.00000, or 0
11-12 23:37:14.120  7068  7068 I m140.bfb: Trimming OTHER: LoggingOp's current size 106 to 0.00000, or 0
11-12 23:37:14.121  7068  7068 I m140.bfb: Trimming OTHER: NativeTessellators's current size 1 to 0.00000, or 0
11-12 23:37:14.121  7068  7068 I m140.bfb: Trimming OTHER: LabelSourceOp's current size 5 to 0.00000, or 0
11-12 23:37:14.122  7068  7068 I m140.bfb: Trimming POINTS_LABELS's current size 29 to 0.00000, or 0
11-12 23:37:14.123  7068  7068 E unknown:ViewManager: onDropViewInstance: view [6912] has a context that is not a ThemedReactContext: com.taxisafr.driver.MainActivity@86f83e8
11-12 23:37:16.000  7068  7068 D MapsInitializer: preferredRenderer: LATEST
11-12 23:37:16.000  7068  7068 D AirMapRenderer: LATEST
11-12 23:37:16.000  7068  7068 D MapsInitializer: preferredRenderer: null
11-12 23:37:16.000  7068  7068 D zzcc    : preferredRenderer: null
11-12 23:37:16.001  7068  7068 I Google Android Maps SDK: Google Play services package version: 254232035
11-12 23:37:16.001  7068  7068 I Google Android Maps SDK: Google Play services maps renderer version(maps_core): 253425402
11-12 23:37:16.006  7068  7068 I m140.cgm: FpsProfiler MAIN created on main
11-12 23:37:16.010  7068  7068 I m140.dwd: Map using legacy labeler
11-12 23:37:16.012  7068  7068 I m140.duy: Network fetching: false
11-12 23:37:16.013  7068  7068 I m140.duy: requestDrawingConfig for epoch 758 legend ROADMAP
11-12 23:37:16.015  7068  7068 I m140.duy: Network fetching: true
11-12 23:37:16.017  7068  7068 I m140.epf: Found 47 zoom mappings
11-12 23:37:16.017  7068  7604 I m140.duy: Network fetching: true
11-12 23:37:16.017  7068  7068 I m140.epf: Zoom tables loaded
11-12 23:37:16.017  7068  7604 I m140.duy: Network fetching: true
11-12 23:37:16.296  7068 11461 I m140.epf: Found 47 zoom mappings
11-12 23:37:16.296  7068 10132 W unknown:ReactNative: StatusBarModule: Ignored status bar change, current activity is edge-to-edge.
11-12 23:37:16.297  7068 11461 I m140.epf: Zoom tables loaded
11-12 23:37:16.299  7068 11461 I m140.epf: Found 47 zoom mappings
11-12 23:37:16.300  7068 11461 I m140.epf: Zoom tables loaded
11-12 23:37:16.304  7068  7068 W [RNScreens]: backTitleVisible prop is not available on Android
11-12 23:37:16.305  7068  7068 W [RNScreens]: backTitleFontFamily prop is not available on Android
11-12 23:37:16.305  7068  7068 W [RNScreens]: disableBackButtonMenu prop is not available on Android
11-12 23:37:16.305  7068  7068 W [RNScreens]: largeTitleFontFamily prop is not available on Android
11-12 23:37:16.305  7068  7068 W [RNScreens]: largeTitleFontWeight prop is not available on Android
11-12 23:37:16.305  7068  7068 W [RNScreens]: largeTitleHideShadow prop is not available on Android
11-12 23:37:16.504  7068 11457 W HWUI    : Image decoding logging dropped!
11-12 23:37:16.519  7068  7604 W HWUI    : Image decoding logging dropped!
11-12 23:37:16.736  7068 11458 W HWUI    : Image decoding logging dropped!
11-12 23:37:16.738  7068 11458 W HWUI    : Image decoding logging dropped!
11-12 23:37:16.800  7068 11458 W HWUI    : Image decoding logging dropped!
11-12 23:37:16.802  7068 11458 W HWUI    : Image decoding logging dropped!
11-12 23:37:16.806  7068 11458 W HWUI    : Image decoding logging dropped!
11-12 23:37:16.880  7068 11002 W m140.few: Destroying egl surface
11-12 23:37:16.916  7068 11458 I m140.cdc: Initial labeling completed.
11-12 23:37:17.029  7068  7074 I taxisafr.driver: Background concurrent mark compact GC freed 26MB AllocSpace bytes, 169(7516KB) LOS objects, 32% free, 50MB/74MB, paused 1.742ms,6.682ms total 560.084ms
11-12 23:37:30.464  7068  7074 I taxisafr.driver: Background concurrent mark compact GC freed 23MB AllocSpace bytes, 52(5720KB) LOS objects, 34% free, 45MB/69MB, paused 1.176ms,7.442ms total 259.579ms
11-12 23:37:42.807  7068  7074 I taxisafr.driver: Background concurrent mark compact GC freed 21MB AllocSpace bytes, 12(240KB) LOS objects, 34% free, 45MB/69MB, paused 778us,11.961ms total 175.268ms
11-12 23:37:54.002  7068  7074 I taxisafr.driver: Background concurrent mark compact GC freed 20MB AllocSpace bytes, 0(0B) LOS objects, 34% free, 45MB/69MB, paused 859us,6.447ms total 258.771ms
11-12 23:38:02.506  7068  7068 W WindowOnBackDispatcher: sendCancelIfRunning: isInProgress=false callback=android.view.ViewRootImpl$$ExternalSyntheticLambda13@14e85b8
11-12 23:38:03.087  7068  7068 W HWUI    : Image decoding logging dropped!
11-12 23:38:03.093  7068  7068 W HWUI    : Image decoding logging dropped!
11-12 23:38:03.098  7068  7068 W HWUI    : Image decoding logging dropped!
11-12 23:38:03.108  7068 11458 W m140.dwl: InternalStyle with id 3713 not found in namespace: [GMM-CLIENT-INJECTED-STYLE-NAMESPACE, 1]. Has this style been destroyed?
11-12 23:38:03.110  7068  7068 W HWUI    : Image decoding logging dropped!
11-12 23:38:03.116  7068  7068 W HWUI    : Image decoding logging dropped!
11-12 23:38:03.122  7068  7068 W HWUI    : Image decoding logging dropped!
11-12 23:38:03.132  7068 11458 W m140.dwl: InternalStyle with id 3729 not found in namespace: [GMM-CLIENT-INJECTED-STYLE-NAMESPACE, 1]. Has this style been destroyed?
11-12 23:38:03.133  7068  7068 W unknown:ReactNative: Unsupported type for radius property: Null
11-12 23:38:03.163  7068 11457 W m140.few: Destroying egl surface
11-12 23:38:04.048  7068  7074 I taxisafr.driver: Background concurrent mark compact GC freed 26MB AllocSpace bytes, 77(5568KB) LOS objects, 31% free, 53MB/77MB, paused 1.982ms,5.781ms total 505.671ms
11-12 23:38:08.135  7068 10132 W unknown:ReactNative: StatusBarModule: Ignored status bar change, current activity is edge-to-edge.
11-12 23:38:08.151  7068  7068 W HWUI    : Image decoding logging dropped!
11-12 23:38:08.155  7068  7068 W HWUI    : Image decoding logging dropped!
11-12 23:38:08.159  7068  7068 W HWUI    : Image decoding logging dropped!
11-12 23:38:08.164  7068 11458 W m140.dwl: InternalStyle with id 4149 not found in namespace: [GMM-CLIENT-INJECTED-STYLE-NAMESPACE, 1]. Has this style been destroyed?
11-12 23:38:08.167  7068  7068 D Google Android Maps SDK: For capability in capabilities, log:
11-12 23:38:08.167  7068  7068 D Google Android Maps SDK: "AdvancedMarkers: false: Capabilities unavailable without a Map ID."Data-driven styling: false
11-12 23:38:08.168  7068 11457 W m140.few: Destroying egl surface
11-12 23:38:08.169  7068 11457 W m140.few: Destroying egl context
11-12 23:38:08.170  7068  7068 I m140.bfb: Trimming OTHER: SingleLabelPickEntityPool's current size 6 to 0.00000, or 0
11-12 23:38:08.171  7068  7068 W m140.fhf: Shutting down renderer while it's not idle - phase is INVALID
11-12 23:38:08.171  7068  7068 I m140.bfb: Trimming OTHER: LabelSourceOp's current size 2 to 0.00000, or 0
11-12 23:38:08.172  7068  7068 I m140.bfb: Trimming OTHER: VertexBuilders's current size 2 to 0.00000, or 0
11-12 23:38:08.173  7068  7068 I m140.bfb: Trimming OTHER: NativeTessellators's current size 1 to 0.00000, or 0
11-12 23:38:08.174  7068  7068 I m140.bfb: Trimming POINTS_LABELS's current size 37 to 0.00000, or 0
11-12 23:38:08.175  7068  7068 I m140.bfb: Trimming OTHER: LoggingOp's current size 276 to 0.00000, or 0
11-12 23:38:08.175  7068  7068 E unknown:ViewManager: onDropViewInstance: view [7566] has a context that is not a ThemedReactContext: com.taxisafr.driver.MainActivity@86f83e8
11-12 23:38:08.955  7068  7068 D MapsInitializer: preferredRenderer: LATEST
11-12 23:38:08.955  7068  7068 D AirMapRenderer: LATEST
11-12 23:38:08.956  7068  7068 D MapsInitializer: preferredRenderer: null
11-12 23:38:08.956  7068  7068 D zzcc    : preferredRenderer: null
11-12 23:38:08.956  7068  7068 I Google Android Maps SDK: Google Play services package version: 254232035
11-12 23:38:08.956  7068  7068 I Google Android Maps SDK: Google Play services maps renderer version(maps_core): 253425402
11-12 23:38:08.964  7068  7068 I m140.cgm: FpsProfiler MAIN created on main
11-12 23:38:08.966  7068  7068 I m140.dwd: Map using legacy labeler
11-12 23:38:08.967  7068  7068 I m140.duy: Network fetching: false
11-12 23:38:08.968  7068  7068 I m140.duy: requestDrawingConfig for epoch 758 legend ROADMAP
11-12 23:38:08.969  7068  7068 I m140.duy: Network fetching: true
11-12 23:38:08.969  7068  7604 I m140.duy: Network fetching: true
11-12 23:38:08.970  7068  7604 I m140.duy: Network fetching: true
11-12 23:38:08.970  7068  7068 I m140.epf: Found 47 zoom mappings
11-12 23:38:08.970  7068  7068 I m140.epf: Zoom tables loaded
11-12 23:38:09.035  7068 10132 W unknown:ReactNative: StatusBarModule: Ignored status bar change, current activity is edge-to-edge.
11-12 23:38:09.043  7068  7068 W [RNScreens]: backTitleVisible prop is not available on Android
11-12 23:38:09.043  7068  7068 W [RNScreens]: backTitleFontFamily prop is not available on Android
11-12 23:38:09.043  7068  7068 W [RNScreens]: disableBackButtonMenu prop is not available on Android
11-12 23:38:09.043  7068  7068 W [RNScreens]: largeTitleFontFamily prop is not available on Android
11-12 23:38:09.043  7068  7068 W [RNScreens]: largeTitleFontWeight prop is not available on Android
11-12 23:38:09.043  7068  7068 W [RNScreens]: largeTitleHideShadow prop is not available on Android
11-12 23:38:09.154  7068 11525 W HWUI    : Image decoding logging dropped!
11-12 23:38:09.161  7068  7604 W HWUI    : Image decoding logging dropped!
11-12 23:38:09.214  7068 11526 W HWUI    : Image decoding logging dropped!
11-12 23:38:09.215  7068 11526 W HWUI    : Image decoding logging dropped!
11-12 23:38:09.215  7068 11526 W HWUI    : Image decoding logging dropped!
11-12 23:38:09.227  7068 11526 W HWUI    : Image decoding logging dropped!
11-12 23:38:09.227  7068 11526 W HWUI    : Image decoding logging dropped!
11-12 23:38:09.289  7068 11526 I m140.cdc: Initial labeling completed.
11-12 23:38:09.355  7068  7074 I taxisafr.driver: Background concurrent mark compact GC freed 19MB AllocSpace bytes, 223(13MB) LOS objects, 32% free, 50MB/74MB, paused 757us,3.677ms total 118.239ms
11-12 23:38:09.515  7068 11529 I m140.epf: Found 47 zoom mappings
11-12 23:38:09.515  7068 11529 I m140.epf: Zoom tables loaded
11-12 23:38:09.517  7068 11529 I m140.epf: Found 47 zoom mappings
11-12 23:38:09.517  7068 11529 I m140.epf: Zoom tables loaded
11-12 23:38:09.537  7068 11002 W m140.few: Destroying egl surface
11-12 23:38:19.928  7068  7074 I taxisafr.driver: Background concurrent mark compact GC freed 22MB AllocSpace bytes, 65(4888KB) LOS objects, 33% free, 46MB/70MB, paused 442us,2.365ms total 113.350ms
11-12 23:38:25.237  7068  7579 I PhenotypeProcessReaper: Memory state is: 100
11-12 23:38:30.731  7068  7074 I taxisafr.driver: Background concurrent mark compact GC freed 19MB AllocSpace bytes, 8(160KB) LOS objects, 33% free, 46MB/70MB, paused 433us,3.398ms total 134.786ms
11-12 23:38:38.867  7068  7068 W WindowOnBackDispatcher: sendCancelIfRunning: isInProgress=false callback=android.view.ViewRootImpl$$ExternalSyntheticLambda13@6212ba1
11-12 23:38:52.733  7068  7074 I taxisafr.driver: Background concurrent mark compact GC freed 19MB AllocSpace bytes, 0(0B) LOS objects, 33% free, 46MB/70MB, paused 692us,2.974ms total 104.355ms
11-12 23:39:06.239  7068  7068 W WindowOnBackDispatcher: sendCancelIfRunning: isInProgress=false callback=android.view.ViewRootImpl$$ExternalSyntheticLambda13@8cfd1f6
11-12 23:39:14.607  7068  7074 I taxisafr.driver: Background concurrent mark compact GC freed 19MB AllocSpace bytes, 2(120KB) LOS objects, 33% free, 47MB/71MB, paused 559us,2.643ms total 147.548ms
11-12 23:39:25.759  7068  7074 I taxisafr.driver: Background concurrent mark compact GC freed 19MB AllocSpace bytes, 0(0B) LOS objects, 33% free, 46MB/70MB, paused 563us,2.855ms total 184.594ms
11-12 23:39:28.241  7068 10132 W unknown:ReactNative: StatusBarModule: Ignored status bar change, current activity is edge-to-edge.
11-12 23:39:28.252  7068  7068 W HWUI    : Image decoding logging dropped!
11-12 23:39:28.256  7068  7068 W HWUI    : Image decoding logging dropped!
11-12 23:39:28.262  7068  7068 W HWUI    : Image decoding logging dropped!
11-12 23:39:28.268  7068 11526 W m140.dwl: InternalStyle with id 7273 not found in namespace: [GMM-CLIENT-INJECTED-STYLE-NAMESPACE, 1]. Has this style been destroyed?
11-12 23:39:28.269  7068 11526 W m140.dwl: InternalStyle with id 7279 not found in namespace: [GMM-CLIENT-INJECTED-STYLE-NAMESPACE, 1]. Has this style been destroyed?
11-12 23:39:28.272  7068  7068 D Google Android Maps SDK: For capability in capabilities, log:
11-12 23:39:28.272  7068  7068 D Google Android Maps SDK: "AdvancedMarkers: false: Capabilities unavailable without a Map ID."Data-driven styling: false
11-12 23:39:28.273  7068 11525 W m140.few: Destroying egl surface
11-12 23:39:28.274  7068 11525 W m140.few: Destroying egl context
11-12 23:39:28.276  7068  7068 I m140.bfb: Trimming OTHER: SingleLabelPickEntityPool's current size 3 to 0.00000, or 0
11-12 23:39:28.276  7068  7068 W m140.fhf: Shutting down renderer while it's not idle - phase is INVALID
11-12 23:39:28.277  7068  7068 I m140.bfb: Trimming OTHER: VertexBuilders's current size 1 to 0.00000, or 0
11-12 23:39:28.278  7068  7068 I m140.bfb: Trimming OTHER: LabelSourceOp's current size 5 to 0.00000, or 0
11-12 23:39:28.280  7068  7068 I m140.bfb: Trimming OTHER: NativeTessellators's current size 1 to 0.00000, or 0
11-12 23:39:28.281  7068  7068 I m140.bfb: Trimming OTHER: LoggingOp's current size 86 to 0.00000, or 0
11-12 23:39:28.281  7068  7068 I m140.bfb: Trimming POINTS_LABELS's current size 26 to 0.00000, or 0
11-12 23:39:28.282  7068  7068 E unknown:ViewManager: onDropViewInstance: view [8224] has a context that is not a ThemedReactContext: com.taxisafr.driver.MainActivity@86f83e8
11-12 23:39:29.217  7068  7068 D MapsInitializer: preferredRenderer: LATEST
11-12 23:39:29.217  7068  7068 D AirMapRenderer: LATEST
11-12 23:39:29.217  7068  7068 D MapsInitializer: preferredRenderer: null
11-12 23:39:29.218  7068  7068 D zzcc    : preferredRenderer: null
11-12 23:39:29.219  7068  7068 I Google Android Maps SDK: Google Play services package version: 254232035
11-12 23:39:29.219  7068  7068 I Google Android Maps SDK: Google Play services maps renderer version(maps_core): 253425402
11-12 23:39:29.223  7068  7068 I m140.cgm: FpsProfiler MAIN created on main
11-12 23:39:29.226  7068  7068 I m140.dwd: Map using legacy labeler
11-12 23:39:29.228  7068  7068 I m140.duy: Network fetching: false
11-12 23:39:29.228  7068  7068 I m140.duy: requestDrawingConfig for epoch 758 legend ROADMAP
11-12 23:39:29.229  7068  7604 I m140.duy: Network fetching: true
11-12 23:39:29.230  7068  7068 I m140.duy: Network fetching: true
11-12 23:39:29.231  7068  7604 I m140.duy: Network fetching: true
11-12 23:39:29.232  7068  7068 I m140.epf: Found 47 zoom mappings
11-12 23:39:29.232  7068  7068 I m140.epf: Zoom tables loaded
11-12 23:39:29.273  7068  7068 W [RNScreens]: backTitleVisible prop is not available on Android
11-12 23:39:29.273  7068  7068 W [RNScreens]: backTitleFontFamily prop is not available on Android
11-12 23:39:29.273  7068  7068 W [RNScreens]: disableBackButtonMenu prop is not available on Android
11-12 23:39:29.273  7068  7068 W [RNScreens]: largeTitleFontFamily prop is not available on Android
11-12 23:39:29.273  7068  7068 W [RNScreens]: largeTitleFontWeight prop is not available on Android
11-12 23:39:29.273  7068  7068 W [RNScreens]: largeTitleHideShadow prop is not available on Android
11-12 23:39:29.298  7068 10132 W unknown:ReactNative: StatusBarModule: Ignored status bar change, current activity is edge-to-edge.
11-12 23:39:29.413  7068 11586 W HWUI    : Image decoding logging dropped!
11-12 23:39:29.416  7068  7604 W HWUI    : Image decoding logging dropped!
11-12 23:39:29.483  7068 11587 W HWUI    : Image decoding logging dropped!
11-12 23:39:29.484  7068 11587 W HWUI    : Image decoding logging dropped!
11-12 23:39:29.506  7068 11590 I m140.epf: Found 47 zoom mappings
11-12 23:39:29.506  7068 11590 I m140.epf: Zoom tables loaded
11-12 23:39:29.507  7068 11590 I m140.epf: Found 47 zoom mappings
11-12 23:39:29.507  7068 11590 I m140.epf: Zoom tables loaded
11-12 23:39:29.511  7068 11587 W HWUI    : Image decoding logging dropped!
11-12 23:39:29.511  7068 11587 W HWUI    : Image decoding logging dropped!
11-12 23:39:29.512  7068 11587 W HWUI    : Image decoding logging dropped!
11-12 23:39:29.514  7068 11587 I m140.cdc: Initial labeling completed.
11-12 23:39:29.621  7068  7074 I taxisafr.driver: Background concurrent mark compact GC freed 17MB AllocSpace bytes, 199(10MB) LOS objects, 31% free, 52MB/76MB, paused 668us,2.880ms total 119.798ms
11-12 23:39:29.801  7068 11002 W m140.few: Destroying egl surface
11-12 23:39:34.637  7068 10132 W unknown:ReactNative: StatusBarModule: Ignored status bar change, current activity is edge-to-edge.
11-12 23:39:34.653  7068  7068 W HWUI    : Image decoding logging dropped!
11-12 23:39:34.657  7068  7068 W HWUI    : Image decoding logging dropped!
11-12 23:39:34.661  7068  7068 W HWUI    : Image decoding logging dropped!
11-12 23:39:34.667  7068 11587 W m140.dwl: InternalStyle with id 469 not found in namespace: [GMM-CLIENT-INJECTED-STYLE-NAMESPACE, 1]. Has this style been destroyed?
11-12 23:39:34.667  7068 11587 W m140.dwl: InternalStyle with id 475 not found in namespace: [GMM-CLIENT-INJECTED-STYLE-NAMESPACE, 1]. Has this style been destroyed?
11-12 23:39:34.673  7068  7068 D Google Android Maps SDK: For capability in capabilities, log:
11-12 23:39:34.673  7068  7068 D Google Android Maps SDK: "AdvancedMarkers: false: Capabilities unavailable without a Map ID."Data-driven styling: false
11-12 23:39:34.674  7068 11586 W m140.few: Destroying egl surface
11-12 23:39:34.675  7068 11586 W m140.few: Destroying egl context
