11-12 22:58:18.350  7068  7120 I ReactNativeJS:            url: 'https://res.cloudinary.com/dqjoc7ajw/image/upload/v1762414395/images/ghd7ayx6ndjwxzrfhtld.jpg' },
11-12 22:58:18.350  7068  7120 I ReactNativeJS:         verified: false,
11-12 22:58:18.350  7068  7120 I ReactNativeJS:         uploaded_at: '2025-11-06T07:33:16.327Z',
11-12 22:58:18.350  7068  7120 I ReactNativeJS:         rejected: false },
11-12 22:58:18.350  7068  7120 I ReactNativeJS:      pan_card: 
11-12 22:58:18.350  7068  7120 I ReactNativeJS:       { document: 
11-12 22:58:18.350  7068  7120 I ReactNativeJS:          { public_id: 'images/uwk8qxxjqxx2asgqhcos',
11-12 22:58:18.350  7068  7120 I ReactNativeJS:            url: 'https://res.cloudinary.com/dqjoc7ajw/image/upload/v1762414435/images/uwk8qxxjqxx2asgqhcos.jpg' },
11-12 22:58:18.350  7068  7120 I ReactNativeJS:         verified: false,
11-12 22:58:18.350  7068  7120 I ReactNativeJS:         uploaded_at: '2025-11-06T07:33:56.699Z' },
11-12 22:58:18.350  7068  7120 I ReactNativeJS:      driving_license: 
11-12 22:58:18.350  7068  7120 I ReactNativeJS:       { license_number: 'DL09876543455654667',
11-12 22:58:18.350  7068  7120 I ReactNativeJS:         expiry_date: '2025-11-19T00:00:00.000Z',
11-12 22:58:18.350  7068  7120 I ReactNativeJS:         document: 
11-12 22:58:18.350  7068  7120 I ReactNativeJS:          { public_id: 'images/nk8fmtyurd9bzip6ieoe',
11-12 22:58:18.350  7068  7120 I ReactNativeJS:            url: 'https://res.cloudinary.com/dqjoc7ajw/image/upload/v1762414436/images/nk8fmtyurd9bzip6ieoe.jpg' },
11-12 22:58:18.350  7068  7120 I ReactNativeJS:         verified: false,
11-12 22:58:18.350  7068  7120 I ReactNativeJS:         uploaded_at: '2025-11-06T07:33:56.699Z' },
11-12 22:58:18.350  7068  7120 I ReactNativeJS:      all_verified: false,
11-12 22:58:18.350  7068  7120 I ReactNativeJS:      createdAt: '2025-11-06T07:33:16.328Z',
11-12 22:58:18.350  7068  7120 I ReactNativeJS:      updatedAt: '2025-11-06T07:33:56.700Z',
11-12 22:58:18.350  7068  7120 I ReactNativeJS:      __v: 0 },
11-12 22:58:18.350  7068  7120 I ReactNativeJS:   current_vehicle_id: 
11-12 22:58:18.350  7068  7120 I ReactNativeJS:    { _id: '690c4fc8b9c92b7a8be4972a',
11-12 22:58:18.350  7068  7120 I ReactNativeJS:      driver_id: '690c4f3cb9c92b7a8be4971a',
11-12 22:58:18.350  7068  7120 I ReactNativeJS:      vehicle_type: 'suv',
11-12 22:58:18.350  7068  7120 I ReactNativeJS:      vehicle_number: 'DL09AB1232',
11-12 22:58:18.350  7068  7120 I ReactNativeJS:      vehicle_brand: 'Hyundai',
11-12 22:58:18.350  7068  7120 I ReactNativeJS:      registration_certificate: 
11-12 22:58:18.350  7068  7120 I ReactNativeJS:       { register_date: '2020-11-06T00:00:00.000Z',
11-12 22:58:18.350  7068  7120 I ReactNativeJS:         expiry_date: '2026-03-20T00:00:00.000Z',
11-12 22:58:18.350  7068  7120 I ReactNativeJS:         documentFront: 
11-12 22:58:18.350  7068  7120 I ReactNativeJS:          { public_id: 'images/weub0xh5x0a0opqw1rsv',
11-12 22:58:18.350  7068  7120 I ReactNativeJS:            url: 'https://res.cloudinary.com/dqjoc7ajw/image/upload/v1762414532/images/weub0xh5x0a0opqw1rsv.jpg' },
11-12 22:58:18.350  7068  7120 I ReactNativeJS:         documentBack: 
11-12 22:58:18.350  7068  7120 I ReactNativeJS:          { public_id: 'images/nouk2aoqqknrrc07szet',
11-12 22:58:18.350  7068  7120 I ReactNativeJS:            url: 'https://res.cloudinary.com/dqjoc7ajw/image/upload/v1762414533/images/nouk2aoqqknrrc07szet.jpg' },
11-12 22:58:18.350  7068  7120 I ReactNativeJS:         verified: false },
11-12 22:58:18.350  7068  7120 I ReactNativeJS:      insurance: 
11-12 22:58:18.350  7068  7120 I ReactNativeJS:       { expiry_date: '2025-11-29T00:00:00.000Z',
11-12 22:58:18.350  7068  7120 I ReactNativeJS:         document: 
11-12 22:58:18.350  7068  7120 I ReactNativeJS:          { public_id: 'images/fjtqbwfwlbmfjd9uxbrz',
11-12 22:58:18.350  7068  7120 I ReactNativeJS:            url: 'https://res.cloudinary.com/dqjoc7ajw/image/upload/v1762414534/images/fjtqbwfwlbmfjd9uxbrz.jpg' },
11-12 22:58:18.350  7068  7120 I ReactNativeJS:         verified: false },
11-12 22:58:18.350  7068  7120 I ReactNativeJS:      permit: 
11-12 22:58:18.350  7068  7120 I ReactNativeJS:       { expiry_date: '2026-03-28T00:00:00.000Z',
11-12 22:58:18.350  7068  7120 I ReactNativeJS:         document: 
11-12 22:58:18.350  7068  7120 I ReactNativeJS:          { public_id: 'images/pbht8mpbamv0e4982ytu',
11-12 22:58:18.350  7068  7120 I ReactNativeJS:            url: 'https://res.cloudinary.com/dqjoc7ajw/image/upload/v1762414535/images/pbht8mpbamv0e4982ytu.jpg' } },
11-12 22:58:18.350  7068  7120 I ReactNativeJS:      is_active: false,
11-12 22:58:18.350  7068  7120 I ReactNativeJS:      createdAt: '2025-11-06T07:35:36.479Z',
11-12 22:58:18.350  7068  7120 I ReactNativeJS:      updatedAt: '2025-11-06T07:35:36.479Z',
11-12 22:58:18.350  7068  7120 I ReactNativeJS:      __v: 0 },
11-12 22:58:18.350  7068  7120 I ReactNativeJS:   BankDetails: 
11-12 22:58:18.350  7068  7120 I ReactNativeJS:    { _id: '690c500eb9c92b7a8be49732',
11-12 22:58:18.350  7068  7120 I ReactNativeJS:      driver_id: '690c4f3cb9c92b7a8be4971a',
11-12 22:58:18.350  7068  7120 I ReactNativeJS:      bank_name: 'Punjab National Bank (PNB)',
11-12 22:58:18.350  7068  7120 I ReactNativeJS:      account_number: '9090909090',
11-12 22:58:18.350  7068  7120 I ReactNativeJS:      ifsc_code: 'KKBK0012345',
11-12 22:58:18.350  7068  7120 I ReactNativeJS:      branch_name: 'rohini',
11-12 22:58:18.350  7068  7120 I ReactNativeJS:      account_holder_name: 'kotak',
11-12 22:58:18.350  7068  7120 I ReactNativeJS:      verified: false,
11-12 22:58:18.350  7068  7120 I ReactNativeJS:      createdAt: '2025-11-06T07:36:46.238Z',
11-12 22:58:18.350  7068  7120 I ReactNativeJS:      updatedAt: '2025-11-06T07:36:46.238Z',
11-12 22:58:18.350  7068  7120 I ReactNativeJS:      __v: 0 },
11-12 22:58:18.350  7068  7120 I ReactNativeJS:   loginOtp: null,
11-12 22:58:18.350  7068  7120 I ReactNativeJS:   loginOtpExpiry: null,
11-12 22:58:18.350  7068  7120 I ReactNativeJS:   current_location: { type: 'Point', coordinates: [ 77.1169517, 28.7010783 ] },
11-12 22:58:18.350  7068  7120 I ReactNativeJS:   lastLocationUpdate: '2025-11-12T17:20:30.355Z' }
11-12 22:58:18.361  7068  7121 W unknown:ReactNative: StatusBarModule: Ignored status bar change, current activity is edge-to-edge.
11-12 22:58:25.120  7068  7579 I PhenotypeProcessReaper: Memory state is: 100
11-12 22:58:26.717  7068  7068 W WindowOnBackDispatcher: sendCancelIfRunning: isInProgress=false callback=android.view.ViewRootImpl$$ExternalSyntheticLambda13@fa94372
11-12 22:58:26.777  7068  7121 W unknown:ReactNative: StatusBarModule: Ignored status bar change, current activity is edge-to-edge.
11-12 22:58:26.948  7068  7121 W unknown:ReactNative: StatusBarModule: Ignored status bar change, current activity is edge-to-edge.
11-12 23:03:46.938  7068  7068 W WindowOnBackDispatcher: sendCancelIfRunning: isInProgress=false callback=android.view.ViewRootImpl$$ExternalSyntheticLambda13@b2b7e7a
11-12 23:03:47.211  7068  7121 W unknown:ReactNative: StatusBarModule: Ignored status bar change, current activity is edge-to-edge.
11-12 23:03:47.266  7068  7157 D nativeloader: Load /data/app/~~00khNDeN9DQMEFfvxuCOLw==/com.taxisafr.driver-sGzzpG_r7hJOqPB2ebui0Q==/base.apk!/lib/arm64-v8a/libnative-imagetranscoder.so using class loader ns clns-9 (caller=/data/app/~~00khNDeN9DQMEFfvxuCOLw==/com.taxisafr.driver-sGzzpG_r7hJOqPB2ebui0Q==/base.apk!classes20.dex): ok
11-12 23:03:47.277  7068  7153 W HWUI    : Image decoding logging dropped!
11-12 23:03:47.441  7068  7068 W WindowOnBackDispatcher: sendCancelIfRunning: isInProgress=false callback=android.view.ViewRootImpl$$ExternalSyntheticLambda13@ede56b0
11-12 23:03:48.136  7068  7121 W unknown:ReactNative: StatusBarModule: Ignored status bar change, current activity is edge-to-edge.
11-12 23:03:59.991  7068  7120 E ReactNativeJS: 'The action \'NAVIGATE\' with payload {"name":"ProfileDetails","params":{"driver":{"_id":"690c4f3cb9c92b7a8be4971a","driver_name":"Anish jha","driver_contact_number":"7217619794","driver_email":"anishjha896@gail.com","driver_dob":"2000-11-06T00:00:00.000Z","driver_gender":"other","referral_id_applied":null,"profile_photo":{"url":"https://res.cloudinary.com/dqjoc7ajw/image/upload/v1762414394/images/hlt1qrluzsmnlhkdcmvb.jpg","public_id":"images/hlt1qrluzsmnlhkdcmvb"},"is_online":true,"is_on_ride":false,"account_status":"active","average_rating":1,"total_rides":0,"completed_rides":0,"fcm_token":"crVN3VmQSpeLZUDP6BvkqL:APA91bHleTupdHuK67hVORkYwvwahcMQjK9ahU1-D1yOlWgAytujO3EXB82wBQgvMXxPsXWT9zuaxLoXvtRk0XU-OpMMiIVOmioWGp2SwFg463RbLm7priM","device_id":"6ff64fe4b243afda","fcm_updated_at":"2025-11-06T07:33:16.278Z","aadhar_otp":null,"aadhar_verified":true,"currentRadius":30,"steps_complete":2,"createdAt":"2025-11-06T07:33:16.284Z","updatedAt":"2025-11-12T17:20:30.391Z","__v":0,"document_id":{"_id":"690c4f3cb9c92b7a8be4971c","driver_id":"690c4f3cb9c92b7a8be4971a","aadhar_card":{"document_number":"878787878777","document":{"public_id":"images/ghd7ayx6ndjwxzrfhtld","url":"https://res.cloudinary.com/dqjoc7ajw/image/upload/v1762414395/images/ghd7ayx6ndjwxzrfhtld.jpg"},"verified":false,"uploaded_at":"2025-11-06T07:33:16.327Z","rejected":false},"pan_card":{"document":{"public_id":"images/uwk8qxxjqxx2asgqhcos","url":"https://res.cloudinary.com/dqjoc7ajw/image/upload/v1762414435/images/uwk8qxxjqxx2asgqhcos.jpg"},"verified":false,"uploaded_at":"2025-11-06T07:33:56.699Z"},"driving_license":{"license_number":"DL09876543455654667","expiry_date":"2025-11-19T00:00:00.000Z","document":{"public_id":"images/nk8fmtyurd9bzip6ieoe","url":"https://res.cloudinary.com/dqjoc7ajw/image/upload/v1762414436/images/nk8fmtyurd9bzip6ieoe.jpg"},"verified":false,"uploaded_at":"2025-11-06T07:33:56.699Z"},"all_verified":false,"createdAt":"2025-11-06T07:33:16.328Z","updatedAt":"2025-11-06T07:33:56.700Z","__v":0},"current_vehicle_id":{"_id":"690c4fc8b9c92b7a8be4972a","driver_id":"690c4f3cb9c92b7a8be4971a","vehicle_type":"suv","vehicle_number":"DL09AB1232","vehicle_brand":"Hyundai","registration_certificate":{"register_date":"2020-11-06T00:00:00.000Z","expiry_date":"2026-03-20T00:00:00.000Z","documentFront":{"public_id":"images/weub0xh5x0a0opqw1rsv","url":"https://res.cloudinary.com/dqjoc7ajw/image/upload/v1762414532/images/weub0xh5x0a0opqw1rsv.jpg"},"documentBack":{"public_id":"images/nouk2aoqqknrrc07szet","url":"https://res.cloudinary.com/dqjoc7ajw/image/upload/v1762414533/images/nouk2aoqqknrrc07szet.jpg"},"verified":false},"insurance":{"expiry_date":"2025-11-29T00:00:00.000Z","document":{"public_id":"images/fjtqbwfwlbmfjd9uxbrz","url":"https://res.cloudinary.com/dqjoc7ajw/image/upload/v1762414534/images/fjtqbwfwlbmfjd9uxbrz.jpg"},"verified":false},"permit":{"expiry_date":"2026-03-28T00:00:00.000Z","document":{"public_id":"images/pbht8mpbamv0e4982ytu","url":"https://res.cloudinary.com/dqjoc7ajw/image/upload/v1762414535/images/pbht8mpbamv0e4982ytu.jpg"}},"is_active":false,"createdAt":"2025-11-06T07:35:36.479Z","updatedAt":"2025-11-06T07:35:36.479Z","__v":0},"BankDetails":{"_id":"690c500eb9c92b7a8be49732","driver_id":"690c4f3cb9c92b7a8be4971a","bank_name":"Punjab National Bank (PNB)","account_number":"9090909090","ifsc_code":"KKBK0012345","branch_name":"rohini","account_holder_name":"kotak","verified":false,"createdAt":"2025-11-06T07:36:46.238Z","updatedAt":"2025-11-06T07:36:46.238Z","__v":0},"loginOtp":null,"loginOtpExpiry":null,"current_location":{"type":"Point","coordinates":[77.1169517,28.7010783]},"lastLocationUpdate":"2025-11-12T17:20:30.355Z"}}} was not handled by any navigator.\n\nDo you have a screen named \'ProfileDetails\'?\n\nIf you\'re trying to navigate to a screen in a nested navigator, see https://reactnavigation.org/docs/nesting-navigators#navigating-to-a-screen-in-a-nested-navigator.\n\nIf you\'re using conditional rendering, navigation will happen automatically and you shouldn\'t navigate manually, see.\n
11-12 23:04:04.914  7068  7120 E ReactNativeJS: 'The action \'NAVIGATE\' with payload {"name":"DocumentDetails","params":{"data":{"_id":"690c4f3cb9c92b7a8be4971c","driver_id":"690c4f3cb9c92b7a8be4971a","aadhar_card":{"document_number":"878787878777","document":{"public_id":"images/ghd7ayx6ndjwxzrfhtld","url":"https://res.cloudinary.com/dqjoc7ajw/image/upload/v1762414395/images/ghd7ayx6ndjwxzrfhtld.jpg"},"verified":false,"uploaded_at":"2025-11-06T07:33:16.327Z","rejected":false},"pan_card":{"document":{"public_id":"images/uwk8qxxjqxx2asgqhcos","url":"https://res.cloudinary.com/dqjoc7ajw/image/upload/v1762414435/images/uwk8qxxjqxx2asgqhcos.jpg"},"verified":false,"uploaded_at":"2025-11-06T07:33:56.699Z"},"driving_license":{"license_number":"DL09876543455654667","expiry_date":"2025-11-19T00:00:00.000Z","document":{"public_id":"images/nk8fmtyurd9bzip6ieoe","url":"https://res.cloudinary.com/dqjoc7ajw/image/upload/v1762414436/images/nk8fmtyurd9bzip6ieoe.jpg"},"verified":false,"uploaded_at":"2025-11-06T07:33:56.699Z"},"all_verified":false,"createdAt":"2025-11-06T07:33:16.328Z","updatedAt":"2025-11-06T07:33:56.700Z","__v":0}}} was not handled by any navigator.\n\nDo you have a screen named \'DocumentDetails\'?\n\nIf you\'re trying to navigate to a screen in a nested navigator, see https://reactnavigation.org/docs/nesting-navigators#navigating-to-a-screen-in-a-nested-navigator.\n\nIf you\'re using conditional rendering, navigation will happen automatically and you shouldn\'t navigate manually, see.\n\nThis is a development-only warning and won\'t be shown in production.', { [Stack] name: 'Stack' }
11-12 23:04:05.685  7068  7120 E ReactNativeJS: 'The action \'NAVIGATE\' with payload {"name":"VehicleDetails","params":{"data":{"_id":"690c4fc8b9c92b7a8be4972a","driver_id":"690c4f3cb9c92b7a8be4971a","vehicle_type":"suv","vehicle_number":"DL09AB1232","vehicle_brand":"Hyundai","registration_certificate":{"register_date":"2020-11-06T00:00:00.000Z","expiry_date":"2026-03-20T00:00:00.000Z","documentFront":{"public_id":"images/weub0xh5x0a0opqw1rsv","url":"https://res.cloudinary.com/dqjoc7ajw/image/upload/v1762414532/images/weub0xh5x0a0opqw1rsv.jpg"},"documentBack":{"public_id":"images/nouk2aoqqknrrc07szet","url":"https://res.cloudinary.com/dqjoc7ajw/image/upload/v1762414533/images/nouk2aoqqknrrc07szet.jpg"},"verified":false},"insurance":{"expiry_date":"2025-11-29T00:00:00.000Z","document":{"public_id":"images/fjtqbwfwlbmfjd9uxbrz","url":"https://res.cloudinary.com/dqjoc7ajw/image/upload/v1762414534/images/fjtqbwfwlbmfjd9uxbrz.jpg"},"verified":false},"permit":{"expiry_date":"2026-03-28T00:00:00.000Z","document":{"public_id":"images/pbht8mpbamv0e4982ytu","url":"https://res.cloudinary.com/dqjoc7ajw/image/upload/v1762414535/images/pbht8mpbamv0e4982ytu.jpg"}},"is_active":false,"createdAt":"2025-11-06T07:35:36.479Z","updatedAt":"2025-11-06T07:35:36.479Z","__v":0}}} was not handled by any navigator.\n\nDo you have a screen named \'VehicleDetails\'?\n\nIf you\'re trying to navigate to a screen in a nested navigator, see https://reactnavigation.org/docs/nesting-navigators#navigating-to-a-screen-in-a-nested-navigator.\n\nIf you\'re using conditional rendering, navigation will happen automatically and you shouldn\'t navigate manually, see.\n\nThis is a development-only warning and won\'t be shown in production.', { [Stack] name: 'Stack' }
11-12 23:04:06.217  7068  7120 E ReactNativeJS: 'The action \'NAVIGATE\' with payload {"name":"BankDetails","params":{"data":{"_id":"690c500eb9c92b7a8be49732","driver_id":"690c4f3cb9c92b7a8be4971a","bank_name":"Punjab National Bank (PNB)","account_number":"9090909090","ifsc_code":"KKBK0012345","branch_name":"rohini","account_holder_name":"kotak","verified":false,"createdAt":"2025-11-06T07:36:46.238Z","updatedAt":"2025-11-06T07:36:46.238Z","__v":0}}} was not handled by any navigator.\n\nDo you have a screen named \'BankDetails\'?\n\nIf you\'re trying to navigate to a screen in a nested navigator, see https://reactnavigation.org/docs/nesting-navigators#navigating-to-a-screen-in-a-nested-navigator.\n\nIf you\'re using conditional rendering, navigation will happen automatically and you shouldn\'t navigate manually, see.\n\nThis is a development-only warning and won\'t be shown in production.', { [Stack] name: 'Stack' }
11-12 23:06:35.627  7068  7068 W WindowOnBackDispatcher: sendCancelIfRunning: isInProgress=false callback=android.view.ViewRootImpl$$ExternalSyntheticLambda13@a45d973
11-12 23:06:35.803  7068  7121 W unknown:ReactNative: StatusBarModule: Ignored status bar change, current activity is edge-to-edge.
11-12 23:06:36.024  7068  7121 W unknown:ReactNative: StatusBarModule: Ignored status bar change, current activity is edge-to-edge.
11-12 23:06:39.237  7068  7068 W [RNScreens]: backTitleVisible prop is not available on Android
11-12 23:06:39.237  7068  7068 W [RNScreens]: backTitleFontFamily prop is not available on Android
11-12 23:06:39.237  7068  7068 W [RNScreens]: disableBackButtonMenu prop is not available on Android
11-12 23:06:39.237  7068  7068 W [RNScreens]: largeTitleFontFamily prop is not available on Android
11-12 23:06:39.237  7068  7068 W [RNScreens]: largeTitleFontWeight prop is not available on Android
11-12 23:06:39.237  7068  7068 W [RNScreens]: largeTitleHideShadow prop is not available on Android
11-12 23:06:39.282  7068  7068 D MapsInitializer: preferredRenderer: LATEST
11-12 23:06:39.282  7068  7068 D AirMapRenderer: LATEST
11-12 23:06:39.282  7068  7068 D MapsInitializer: preferredRenderer: null
11-12 23:06:39.282  7068  7068 D zzcc    : preferredRenderer: null
11-12 23:06:39.286  7068  7068 I Google Android Maps SDK: Google Play services package version: 254232035
11-12 23:06:39.286  7068  7068 I Google Android Maps SDK: Google Play services maps renderer version(maps_core): 253425402
11-12 23:06:39.301  7068  7068 I m140.cgm: FpsProfiler MAIN created on main
11-12 23:06:39.308  7068  7068 I m140.dwd: Map using legacy labeler
11-12 23:06:39.309  7068  7121 W unknown:ReactNative: StatusBarModule: Ignored status bar change, current activity is edge-to-edge.
11-12 23:06:39.311  7068  7068 I m140.duy: Network fetching: false
11-12 23:06:39.311  7068  7068 I m140.duy: requestDrawingConfig for epoch 758 legend ROADMAP
11-12 23:06:39.313  7068  7604 I m140.duy: Network fetching: true
11-12 23:06:39.314  7068  7068 I m140.duy: Network fetching: true
11-12 23:06:39.315  7068  7604 I m140.duy: Network fetching: true
11-12 23:06:39.316  7068  7068 I m140.epf: Found 47 zoom mappings
11-12 23:06:39.317  7068  7068 I m140.epf: Zoom tables loaded
11-12 23:06:39.511  7068  7121 W unknown:ReactNative: StatusBarModule: Ignored status bar change, current activity is edge-to-edge.
11-12 23:06:39.573  7068  7068 W HWUI    : Image decoding logging dropped!
11-12 23:06:39.593  7068  7068 W m140.dqb: ClientArea created with texture coordinates, but has a non-textured style.
11-12 23:06:39.593  7068  7068 W m140.dgi: ScreenPixelGeometryUnpacker int[] getVertices not supported; float-precision would be lost.
11-12 23:06:39.597  7068  7068 W HWUI    : Image decoding logging dropped!
11-12 23:06:39.633  7068  7604 W HWUI    : Image decoding logging dropped!
11-12 23:06:39.661  7068 10076 W HWUI    : Image decoding logging dropped!
11-12 23:06:39.666  7068 10076 W HWUI    : Image decoding logging dropped!
11-12 23:06:39.789  7068 10076 W m140.dwl: InternalStyle with id -1 not found in namespace: [GMM-CLIENT-INJECTED-STYLE-NAMESPACE, 1]. Has this style been destroyed?
11-12 23:06:39.843  7068 10077 I m140.cdc: Initial labeling completed.
11-12 23:06:39.857  7068 10080 I m140.epf: Found 47 zoom mappings
11-12 23:06:39.858  7068 10080 I m140.epf: Zoom tables loaded
11-12 23:06:39.865  7068 10080 I m140.epf: Found 47 zoom mappings
11-12 23:06:39.866  7068 10080 I m140.epf: Zoom tables loaded
11-12 23:06:39.867  7068  7074 I taxisafr.driver: Background concurrent mark compact GC freed 22MB AllocSpace bytes, 151(7180KB) LOS objects, 41% free, 33MB/57MB, paused 1.034ms,6.420ms total 279.234ms
11-12 23:06:40.506  7068  7068 W [RNScreens]: backTitleVisible prop is not available on Android
11-12 23:06:40.506  7068  7068 W [RNScreens]: backTitleFontFamily prop is not available on Android
11-12 23:06:40.506  7068  7068 W [RNScreens]: disableBackButtonMenu prop is not available on Android
11-12 23:06:40.506  7068  7068 W [RNScreens]: largeTitleFontFamily prop is not available on Android
11-12 23:06:40.506  7068  7068 W [RNScreens]: largeTitleFontWeight prop is not available on Android
11-12 23:06:40.506  7068  7068 W [RNScreens]: largeTitleHideShadow prop is not available on Android
11-12 23:06:40.599  7068  7121 W unknown:ReactNative: StatusBarModule: Ignored status bar change, current activity is edge-to-edge.
11-12 23:06:40.827  7068  7121 W unknown:ReactNative: StatusBarModule: Ignored status bar change, current activity is edge-to-edge.
11-12 23:06:41.100  7068 10076 W m140.few: Destroying egl surface
11-12 23:06:43.489  7068  7068 W WindowOnBackDispatcher: OnBackInvokedCallback is not enabled for the application.
11-12 23:06:43.489  7068  7068 W WindowOnBackDispatcher: Set 'android:enableOnBackInvokedCallback="true"' in the application manifest.
11-12 23:06:43.491  7068  7121 W unknown:ReactNative: StatusBarModule: Ignored status bar change, current activity is edge-to-edge.
11-12 23:06:43.554  7068  7068 D InsetsController: hide(ime(), fromIme=false)
11-12 23:06:43.554  7068  7068 I ImeTracker: com.taxisafr.driver:87046170: onCancelled at PHASE_CLIENT_ALREADY_HIDDEN
11-12 23:06:50.511  7068  7121 W unknown:ReactNative: StatusBarModule: Ignored status bar change, current activity is edge-to-edge.
11-12 23:06:50.516  7068  7068 W WindowOnBackDispatcher: sendCancelIfRunning: isInProgress=false callback=android.view.ViewRootImpl$$ExternalSyntheticLambda13@2e15762
11-12 23:06:50.553  7068  7068 D InsetsController: hide(ime(), fromIme=false)
11-12 23:06:50.553  7068  7068 I ImeTracker: com.taxisafr.driver:154a1526: onCancelled at PHASE_CLIENT_ALREADY_HIDDEN
11-12 23:06:51.669  7068  7121 W unknown:ReactNative: StatusBarModule: Ignored status bar change, current activity is edge-to-edge.
11-12 23:06:51.670  7068  7068 W WindowOnBackDispatcher: OnBackInvokedCallback is not enabled for the application.
11-12 23:06:51.670  7068  7068 W WindowOnBackDispatcher: Set 'android:enableOnBackInvokedCallback="true"' in the application manifest.
11-12 23:06:51.751  7068  7068 D InsetsController: hide(ime(), fromIme=false)
11-12 23:06:51.751  7068  7068 I ImeTracker: com.taxisafr.driver:7bb5d145: onCancelled at PHASE_CLIENT_ALREADY_HIDDEN
11-12 23:06:53.496  7068  7121 W unknown:ReactNative: StatusBarModule: Ignored status bar change, current activity is edge-to-edge.
11-12 23:06:53.499  7068  7068 W WindowOnBackDispatcher: sendCancelIfRunning: isInProgress=false callback=android.view.ViewRootImpl$$ExternalSyntheticLambda13@4ee3622
11-12 23:06:53.536  7068  7068 D InsetsController: hide(ime(), fromIme=false)
11-12 23:06:53.536  7068  7068 I ImeTracker: com.taxisafr.driver:b83e8b35: onCancelled at PHASE_CLIENT_ALREADY_HIDDEN
11-12 23:06:54.573  7068  7068 W WindowOnBackDispatcher: OnBackInvokedCallback is not enabled for the application.
11-12 23:06:54.573  7068  7068 W WindowOnBackDispatcher: Set 'android:enableOnBackInvokedCallback="true"' in the application manifest.
11-12 23:06:54.580  7068  7121 W unknown:ReactNative: StatusBarModule: Ignored status bar change, current activity is edge-to-edge.
11-12 23:06:54.625  7068  7068 D InsetsController: hide(ime(), fromIme=false)
11-12 23:06:54.625  7068  7068 I ImeTracker: com.taxisafr.driver:8410a987: onCancelled at PHASE_CLIENT_ALREADY_HIDDEN
11-12 23:06:57.821  7068  7121 W unknown:ReactNative: StatusBarModule: Ignored status bar change, current activity is edge-to-edge.
11-12 23:06:57.832  7068  7068 W WindowOnBackDispatcher: sendCancelIfRunning: isInProgress=false callback=android.view.ViewRootImpl$$ExternalSyntheticLambda13@2f9c919
11-12 23:06:57.872  7068  7068 D InsetsController: hide(ime(), fromIme=false)
11-12 23:06:57.872  7068  7068 I ImeTracker: com.taxisafr.driver:fb1caf46: onCancelled at PHASE_CLIENT_ALREADY_HIDDEN
11-12 23:07:00.264  7068  7121 W unknown:ReactNative: StatusBarModule: Ignored status bar change, current activity is edge-to-edge.
11-12 23:07:00.268  7068  7068 W WindowOnBackDispatcher: OnBackInvokedCallback is not enabled for the application.
11-12 23:07:00.268  7068  7068 W WindowOnBackDispatcher: Set 'android:enableOnBackInvokedCallback="true"' in the application manifest.
11-12 23:07:00.352  7068  7068 D InsetsController: hide(ime(), fromIme=false)
11-12 23:07:00.352  7068  7068 I ImeTracker: com.taxisafr.driver:65c4387e: onCancelled at PHASE_CLIENT_ALREADY_HIDDEN
11-12 23:07:02.860  7068  7121 W unknown:ReactNative: StatusBarModule: Ignored status bar change, current activity is edge-to-edge.
11-12 23:07:02.865  7068  7068 W WindowOnBackDispatcher: sendCancelIfRunning: isInProgress=false callback=android.view.ViewRootImpl$$ExternalSyntheticLambda13@e32e3d
11-12 23:07:02.902  7068  7068 D InsetsController: hide(ime(), fromIme=false)
11-12 23:07:02.902  7068  7068 I ImeTracker: com.taxisafr.driver:6569690e: onCancelled at PHASE_CLIENT_ALREADY_HIDDEN
11-12 23:07:03.972  7068  7121 W unknown:ReactNative: StatusBarModule: Ignored status bar change, current activity is edge-to-edge.
11-12 23:07:03.974  7068  7068 W WindowOnBackDispatcher: OnBackInvokedCallback is not enabled for the application.
11-12 23:07:03.974  7068  7068 W WindowOnBackDispatcher: Set 'android:enableOnBackInvokedCallback="true"' in the application manifest.
11-12 23:07:04.051  7068  7068 D InsetsController: hide(ime(), fromIme=false)
11-12 23:07:04.051  7068  7068 I ImeTracker: com.taxisafr.driver:6d03fd92: onCancelled at PHASE_CLIENT_ALREADY_HIDDEN
11-12 23:07:05.517  7068  7121 W unknown:ReactNative: StatusBarModule: Ignored status bar change, current activity is edge-to-edge.
11-12 23:07:05.533  7068  7068 W WindowOnBackDispatcher: sendCancelIfRunning: isInProgress=false callback=android.view.ViewRootImpl$$ExternalSyntheticLambda13@6bc861c
11-12 23:07:05.571  7068  7068 D InsetsController: hide(ime(), fromIme=false)
11-12 23:07:05.571  7068  7068 I ImeTracker: com.taxisafr.driver:2aca0dd7: onCancelled at PHASE_CLIENT_ALREADY_HIDDEN
11-12 23:07:06.507  7068  7068 W WindowOnBackDispatcher: OnBackInvokedCallback is not enabled for the application.
11-12 23:07:06.507  7068  7068 W WindowOnBackDispatcher: Set 'android:enableOnBackInvokedCallback="true"' in the application manifest.
11-12 23:07:06.510  7068  7121 W unknown:ReactNative: StatusBarModule: Ignored status bar change, current activity is edge-to-edge.
11-12 23:07:06.601  7068  7068 D InsetsController: hide(ime(), fromIme=false)
11-12 23:07:06.601  7068  7068 I ImeTracker: com.taxisafr.driver:67f7e2c: onCancelled at PHASE_CLIENT_ALREADY_HIDDEN
11-12 23:07:09.098  7068  7121 W unknown:ReactNative: StatusBarModule: Ignored status bar change, current activity is edge-to-edge.
11-12 23:07:09.099  7068  7068 W WindowOnBackDispatcher: sendCancelIfRunning: isInProgress=false callback=android.view.ViewRootImpl$$ExternalSyntheticLambda13@1927b6c
11-12 23:07:09.136  7068  7068 D InsetsController: hide(ime(), fromIme=false)
11-12 23:07:09.136  7068  7068 I ImeTracker: com.taxisafr.driver:ee6f6552: onCancelled at PHASE_CLIENT_ALREADY_HIDDEN
11-12 23:07:12.370  7068  7121 W unknown:ReactNative: StatusBarModule: Ignored status bar change, current activity is edge-to-edge.
11-12 23:07:12.371  7068  7120 I ReactNativeJS: Logged out successfully
11-12 23:07:12.642  7068  7121 W unknown:ReactNative: StatusBarModule: Ignored status bar change, current activity is edge-to-edge.
11-12 23:07:14.033  7068  7120 I ReactNativeJS: Logged out successfully
11-12 23:07:14.034  7068  7121 W unknown:ReactNative: StatusBarModule: Ignored status bar change, current activity is edge-to-edge.
11-12 23:07:14.124  7068  7121 W unknown:ReactNative: StatusBarModule: Ignored status bar change, current activity is edge-to-edge.
11-12 23:07:14.826  7068  7121 W unknown:ReactNative: StatusBarModule: Ignored status bar change, current activity is edge-to-edge.
11-12 23:07:14.826  7068  7120 I ReactNativeJS: Logged out successfully
11-12 23:07:14.935  7068  7121 W unknown:ReactNative: StatusBarModule: Ignored status bar change, current activity is edge-to-edge.
11-12 23:07:15.021  7068  7121 W unknown:ReactNative: StatusBarModule: Ignored status bar change, current activity is edge-to-edge.
11-12 23:07:15.022  7068  7120 I ReactNativeJS: Logged out successfully
11-12 23:07:15.128  7068  7121 W unknown:ReactNative: StatusBarModule: Ignored status bar change, current activity is edge-to-edge.
11-12 23:07:26.404  7068  7098 W unknown:BridgelessReact: ReactHost{0}.getOrCreateReloadTask()
11-12 23:07:26.404  7068  7098 W unknown:BridgelessReact: ReactHost{0}.raiseSoftException(getOrCreateReloadTask()): BridgelessDevSupportManager.handleReloadJS()
11-12 23:07:26.405  7068  7098 E unknown:ReactHost: Unhandled SoftException
11-12 23:07:26.405  7068  7098 E unknown:ReactHost: com.facebook.react.bridge.ReactNoCrashSoftException: raiseSoftException(getOrCreateReloadTask()): BridgelessDevSupportManager.handleReloadJS()
11-12 23:07:26.405  7068  7098 E unknown:ReactHost: 	at com.facebook.react.runtime.ReactHostImpl.raiseSoftException(ReactHostImpl.kt:787)
11-12 23:07:26.405  7068  7098 E unknown:ReactHost: 	at com.facebook.react.runtime.ReactHostImpl.raiseSoftException$default(ReactHostImpl.kt:779)
11-12 23:07:26.405  7068  7098 E unknown:ReactHost: 	at com.facebook.react.runtime.ReactHostImpl.getOrCreateReloadTask(ReactHostImpl.kt:1169)
11-12 23:07:26.405  7068  7098 E unknown:ReactHost: 	at com.facebook.react.runtime.ReactHostImpl.reload$lambda$7(ReactHostImpl.kt:374)
11-12 23:07:26.405  7068  7098 E unknown:ReactHost: 	at com.facebook.react.runtime.ReactHostImpl.$r8$lambda$GojbfAZ9Zd8e_RImDRCRdgNgynE(Unknown Source:0)
11-12 23:07:26.405  7068  7098 E unknown:ReactHost: 	at com.facebook.react.runtime.ReactHostImpl$$ExternalSyntheticLambda0.call(D8$$SyntheticClass:0)
11-12 23:07:26.405  7068  7098 E unknown:ReactHost: 	at com.facebook.react.runtime.internal.bolts.Task$Companion.call$lambda$2(Task.kt:315)
11-12 23:07:26.405  7068  7098 E unknown:ReactHost: 	at com.facebook.react.runtime.internal.bolts.Task$Companion.$r8$lambda$MFqd_-X5KhHmu0hvNE2Bec_4mJM(Unknown Source:0)
11-12 23:07:26.405  7068  7098 E unknown:ReactHost: 	at com.facebook.react.runtime.internal.bolts.Task$Companion$$ExternalSyntheticLambda1.run(D8$$SyntheticClass:0)
11-12 23:07:26.405  7068  7098 E unknown:ReactHost: 	at java.util.concurrent.ThreadPoolExecutor.runWorker(ThreadPoolExecutor.java:1156)
11-12 23:07:26.405  7068  7098 E unknown:ReactHost: 	at java.util.concurrent.ThreadPoolExecutor$Worker.run(ThreadPoolExecutor.java:651)
11-12 23:07:26.405  7068  7098 E unknown:ReactHost: 	at java.lang.Thread.run(Thread.java:1119)
11-12 23:07:26.405  7068  7098 W unknown:BridgelessReact: ReactHost{0}.getOrCreateReloadTask(): Resetting createReactInstance task ref
11-12 23:07:26.406  7068  7068 W unknown:BridgelessReact: ReactHost{0}.getOrCreateReloadTask(): Starting React Native reload
11-12 23:07:26.410  7068  7068 W unknown:BridgelessReact: ReactHost{0}.getOrCreateReloadTask(): Calling ReactContext.onHostPause()
11-12 23:07:26.413  7068  7068 W unknown:BridgelessReact: ReactHost{0}.raiseSoftException(callWithExistingReactInstance(callFunctionOnModule("RCTDeviceEventEmitter", "emit"))): Execute: reactInstance is null. Dropping work.
11-12 23:07:26.414  7068  7068 E unknown:ReactHost: Unhandled SoftException
11-12 23:07:26.414  7068  7068 E unknown:ReactHost: com.facebook.react.bridge.ReactNoCrashSoftException: raiseSoftException(callWithExistingReactInstance(callFunctionOnModule("RCTDeviceEventEmitter", "emit"))): Execute: reactInstance is null. Dropping work.
11-12 23:07:26.414  7068  7068 E unknown:ReactHost: 	at com.facebook.react.runtime.ReactHostImpl.raiseSoftException(ReactHostImpl.kt:787)
11-12 23:07:26.414  7068  7068 E unknown:ReactHost: 	at com.facebook.react.runtime.ReactHostImpl.raiseSoftException$default(ReactHostImpl.kt:779)
11-12 23:07:26.414  7068  7068 E unknown:ReactHost: 	at com.facebook.react.runtime.ReactHostImpl.callWithExistingReactInstance$lambda$28(ReactHostImpl.kt:802)
11-12 23:07:26.414  7068  7068 E unknown:ReactHost: 	at com.facebook.react.runtime.ReactHostImpl.$r8$lambda$6NreFt2BcPly8g6qrNV9Z1C-YmU(Unknown Source:0)
11-12 23:07:26.414  7068  7068 E unknown:ReactHost: 	at com.facebook.react.runtime.ReactHostImpl$$ExternalSyntheticLambda31.then(D8$$SyntheticClass:0)
11-12 23:07:26.414  7068  7068 E unknown:ReactHost: 	at com.facebook.react.runtime.internal.bolts.Task$Companion.completeImmediately$lambda$3(Task.kt:356)
11-12 23:07:26.414  7068  7068 E unknown:ReactHost: 	at com.facebook.react.runtime.internal.bolts.Task$Companion.$r8$lambda$b7MTC0ufkn_2TjF4BGcNqGR9qK0(Unknown Source:0)
11-12 23:07:26.414  7068  7068 E unknown:ReactHost: 	at com.facebook.react.runtime.internal.bolts.Task$Companion$$ExternalSyntheticLambda3.run(D8$$SyntheticClass:0)
11-12 23:07:26.414  7068  7068 E unknown:ReactHost: 	at com.facebook.react.runtime.internal.bolts.Executors$ImmediateExecutor.execute(Executors.kt:41)
11-12 23:07:26.414  7068  7068 E unknown:ReactHost: 	at com.facebook.react.runtime.internal.bolts.Task$Companion.completeImmediately(Task.kt:354)
11-12 23:07:26.414  7068  7068 E unknown:ReactHost: 	at com.facebook.react.runtime.internal.bolts.Task$Companion.access$completeImmediately(Task.kt:250)
11-12 23:07:26.414  7068  7068 E unknown:ReactHost: 	at com.facebook.react.runtime.internal.bolts.Task.continueWith(Task.kt:132)
11-12 23:07:26.414  7068  7068 E unknown:ReactHost: 	at com.facebook.react.runtime.internal.bolts.Task.continueWith$default(Task.kt:117)
11-12 23:07:26.414  7068  7068 E unknown:ReactHost: 	at com.facebook.react.runtime.internal.bolts.Task.onSuccess$lambda$12(Task.kt:174)
11-12 23:07:26.414  7068  7068 E unknown:ReactHost: 	at com.facebook.react.runtime.internal.bolts.Task.$r8$lambda$l0wwo5AvbHxlwfI1R7CH_codxoo(Unknown Source:0)
11-12 23:07:26.414  7068  7068 E unknown:ReactHost: 	at com.facebook.react.runtime.internal.bolts.Task$$ExternalSyntheticLambda2.then(D8$$SyntheticClass:0)
11-12 23:07:26.414  7068  7068 E unknown:ReactHost: 	at com.facebook.react.runtime.internal.bolts.Task$Companion.completeAfterTask$lambda$5(Task.kt:390)
11-12 23:07:26.414  7068  7068 E unknown:ReactHost: 	at com.facebook.react.runtime.internal.bolts.Task$Companion.$r8$lambda$IPpysnehFwANEiW061YzapkMdoE(Unknown Source:0)
11-12 23:07:26.414  7068  7068 E unknown:ReactHost: 	at com.facebook.react.runtime.internal.bolts.Task$Companion$$ExternalSyntheticLambda4.run(D8$$SyntheticClass:0)
11-12 23:07:26.414  7068  7068 E unknown:ReactHost: 	at com.facebook.react.runtime.internal.bolts.Executors$ImmediateExecutor.execute(Executors.kt:41)
11-12 23:07:26.414  7068  7068 E unknown:ReactHost: 	at com.facebook.react.runtime.internal.bolts.Task$Companion.completeAfterTask(Task.kt:388)
11-12 23:07:26.414  7068  7068 E unknown:ReactHost: 	at com.facebook.react.runtime.internal.bolts.Task$Companion.access$completeAfterTask(Task.kt:250)
11-12 23:07:26.414  7068  7068 E unknown:ReactHost: 	at com.facebook.react.runtime.internal.bolts.Task.continueWithTask(Task.kt:156)
11-12 23:07:26.414  7068  7068 E unknown:ReactHost: 	at com.facebook.react.runtime.internal.bolts.Task.onSuccess(Task.kt:169)
11-12 23:07:26.414  7068  7068 E unknown:ReactHost: 	at com.facebook.react.runtime.ReactHostImpl.callWithExistingReactInstance(ReactHostImpl.kt:798)
11-12 23:07:26.414  7068  7068 E unknown:ReactHost: 	at com.facebook.react.runtime.ReactHostImpl.callWithExistingReactInstance$default(ReactHostImpl.kt:791)
11-12 23:07:26.414  7068  7068 E unknown:ReactHost: 	at com.facebook.react.runtime.ReactHostImpl.callFunctionOnModule$ReactAndroid_debug(ReactHostImpl.kt:687)
11-12 23:07:26.414  7068  7068 E unknown:ReactHost: 	at com.facebook.react.runtime.BridgelessReactContext.emitDeviceEvent(BridgelessReactContext.kt:134)
11-12 23:07:26.414  7068  7068 E unknown:ReactHost: 	at com.facebook.react.modules.appstate.AppStateModule.sendEvent(AppStateModule.kt:71)
11-12 23:07:26.414  7068  7068 E unknown:ReactHost: 	at com.facebook.react.modules.appstate.AppStateModule.sendAppStateChangeEvent(AppStateModule.kt:75)
11-12 23:07:26.414  7068  7068 E unknown:ReactHost: 	at com.facebook.react.modules.appstate.AppStateModule.onHostPause(AppStateModule.kt:48)
11-12 23:07:26.414  7068  7068 E unknown:ReactHost: 	at com.facebook.react.bridge.ReactContext.onHostPause(ReactContext.java:302)
11-12 23:07:26.414  7068  7068 E unknown:ReactHost: 	at com.facebook.react.runtime.ReactHostImpl.getOrCreateReloadTask$lambda$48(ReactHostImpl.kt:1196)
11-12 23:07:26.414  7068  7068 E unknown:ReactHost: 	at com.facebook.react.runtime.ReactHostImpl.$r8$lambda$n_Y6aPKLobKy995EhenWeF-aRv4(Unknown Source:0)
11-12 23:07:26.414  7068  7068 E unknown:ReactHost: 	at com.facebook.react.runtime.ReactHostImpl$$ExternalSyntheticLambda8.then(D8$$SyntheticClass:0)
11-12 23:07:26.414  7068  7068 E unknown:ReactHost: 	at com.facebook.react.runtime.internal.bolts.Task$Companion.completeAfterTask$lambda$5(Task.kt:390)
11-12 23:07:26.414  7068  7068 E unknown:ReactHost: 	at com.facebook.react.runtime.internal.bolts.Task$Companion.$r8$lambda$IPpysnehFwANEiW061YzapkMdoE(Unknown Source:0)
11-12 23:07:26.414  7068  7068 E unknown:ReactHost: 	at com.facebook.react.runtime.internal.bolts.Task$Companion$$ExternalSyntheticLambda4.run(D8$$SyntheticClass:0)
11-12 23:07:26.414  7068  7068 E unknown:ReactHost: 	at android.os.Handler.handleCallback(Handler.java:995)
11-12 23:07:26.414  7068  7068 E unknown:ReactHost: 	at android.os.Handler.dispatchMessage(Handler.java:103)
11-12 23:07:26.414  7068  7068 E unknown:ReactHost: 	at android.os.Looper.loopOnce(Looper.java:248)
11-12 23:07:26.414  7068  7068 E unknown:ReactHost: 	at android.os.Looper.loop(Looper.java:338)
11-12 23:07:26.414  7068  7068 E unknown:ReactHost: 	at android.app.ActivityThread.main(ActivityThread.java:9067)
11-12 23:07:26.414  7068  7068 E unknown:ReactHost: 	at java.lang.reflect.Method.invoke(Native Method)
11-12 23:07:26.414  7068  7068 E unknown:ReactHost: 	at com.android.internal.os.RuntimeInit$MethodAndArgsCaller.run(RuntimeInit.java:593)
11-12 23:07:26.414  7068  7068 E unknown:ReactHost: 	at com.android.internal.os.ZygoteInit.main(ZygoteInit.java:932)
11-12 23:07:26.419  7068  7098 W unknown:BridgelessReact: ReactHost{0}.getOrCreateReloadTask(): Stopping all React Native surfaces
11-12 23:07:26.421  7068  7098 E unknown:SurfaceMountingManager: Stopping surface [11]
11-12 23:07:26.422  7068  7068 E unknown:SurfaceMountingManager: Surface [11] was stopped on SurfaceMountingManager.
11-12 23:07:26.429  7068  7098 E unknown:SurfaceMountingManager: Stopping surface [1]
11-12 23:07:26.437  7068  7068 D Google Android Maps SDK: For capability in capabilities, log:
11-12 23:07:26.437  7068  7068 D Google Android Maps SDK: "AdvancedMarkers: false: Capabilities unavailable without a Map ID."Data-driven styling: false
11-12 23:07:26.442  7068  7068 W m140.fhf: Shutting down renderer while it's not idle - phase is INVALID
11-12 23:07:26.443  7068  7068 I m140.bfb: Trimming OTHER: VertexBuilders's current size 2 to 0.00000, or 0
11-12 23:07:26.445  7068  7068 I m140.bfb: Trimming OTHER: LabelSourceOp's current size 3 to 0.00000, or 0
11-12 23:07:26.446  7068  7068 I m140.bfb: Trimming OTHER: LoggingOp's current size 10 to 0.00000, or 0
11-12 23:07:26.446  7068  7068 I m140.bfb: Trimming OTHER: NativeTessellators's current size 1 to 0.00000, or 0
11-12 23:07:26.447  7068  7068 I m140.bfb: Trimming OTHER: LabelSourceOp's current size 2 to 0.00000, or 0
11-12 23:07:26.450  7068  7068 E unknown:ViewManager: onDropViewInstance: view [5636] has a context that is not a ThemedReactContext: com.taxisafr.driver.MainActivity@86f83e8
11-12 23:07:26.452  7068  7068 D Google Android Maps SDK: For capability in capabilities, log:
11-12 23:07:26.452  7068  7068 D Google Android Maps SDK: "AdvancedMarkers: false: Capabilities unavailable without a Map ID."Data-driven styling: false
11-12 23:07:26.454  7068 10076 W m140.few: Destroying egl context
11-12 23:07:26.463  7068  7068 W m140.fhf: Shutting down renderer while it's not idle - phase is INVALID
11-12 23:07:26.468  7068  7068 I m140.bfb: Trimming LINE_LABELS's current size 11 to 0.00000, or 0
11-12 23:07:26.469  7068  7068 I m140.bfb: Trimming POINTS_LABELS's current size 5 to 0.00000, or 0
11-12 23:07:26.471  7068  7068 E unknown:ViewManager: onDropViewInstance: view [6896] has a context that is not a ThemedReactContext: com.taxisafr.driver.MainActivity@86f83e8
11-12 23:07:26.473  7068  7068 E unknown:SurfaceMountingManager: Surface [1] was stopped on SurfaceMountingManager.
11-12 23:07:26.489  7068  7068 W unknown:BridgelessReact: ReactHost{0}.getOrCreateReloadTask(): Removing memory pressure listener
11-12 23:07:26.489  7068  7068 W unknown:BridgelessReact: ReactHost{0}.getOrCreateReloadTask(): Resetting ReactContext ref
11-12 23:07:26.489  7068  7068 W unknown:BridgelessReact: ReactHost{0}.getOrCreateReloadTask(): Destroying ReactContext
11-12 23:07:26.489  7068  7068 W unknown:BridgelessReact: ReactHost{0}.getOrCreateReloadTask(): Calling DevSupportManager.onReactInstanceDestroyed(reactContext)
11-12 23:07:26.489  7068  7068 W unknown:ReactNative: Packager connection already open, nooping.
11-12 23:07:26.544  7068  7121 W unknown:ReactNative: StatusBarModule: Ignored status bar change, current activity is edge-to-edge.
11-12 23:07:26.565  7068  7121 D LocationUpdateModule: Location service stopped
11-12 23:07:26.566  7068  7121 D LocationUpdateModule: Location service stopped
11-12 23:07:26.568  7068  7120 I ReactNativeJS: ✅ Location tracking stopped successfully
11-12 23:07:26.568  7068  7120 I ReactNativeJS: ✅ Location tracking stopped successfully
11-12 23:07:26.592  7068  7068 I taxisafr.driver: Explicit concurrent mark compact GC freed 14MB AllocSpace bytes, 117(6524KB) LOS objects, 45% free, 28MB/52MB, paused 548us,4.238ms total 103.119ms
11-12 23:07:26.593  7068  7098 W unknown:BridgelessReact: ReactHost{0}.getOrCreateReloadTask(): Resetting ReactInstance ptr
11-12 23:07:26.593  7068  7098 W unknown:BridgelessReact: ReactHost{0}.getOrCreateReloadTask(): Destroying ReactInstance
11-12 23:07:26.638  7068  7098 I ExpoModulesCore: ✅ ModuleRegistry was destroyed
11-12 23:07:26.649  7068  7098 I ExpoModulesCore: ✅ AppContext was destroyed
11-12 23:07:26.650  7068  7098 I ExpoModulesCore: ✅ KotlinInteropModuleRegistry was destroyed
11-12 23:07:26.676  7068  7098 W unknown:ReactNative: Tried to enqueue runnable on already finished thread: 'v_native... dropping Runnable.
11-12 23:07:26.677  7068  7098 W unknown:ReactNative: Tried to enqueue runnable on already finished thread: 'v_native... dropping Runnable.
11-12 23:07:26.678  7068  7098 E unknown:ReactNative: Tried to remove non-existent frame callback
11-12 23:07:26.690  7068  7098 W unknown:ReactNative: Tried to enqueue runnable on already finished thread: 'v_native... dropping Runnable.
11-12 23:07:26.691  7068  7098 W unknown:ReactNative: Tried to enqueue runnable on already finished thread: 'v_native... dropping Runnable.
11-12 23:07:26.694  7068  7098 W unknown:ReactNative: Tried to enqueue runnable on already finished thread: 'v_native... dropping Runnable.
11-12 23:07:26.695  7068  7098 W unknown:ReactNative: Tried to enqueue runnable on already finished thread: 'v_native... dropping Runnable.
11-12 23:07:26.697  7068  7098 W unknown:ReactNative: Tried to enqueue runnable on already finished thread: 'v_native... dropping Runnable.
11-12 23:07:26.697  7068  7098 W unknown:ReactNative: Tried to enqueue runnable on already finished thread: 'v_native... dropping Runnable.
11-12 23:07:26.697  7068  7098 W unknown:ReactNative: Tried to enqueue runnable on already finished thread: 'v_native... dropping Runnable.
11-12 23:07:26.697  7068  7098 W unknown:ReactNative: Tried to enqueue runnable on already finished thread: 'v_native... dropping Runnable.
11-12 23:07:26.697  7068  7098 W unknown:ReactNative: Tried to enqueue runnable on already finished thread: 'v_native... dropping Runnable.
11-12 23:07:26.697  7068  7098 W unknown:ReactNative: Tried to enqueue runnable on already finished thread: 'v_native... dropping Runnable.
11-12 23:07:26.697  7068  7098 W unknown:ReactNative: Tried to enqueue runnable on already finished thread: 'v_native... dropping Runnable.
11-12 23:07:26.697  7068  7098 W unknown:ReactNative: Tried to enqueue runnable on already finished thread: 'v_native... dropping Runnable.
11-12 23:07:26.698  7068  7098 W unknown:ReactNative: Tried to enqueue runnable on already finished thread: 'v_native... dropping Runnable.
11-12 23:07:26.698  7068  7098 W unknown:ReactNative: Tried to enqueue runnable on already finished thread: 'v_native... dropping Runnable.
11-12 23:07:26.698  7068  7098 W unknown:ReactNative: Tried to enqueue runnable on already finished thread: 'v_native... dropping Runnable.
11-12 23:07:26.698  7068  7098 W unknown:ReactNative: Tried to enqueue runnable on already finished thread: 'v_native... dropping Runnable.
11-12 23:07:26.698  7068  7098 W unknown:ReactNative: Tried to enqueue runnable on already finished thread: 'v_native... dropping Runnable.
11-12 23:07:26.698  7068  7098 W unknown:ReactNative: Tried to enqueue runnable on already finished thread: 'v_native... dropping Runnable.
11-12 23:07:26.718  7068  7098 W unknown:ReactNative: Tried to enqueue runnable on already finished thread: 'v_native... dropping Runnable.
11-12 23:07:26.721  7068  7098 W unknown:ReactNative: Tried to enqueue runnable on already finished thread: 'v_native... dropping Runnable.
11-12 23:07:26.721  7068  7098 W unknown:ReactNative: Tried to enqueue runnable on already finished thread: 'v_native... dropping Runnable.
11-12 23:07:26.722  7068  7098 W unknown:ReactNative: Tried to enqueue runnable on already finished thread: 'v_native... dropping Runnable.
11-12 23:07:26.722  7068  7098 W unknown:ReactNative: Tried to enqueue runnable on already finished thread: 'v_native... dropping Runnable.
11-12 23:07:26.723  7068  7098 W unknown:ReactNative: Tried to enqueue runnable on already finished thread: 'v_native... dropping Runnable.
11-12 23:07:26.724  7068  7098 W unknown:ReactNative: Tried to enqueue runnable on already finished thread: 'v_native... dropping Runnable.
11-12 23:07:26.724  7068  7098 W unknown:ReactNative: Tried to enqueue runnable on already finished thread: 'v_native... dropping Runnable.
11-12 23:07:26.724  7068  7098 W unknown:ReactNative: Tried to enqueue runnable on already finished thread: 'v_native... dropping Runnable.
11-12 23:07:26.724  7068  7098 W unknown:ReactNative: Tried to enqueue runnable on already finished thread: 'v_native... dropping Runnable.
11-12 23:07:26.724  7068  7098 W unknown:ReactNative: Tried to enqueue runnable on already finished thread: 'v_native... dropping Runnable.
11-12 23:07:26.725  7068  7098 W unknown:ReactNative: Tried to enqueue runnable on already finished thread: 'v_native... dropping Runnable.
11-12 23:07:26.725  7068  7098 W unknown:ReactNative: Tried to enqueue runnable on already finished thread: 'v_native... dropping Runnable.
11-12 23:07:26.725  7068  7098 W unknown:ReactNative: Tried to enqueue runnable on already finished thread: 'v_native... dropping Runnable.
11-12 23:07:26.725  7068  7098 W unknown:ReactNative: Tried to enqueue runnable on already finished thread: 'v_native... dropping Runnable.
11-12 23:07:26.725  7068  7098 W unknown:ReactNative: Tried to enqueue runnable on already finished thread: 'v_native... dropping Runnable.
11-12 23:07:26.961  7068  7098 W unknown:BridgelessReact: ReactHost{0}.getOrCreateReloadTask(): Resetting start task ref
11-12 23:07:26.961  7068  7098 W unknown:BridgelessReact: ReactHost{0}.getOrCreateReactInstanceTask()
11-12 23:07:26.961  7068  7098 W unknown:BridgelessReact: ReactHost{0}.getOrCreateReactInstanceTask(): Start
11-12 23:07:26.961  7068  7098 W unknown:BridgelessReact: ReactHost{0}.getJSBundleLoader()
11-12 23:07:26.961  7068  7098 W unknown:BridgelessReact: ReactHost{0}.isMetroRunning()
11-12 23:07:27.046  7068 10128 W unknown:BridgelessReact: ReactHost{0}.isMetroRunning(): Async result = true
11-12 23:07:27.047  7068  7098 W unknown:BridgelessReact: ReactHost{0}.loadJSBundleFromMetro()
11-12 23:07:27.953  7068 10128 W unknown:BridgelessReact: ReactHost{0}.loadJSBundleFromMetro(): Creating BundleLoader
11-12 23:07:27.953  7068  7068 W WindowOnBackDispatcher: sendCancelIfRunning: isInProgress=false callback=android.view.ViewRootImpl$$ExternalSyntheticLambda13@4cc7a85
11-12 23:07:27.953  7068  7098 W unknown:BridgelessReact: ReactHost{0}.getOrCreateReactContext(): Creating BridgelessReactContext
11-12 23:07:27.953  7068  7098 W unknown:BridgelessReact: ReactHost{0}.getOrCreateReactInstanceTask(): Creating ReactInstance
11-12 23:07:27.956  7068  7098 W unknown:ReactNative: Inspector connection already open, nooping.
11-12 23:07:27.989  7068  7098 I ExpoModulesCore: ✅ AppContext was initialized
11-12 23:07:28.053  7068  7098 W unknown:BridgelessReact: ReactHost{0}.getOrCreateReactInstanceTask(): Loading JS Bundle
11-12 23:07:28.053  7068  7098 W unknown:BridgelessReact: ReactHost{0}.getOrCreateReactInstanceTask(): Calling DevSupportManagerBase.onNewReactContextCreated(reactContext)
11-12 23:07:28.054  7068  7068 W unknown:ReactNative: Packager connection already open, nooping.
11-12 23:07:28.054  7068  7068 W unknown:BridgelessReact: ReactContext.onHostResume()
11-12 23:07:28.054  7068  7098 W unknown:BridgelessReact: ReactHost{0}.getOrCreateReloadTask(): Restarting previously running React Native Surfaces
